Archive member included to satisfy reference by file (symbol)

c:/vsarm/armcc/102021~1.10/bin/../lib/gcc/arm-none-eabi/10.3.1/thumb/v6-m/nofp\libgcc.a(_dvmd_tls.o)
                              CMakeFiles/nano_http_client.dir/C_/Users/yoyom/Desktop/Pico/pico-sdk/src/rp2_common/pico_divider/divider_hardware.S.obj (__aeabi_idiv0)
c:/vsarm/armcc/102021~1.10/bin/../lib/gcc/arm-none-eabi/10.3.1/../../../../arm-none-eabi/lib/thumb/v6-m/nofp\libg.a(lib_a-atoi.o)
                              CMakeFiles/nano_http_client.dir/C_/Users/yoyom/Desktop/Pico/pico-sdk/lib/lwip/src/core/netif.c.obj (atoi)
c:/vsarm/armcc/102021~1.10/bin/../lib/gcc/arm-none-eabi/10.3.1/../../../../arm-none-eabi/lib/thumb/v6-m/nofp\libg.a(lib_a-calloc.o)
                              CMakeFiles/nano_http_client.dir/C_/Users/yoyom/Desktop/Pico/pico-sdk/src/rp2_common/pico_malloc/malloc.c.obj (calloc)
c:/vsarm/armcc/102021~1.10/bin/../lib/gcc/arm-none-eabi/10.3.1/../../../../arm-none-eabi/lib/thumb/v6-m/nofp\libg.a(lib_a-callocr.o)
                              c:/vsarm/armcc/102021~1.10/bin/../lib/gcc/arm-none-eabi/10.3.1/../../../../arm-none-eabi/lib/thumb/v6-m/nofp\libg.a(lib_a-calloc.o) (_calloc_r)
c:/vsarm/armcc/102021~1.10/bin/../lib/gcc/arm-none-eabi/10.3.1/../../../../arm-none-eabi/lib/thumb/v6-m/nofp\libg.a(lib_a-ctype_.o)
                              CMakeFiles/nano_http_client.dir/C_/Users/yoyom/Desktop/Pico/pico-sdk/lib/lwip/src/core/dns.c.obj (_ctype_)
c:/vsarm/armcc/102021~1.10/bin/../lib/gcc/arm-none-eabi/10.3.1/../../../../arm-none-eabi/lib/thumb/v6-m/nofp\libg.a(lib_a-errno.o)
                              c:/vsarm/armcc/102021~1.10/bin/../lib/gcc/arm-none-eabi/10.3.1/../../../../arm-none-eabi/lib/thumb/v6-m/nofp\libg.a(lib_a-callocr.o) (__errno)
c:/vsarm/armcc/102021~1.10/bin/../lib/gcc/arm-none-eabi/10.3.1/../../../../arm-none-eabi/lib/thumb/v6-m/nofp\libg.a(lib_a-impure.o)
                              c:/vsarm/armcc/102021~1.10/bin/../lib/gcc/arm-none-eabi/10.3.1/../../../../arm-none-eabi/lib/thumb/v6-m/nofp\libg.a(lib_a-calloc.o) (_impure_ptr)
c:/vsarm/armcc/102021~1.10/bin/../lib/gcc/arm-none-eabi/10.3.1/../../../../arm-none-eabi/lib/thumb/v6-m/nofp\libg.a(lib_a-init.o)
                              c:/vsarm/armcc/102021~1.10/bin/../lib/gcc/arm-none-eabi/10.3.1/../../../../arm-none-eabi/lib/thumb/v6-m/nofp/crt0.o (__libc_init_array)
c:/vsarm/armcc/102021~1.10/bin/../lib/gcc/arm-none-eabi/10.3.1/../../../../arm-none-eabi/lib/thumb/v6-m/nofp\libg.a(lib_a-lcltime_r.o)
                              CMakeFiles/nano_http_client.dir/C_/Users/yoyom/Desktop/Pico/pico-sdk/src/common/pico_util/datetime.c.obj (localtime_r)
c:/vsarm/armcc/102021~1.10/bin/../lib/gcc/arm-none-eabi/10.3.1/../../../../arm-none-eabi/lib/thumb/v6-m/nofp\libg.a(lib_a-malloc.o)
                              CMakeFiles/nano_http_client.dir/C_/Users/yoyom/Desktop/Pico/pico-sdk/src/rp2_common/pico_malloc/malloc.c.obj (malloc)
c:/vsarm/armcc/102021~1.10/bin/../lib/gcc/arm-none-eabi/10.3.1/../../../../arm-none-eabi/lib/thumb/v6-m/nofp\libg.a(lib_a-mallocr.o)
                              c:/vsarm/armcc/102021~1.10/bin/../lib/gcc/arm-none-eabi/10.3.1/../../../../arm-none-eabi/lib/thumb/v6-m/nofp\libg.a(lib_a-callocr.o) (_malloc_r)
c:/vsarm/armcc/102021~1.10/bin/../lib/gcc/arm-none-eabi/10.3.1/../../../../arm-none-eabi/lib/thumb/v6-m/nofp\libg.a(lib_a-memcmp.o)
                              CMakeFiles/nano_http_client.dir/C_/Users/yoyom/Desktop/Pico/pico-sdk/src/rp2_common/pico_atomic/atomic.c.obj (memcmp)
c:/vsarm/armcc/102021~1.10/bin/../lib/gcc/arm-none-eabi/10.3.1/../../../../arm-none-eabi/lib/thumb/v6-m/nofp\libg.a(lib_a-memmove.o)
                              CMakeFiles/nano_http_client.dir/C_/Users/yoyom/Desktop/Pico/pico-sdk/lib/lwip/src/core/def.c.obj (memmove)
c:/vsarm/armcc/102021~1.10/bin/../lib/gcc/arm-none-eabi/10.3.1/../../../../arm-none-eabi/lib/thumb/v6-m/nofp\libg.a(lib_a-mktime.o)
                              CMakeFiles/nano_http_client.dir/C_/Users/yoyom/Desktop/Pico/pico-sdk/src/common/pico_util/datetime.c.obj (mktime)
c:/vsarm/armcc/102021~1.10/bin/../lib/gcc/arm-none-eabi/10.3.1/../../../../arm-none-eabi/lib/thumb/v6-m/nofp\libg.a(lib_a-mlock.o)
                              c:/vsarm/armcc/102021~1.10/bin/../lib/gcc/arm-none-eabi/10.3.1/../../../../arm-none-eabi/lib/thumb/v6-m/nofp\libg.a(lib_a-mallocr.o) (__malloc_lock)
c:/vsarm/armcc/102021~1.10/bin/../lib/gcc/arm-none-eabi/10.3.1/../../../../arm-none-eabi/lib/thumb/v6-m/nofp\libg.a(lib_a-month_lengths.o)
                              c:/vsarm/armcc/102021~1.10/bin/../lib/gcc/arm-none-eabi/10.3.1/../../../../arm-none-eabi/lib/thumb/v6-m/nofp\libg.a(lib_a-lcltime_r.o) (__month_lengths)
c:/vsarm/armcc/102021~1.10/bin/../lib/gcc/arm-none-eabi/10.3.1/../../../../arm-none-eabi/lib/thumb/v6-m/nofp\libg.a(lib_a-realloc.o)
                              CMakeFiles/nano_http_client.dir/C_/Users/yoyom/Desktop/Pico/pico-sdk/src/rp2_common/pico_malloc/malloc.c.obj (realloc)
[...]
Memory Configuration

Name             Origin             Length             Attributes
FLASH            0x10000000         0x01000000         xr
RAM              0x20000000         0x00040000         xrw
SCRATCH_X        0x20040000         0x00001000         xrw
SCRATCH_Y        0x20041000         0x00001000         xrw
*default*        0x00000000         0xffffffff

Linker script and memory map

LOAD c:/vsarm/armcc/102021~1.10/bin/../lib/gcc/arm-none-eabi/10.3.1/thumb/v6-m/nofp/crti.o
LOAD c:/vsarm/armcc/102021~1.10/bin/../lib/gcc/arm-none-eabi/10.3.1/thumb/v6-m/nofp/crtbegin.o
LOAD c:/vsarm/armcc/102021~1.10/bin/../lib/gcc/arm-none-eabi/10.3.1/../../../../arm-none-eabi/lib/thumb/v6-m/nofp/crt0.o

.flash_begin    0x10000000        0x0
                0x10000000                __flash_binary_start = .

.boot2          0x10000000      0x100
                0x10000000                __boot2_start__ = .
 *(.boot2)
 .boot2         0x10000000      0x100 pico-sdk/src/rp2040/boot_stage2/CMakeFiles/bs2_default_library.dir/./bs2_default_padded_checksummed.S.obj
                0x10000100                __boot2_end__ = .
                0x00000001                ASSERT (((__boot2_end__ - __boot2_start__) == 0x100), ERROR: Pico second stage bootloader must be 256 bytes in size)

.text           0x10000100     0x95dc
                0x10000100                __logical_binary_start = .
 *(.vectors)
 .vectors       0x10000100       0xd4 CMakeFiles/nano_http_client.dir/C_/Users/yoyom/Desktop/Pico/pico-sdk/src/rp2_common/pico_crt0/crt0.S.obj
                0x10000100                __VECTOR_TABLE
                0x10000100                __vectors
                0x100001c0                isr_invalid
                0x100001c0                __default_isrs_start
                0x100001c2                isr_nmi
                0x100001c4                isr_hardfault
                0x100001c6                isr_svcall
                0x100001c8                isr_pendsv
                0x100001ca                isr_systick
                0x100001cc                isr_irq23
                0x100001cc                isr_irq18
                0x100001cc                isr_irq11
                0x100001cc                isr_irq28
                0x100001cc                isr_irq19
                0x100001cc                isr_irq0
                0x100001cc                isr_irq6
                0x100001cc                isr_irq5
                0x100001cc                isr_irq12
                0x100001cc                isr_irq22
                0x100001cc                isr_irq31
                0x100001cc                isr_irq17
                0x100001cc                isr_irq27
                0x100001cc                isr_irq30
                0x100001cc                isr_irq2
                0x100001cc                isr_irq10
                0x100001cc                isr_irq8
                0x100001cc                isr_irq24
                0x100001cc                isr_irq1
                0x100001cc                isr_irq7
                0x100001cc                isr_irq21
                0x100001cc                isr_irq20
                0x100001cc                isr_irq15
                0x100001cc                isr_irq25
                0x100001cc                isr_irq13
                0x100001cc                __unhandled_user_irq
                0x100001cc                isr_irq4
                0x100001cc                isr_irq16
                0x100001cc                isr_irq29
                0x100001cc                isr_irq26
                0x100001cc                __default_isrs_end
                0x100001cc                isr_irq3
                0x100001cc                isr_irq14
                0x100001cc                isr_irq9
                0x100001d2                unhandled_user_irq_num_in_r0
 *(.binary_info_header)
 .binary_info_header
                0x100001d4       0x14 CMakeFiles/nano_http_client.dir/C_/Users/yoyom/Desktop/Pico/pico-sdk/src/rp2_common/pico_crt0/crt0.S.obj
                0x100001e8                __binary_info_header_end = .
 *(.embedded_block)
                0x100001e8                __embedded_block_end = .
 *(.reset)
 .reset         0x100001e8       0x9c CMakeFiles/nano_http_client.dir/C_/Users/yoyom/Desktop/Pico/pico-sdk/src/rp2_common/pico_crt0/crt0.S.obj
                0x100001e8                _entry_point
 *(.init)
 .init          0x10000284        0x4 c:/vsarm/armcc/102021~1.10/bin/../lib/gcc/arm-none-eabi/10.3.1/thumb/v6-m/nofp/crti.o
                0x10000284                _init
 *(EXCLUDE_FILE(*libm.a: *libc.a:*lib_a-mem*.o *libgcc.a:) .text*)
 .text          0x10000288       0x48 c:/vsarm/armcc/102021~1.10/bin/../lib/gcc/arm-none-eabi/10.3.1/thumb/v6-m/nofp/crtbegin.o
 .text.tcp_error_callback
                0x100002d0       0x18 CMakeFiles/nano_http_client.dir/main.c.obj
 .text.tcp_recv_callback
                0x100002e8       0x38 CMakeFiles/nano_http_client.dir/main.c.obj
 .text.tcp_connected_callback
                0x10000320       0x34 CMakeFiles/nano_http_client.dir/main.c.obj
 .text.startup.main
                0x10000354      0x15c CMakeFiles/nano_http_client.dir/main.c.obj
                0x10000354                main
 .text.rp2040_chip_version
                0x100004b0        0xc CMakeFiles/nano_http_client.dir/C_/Users/yoyom/Desktop/Pico/pico-sdk/src/rp2040/pico_platform/platform.c.obj
                0x100004b0                rp2040_chip_version
 .text.panic    0x100004bc       0x30 CMakeFiles/nano_http_client.dir/C_/Users/yoyom/Desktop/Pico/pico-sdk/src/rp2_common/pico_platform_panic/panic.c.obj
                0x100004bc                panic
 .text.hw_claim_or_assert
                0x100004ec       0x44 CMakeFiles/nano_http_client.dir/C_/Users/yoyom/Desktop/Pico/pico-sdk/src/common/hardware_claim/claim.c.obj
                0x100004ec                hw_claim_or_assert
 .text.hw_claim_unused_from_range
                0x10000530       0x9c CMakeFiles/nano_http_client.dir/C_/Users/yoyom/Desktop/Pico/pico-sdk/src/common/hardware_claim/claim.c.obj
                0x10000530                hw_claim_unused_from_range
 .text.next_striped_spin_lock_num
                0x100005cc       0x18 CMakeFiles/nano_http_client.dir/C_/Users/yoyom/Desktop/Pico/pico-sdk/src/rp2_common/hardware_sync/sync.c.obj
                0x100005cc                next_striped_spin_lock_num
 .text.spin_lock_claim_unused
                0x100005e4       0x20 CMakeFiles/nano_http_client.dir/C_/Users/yoyom/Desktop/Pico/pico-sdk/src/rp2_common/hardware_sync/sync.c.obj
                0x100005e4                spin_lock_claim_unused
 .text.spin_locks_reset
                0x10000604       0x1c CMakeFiles/nano_http_client.dir/C_/Users/yoyom/Desktop/Pico/pico-sdk/src/rp2_common/hardware_sync_spin_lock/sync_spin_lock.c.obj
                0x10000604                spin_locks_reset
 .text.runtime_init_per_core_irq_priorities
                0x10000620       0x24 CMakeFiles/nano_http_client.dir/C_/Users/yoyom/Desktop/Pico/pico-sdk/src/rp2_common/hardware_irq/irq.c.obj
                0x10000620                runtime_init_per_core_irq_priorities
 .text.irq_set_enabled
                0x10000644       0x24 CMakeFiles/nano_http_client.dir/C_/Users/yoyom/Desktop/Pico/pico-sdk/src/rp2_common/hardware_irq/irq.c.obj
                0x10000644                irq_set_enabled
 .text.irq_is_enabled
                0x10000668       0x18 CMakeFiles/nano_http_client.dir/C_/Users/yoyom/Desktop/Pico/pico-sdk/src/rp2_common/hardware_irq/irq.c.obj
                0x10000668                irq_is_enabled
 .text.irq_set_pending
                0x10000680       0x10 CMakeFiles/nano_http_client.dir/C_/Users/yoyom/Desktop/Pico/pico-sdk/src/rp2_common/hardware_irq/irq.c.obj
                0x10000680                irq_set_pending
 .text.irq_has_shared_handler
                0x10000690       0x2c CMakeFiles/nano_http_client.dir/C_/Users/yoyom/Desktop/Pico/pico-sdk/src/rp2_common/hardware_irq/irq.c.obj
                0x10000690                irq_has_shared_handler
 .text.irq_set_exclusive_handler
                0x100006bc       0x54 CMakeFiles/nano_http_client.dir/C_/Users/yoyom/Desktop/Pico/pico-sdk/src/rp2_common/hardware_irq/irq.c.obj
                0x100006bc                irq_set_exclusive_handler
 .text.irq_add_shared_handler
                0x10000710      0x1e8 CMakeFiles/nano_http_client.dir/C_/Users/yoyom/Desktop/Pico/pico-sdk/src/rp2_common/hardware_irq/irq.c.obj
                0x10000710                irq_add_shared_handler
 .text.irq_add_tail_to_free_list
                0x100008f8      0x144 CMakeFiles/nano_http_client.dir/C_/Users/yoyom/Desktop/Pico/pico-sdk/src/rp2_common/hardware_irq/irq.c.obj
                0x100008f8                irq_add_tail_to_free_list
 .text.user_irq_claim_unused
                0x10000a3c       0x28 CMakeFiles/nano_http_client.dir/C_/Users/yoyom/Desktop/Pico/pico-sdk/src/rp2_common/hardware_irq/irq.c.obj
                0x10000a3c                user_irq_claim_unused
 .text.lock_init
                0x10000a64       0x10 CMakeFiles/nano_http_client.dir/C_/Users/yoyom/Desktop/Pico/pico-sdk/src/common/pico_sync/lock_core.c.obj
                0x10000a64                lock_init
 .text.runtime_init_mutex
                0x10000a74       0x58 CMakeFiles/nano_http_client.dir/C_/Users/yoyom/Desktop/Pico/pico-sdk/src/common/pico_sync/mutex.c.obj
                0x10000a74                runtime_init_mutex
 .text.mutex_init
                0x10000acc       0x1c CMakeFiles/nano_http_client.dir/C_/Users/yoyom/Desktop/Pico/pico-sdk/src/common/pico_sync/mutex.c.obj
                0x10000acc                mutex_init
 .text.critical_section_init
                0x10000ae8       0x20 CMakeFiles/nano_http_client.dir/C_/Users/yoyom/Desktop/Pico/pico-sdk/src/common/pico_sync/critical_section.c.obj
                0x10000ae8                critical_section_init
 .text.critical_section_init_with_lock_num
                0x10000b08       0x14 CMakeFiles/nano_http_client.dir/C_/Users/yoyom/Desktop/Pico/pico-sdk/src/common/pico_sync/critical_section.c.obj
                0x10000b08                critical_section_init_with_lock_num
 .text.sleep_until_callback
                0x10000b1c       0x30 CMakeFiles/nano_http_client.dir/C_/Users/yoyom/Desktop/Pico/pico-sdk/src/common/pico_time/time.c.obj
 .text.alarm_pool_irq_handler
                0x10000b4c      0x308 CMakeFiles/nano_http_client.dir/C_/Users/yoyom/Desktop/Pico/pico-sdk/src/common/pico_time/time.c.obj
 .text.runtime_init_default_alarm_pool
                0x10000e54       0xdc CMakeFiles/nano_http_client.dir/C_/Users/yoyom/Desktop/Pico/pico-sdk/src/common/pico_time/time.c.obj
                0x10000e54                runtime_init_default_alarm_pool
 .text.alarm_pool_get_default
                0x10000f30        0x8 CMakeFiles/nano_http_client.dir/C_/Users/yoyom/Desktop/Pico/pico-sdk/src/common/pico_time/time.c.obj
                0x10000f30                alarm_pool_get_default
 .text.alarm_pool_add_alarm_at
                0x10000f38       0xc8 CMakeFiles/nano_http_client.dir/C_/Users/yoyom/Desktop/Pico/pico-sdk/src/common/pico_time/time.c.obj
                0x10000f38                alarm_pool_add_alarm_at
 .text.alarm_pool_add_alarm_at_force_in_context
                0x10001000       0xb0 CMakeFiles/nano_http_client.dir/C_/Users/yoyom/Desktop/Pico/pico-sdk/src/common/pico_time/time.c.obj
                0x10001000                alarm_pool_add_alarm_at_force_in_context
 .text.alarm_pool_cancel_alarm
                0x100010b0       0x7c CMakeFiles/nano_http_client.dir/C_/Users/yoyom/Desktop/Pico/pico-sdk/src/common/pico_time/time.c.obj
                0x100010b0                alarm_pool_cancel_alarm
 .text.alarm_pool_core_num
                0x1000112c        0x4 CMakeFiles/nano_http_client.dir/C_/Users/yoyom/Desktop/Pico/pico-sdk/src/common/pico_time/time.c.obj
                0x1000112c                alarm_pool_core_num
 .text.sleep_until
                0x10001130       0xd0 CMakeFiles/nano_http_client.dir/C_/Users/yoyom/Desktop/Pico/pico-sdk/src/common/pico_time/time.c.obj
                0x10001130                sleep_until
 .text.sleep_ms
                0x10001200       0x34 CMakeFiles/nano_http_client.dir/C_/Users/yoyom/Desktop/Pico/pico-sdk/src/common/pico_time/time.c.obj
                0x10001200                sleep_ms
 .text.best_effort_wfe_or_timeout
                0x10001234       0xe0 CMakeFiles/nano_http_client.dir/C_/Users/yoyom/Desktop/Pico/pico-sdk/src/common/pico_time/time.c.obj
                0x10001234                best_effort_wfe_or_timeout
 .text.timer_hardware_alarm_claim
                0x10001314       0x14 CMakeFiles/nano_http_client.dir/C_/Users/yoyom/Desktop/Pico/pico-sdk/src/rp2_common/hardware_timer/timer.c.obj
                0x10001314                timer_hardware_alarm_claim
 .text.timer_time_us_64
                0x10001328       0x10 CMakeFiles/nano_http_client.dir/C_/Users/yoyom/Desktop/Pico/pico-sdk/src/rp2_common/hardware_timer/timer.c.obj
                0x10001328                timer_time_us_64
 .text.time_us_64
                0x10001338       0x14 CMakeFiles/nano_http_client.dir/C_/Users/yoyom/Desktop/Pico/pico-sdk/src/rp2_common/hardware_timer/timer.c.obj
                0x10001338                time_us_64
 .text.busy_wait_until
                0x1000134c       0x20 CMakeFiles/nano_http_client.dir/C_/Users/yoyom/Desktop/Pico/pico-sdk/src/rp2_common/hardware_timer/timer.c.obj
                0x1000134c                busy_wait_until
 .text.clock_configure_int_divider
                0x1000136c       0xf4 CMakeFiles/nano_http_client.dir/C_/Users/yoyom/Desktop/Pico/pico-sdk/src/rp2_common/hardware_clocks/clocks.c.obj
                0x1000136c                clock_configure_int_divider
 .text.clock_configure_undivided
                0x10001460       0xe8 CMakeFiles/nano_http_client.dir/C_/Users/yoyom/Desktop/Pico/pico-sdk/src/rp2_common/hardware_clocks/clocks.c.obj
                0x10001460                clock_configure_undivided
 .text.clock_get_hz
                0x10001548        0xc CMakeFiles/nano_http_client.dir/C_/Users/yoyom/Desktop/Pico/pico-sdk/src/rp2_common/hardware_clocks/clocks.c.obj
                0x10001548                clock_get_hz
 .text.pll_init
                0x10001554       0xa0 CMakeFiles/nano_http_client.dir/C_/Users/yoyom/Desktop/Pico/pico-sdk/src/rp2_common/hardware_pll/pll.c.obj
                0x10001554                pll_init
 .text.watchdog_reboot
                0x100015f4       0x98 CMakeFiles/nano_http_client.dir/C_/Users/yoyom/Desktop/Pico/pico-sdk/src/rp2_common/hardware_watchdog/watchdog.c.obj
                0x100015f4                watchdog_reboot
 .text.tick_start
                0x1000168c       0x10 CMakeFiles/nano_http_client.dir/C_/Users/yoyom/Desktop/Pico/pico-sdk/src/rp2_common/hardware_ticks/ticks.c.obj
                0x1000168c                tick_start
 .text.rom_func_lookup
                0x1000169c       0x10 CMakeFiles/nano_http_client.dir/C_/Users/yoyom/Desktop/Pico/pico-sdk/src/rp2_common/pico_bootrom/bootrom.c.obj
                0x1000169c                rom_func_lookup
 .text.rom_data_lookup
                0x100016ac       0x10 CMakeFiles/nano_http_client.dir/C_/Users/yoyom/Desktop/Pico/pico-sdk/src/rp2_common/pico_bootrom/bootrom.c.obj
                0x100016ac                rom_data_lookup
 .text.rom_funcs_lookup
                0x100016bc       0x44 CMakeFiles/nano_http_client.dir/C_/Users/yoyom/Desktop/Pico/pico-sdk/src/rp2_common/pico_bootrom/bootrom.c.obj
                0x100016bc                rom_funcs_lookup
 .text.rom_reset_usb_boot_extra
                0x10001700       0x28 CMakeFiles/nano_http_client.dir/C_/Users/yoyom/Desktop/Pico/pico-sdk/src/rp2_common/pico_bootrom/bootrom.c.obj
                0x10001700                rom_reset_usb_boot_extra
 .text.xosc_init
                0x10001728       0x28 CMakeFiles/nano_http_client.dir/C_/Users/yoyom/Desktop/Pico/pico-sdk/src/rp2_common/hardware_xosc/xosc.c.obj
                0x10001728                xosc_init
 .text.first_per_core_initializer
                0x10001750        0x4 CMakeFiles/nano_http_client.dir/C_/Users/yoyom/Desktop/Pico/pico-sdk/src/rp2_common/pico_runtime/runtime.c.obj
 .text.hard_assertion_failure
                0x10001754        0xc CMakeFiles/nano_http_client.dir/C_/Users/yoyom/Desktop/Pico/pico-sdk/src/rp2_common/pico_runtime/runtime.c.obj
                0x10001754                hard_assertion_failure
 .text.runtime_run_initializers
                0x10001760       0x28 CMakeFiles/nano_http_client.dir/C_/Users/yoyom/Desktop/Pico/pico-sdk/src/rp2_common/pico_runtime/runtime.c.obj
                0x10001760                runtime_run_initializers
 .text.runtime_init_early_resets
                0x10001788       0x2c CMakeFiles/nano_http_client.dir/C_/Users/yoyom/Desktop/Pico/pico-sdk/src/rp2_common/pico_runtime_init/runtime_init.c.obj
                0x10001788                runtime_init_early_resets
 .text.runtime_init_usb_power_down
                0x100017b4       0x1c CMakeFiles/nano_http_client.dir/C_/Users/yoyom/Desktop/Pico/pico-sdk/src/rp2_common/pico_runtime_init/runtime_init.c.obj
                0x100017b4                runtime_init_usb_power_down
 .text.runtime_init_post_clock_resets
                0x100017d0       0x20 CMakeFiles/nano_http_client.dir/C_/Users/yoyom/Desktop/Pico/pico-sdk/src/rp2_common/pico_runtime_init/runtime_init.c.obj
                0x100017d0                runtime_init_post_clock_resets
 .text.runtime_init_rp2040_gpio_ie_disable
                0x100017f0       0x14 CMakeFiles/nano_http_client.dir/C_/Users/yoyom/Desktop/Pico/pico-sdk/src/rp2_common/pico_runtime_init/runtime_init.c.obj
                0x100017f0                runtime_init_rp2040_gpio_ie_disable
 .text.runtime_init_spin_locks_reset
                0x10001804        0x8 CMakeFiles/nano_http_client.dir/C_/Users/yoyom/Desktop/Pico/pico-sdk/src/rp2_common/pico_runtime_init/runtime_init.c.obj
                0x10001804                runtime_init_spin_locks_reset
 .text.runtime_init_install_ram_vector_table
                0x1000180c       0x1c CMakeFiles/nano_http_client.dir/C_/Users/yoyom/Desktop/Pico/pico-sdk/src/rp2_common/pico_runtime_init/runtime_init.c.obj
                0x1000180c                runtime_init_install_ram_vector_table
 .text.runtime_init_clocks
                0x10001828       0xd8 CMakeFiles/nano_http_client.dir/C_/Users/yoyom/Desktop/Pico/pico-sdk/src/rp2_common/pico_runtime_init/runtime_init_clocks.c.obj
                0x10001828                runtime_init_clocks
 .text          0x10001900       0x10 CMakeFiles/nano_http_client.dir/C_/Users/yoyom/Desktop/Pico/pico-sdk/src/rp2_common/pico_bit_ops/bit_ops_aeabi.S.obj
 .text.__wrap___aeabi_idiv
                0x10001910       0x50 CMakeFiles/nano_http_client.dir/C_/Users/yoyom/Desktop/Pico/pico-sdk/src/rp2_common/pico_divider/divider_hardware.S.obj
                0x10001910                __wrap___aeabi_idivmod
                0x10001910                divmod_s32s32
                0x10001910                div_s32s32
                0x10001910                __wrap___aeabi_idiv
                0x10001918                divmod_s32s32_unsafe
                0x10001944                divmod_s32s32_savestate
 .text.__wrap___aeabi_uidiv
                0x10001960       0x4c CMakeFiles/nano_http_client.dir/C_/Users/yoyom/Desktop/Pico/pico-sdk/src/rp2_common/pico_divider/divider_hardware.S.obj
                0x10001960                __wrap___aeabi_uidiv
                0x10001960                __wrap___aeabi_uidivmod
                0x10001960                div_u32u32
                0x10001960                divmod_u32u32
                0x10001968                divmod_u32u32_unsafe
                0x10001990                divmod_u32u32_savestate
 .text.__wrap___aeabi_ldiv
                0x100019ac      0x424 CMakeFiles/nano_http_client.dir/C_/Users/yoyom/Desktop/Pico/pico-sdk/src/rp2_common/pico_divider/divider_hardware.S.obj
                0x100019ac                div_s64s64
                0x100019ac                divmod_s64s64
                0x100019ac                __wrap___aeabi_ldivmod
                0x100019dc                divmod_u64u64
                0x100019dc                div_u64u64
                0x100019dc                __wrap___aeabi_uldivmod
                0x100019ec                divmod_u64u64_savestate
                0x10001a0c                divmod_s64s64_unsafe
                0x10001a94                divmod_u64u64_unsafe
 .text.__wrap___aeabi_darithmetic
                0x10001dd0       0x60 CMakeFiles/nano_http_client.dir/C_/Users/yoyom/Desktop/Pico/pico-sdk/src/rp2_common/pico_double/double_aeabi_rp2040.S.obj
                0x10001dd0                __wrap___aeabi_drsub
                0x10001dd6                __wrap___aeabi_dsub
                0x10001de0                __wrap___aeabi_dadd
                0x10001dea                __wrap___aeabi_ddiv
                0x10001e1e                __wrap___aeabi_dmul
 .text.__wrap___aeabi_cdcmple
                0x10001e30       0x6c CMakeFiles/nano_http_client.dir/C_/Users/yoyom/Desktop/Pico/pico-sdk/src/rp2_common/pico_double/double_aeabi_rp2040.S.obj
                0x10001e30                __wrap___aeabi_cdrcmple
                0x10001e40                __wrap___aeabi_cdcmpeq
                0x10001e40                __wrap___aeabi_cdcmple
 .text.__wrap___aeabi_dcmplt
                0x10001e9c        0xc CMakeFiles/nano_http_client.dir/C_/Users/yoyom/Desktop/Pico/pico-sdk/src/rp2_common/pico_double/double_aeabi_rp2040.S.obj
                0x10001e9c                __wrap___aeabi_dcmplt
 .text.__wrap___aeabi_dcmple
                0x10001ea8       0x10 CMakeFiles/nano_http_client.dir/C_/Users/yoyom/Desktop/Pico/pico-sdk/src/rp2_common/pico_double/double_aeabi_rp2040.S.obj
                0x10001ea8                __wrap___aeabi_dcmple
 .text.__wrap___aeabi_dcmpge
                0x10001eb8       0x10 CMakeFiles/nano_http_client.dir/C_/Users/yoyom/Desktop/Pico/pico-sdk/src/rp2_common/pico_double/double_aeabi_rp2040.S.obj
                0x10001eb8                __wrap___aeabi_dcmpge
 .text.__wrap___aeabi_dcmpgt
                0x10001ec8        0xa CMakeFiles/nano_http_client.dir/C_/Users/yoyom/Desktop/Pico/pico-sdk/src/rp2_common/pico_double/double_aeabi_rp2040.S.obj
                0x10001ec8                __wrap___aeabi_dcmpgt
 .text.__wrap___aeabi_dcmpun
                0x10001ed2       0x18 CMakeFiles/nano_http_client.dir/C_/Users/yoyom/Desktop/Pico/pico-sdk/src/rp2_common/pico_double/double_aeabi_rp2040.S.obj
                0x10001ed2                __wrap___aeabi_dcmpun
 *fill*         0x10001eea        0x2 
 .text.__wrap___aeabi_i2d
                0x10001eec       0x38 CMakeFiles/nano_http_client.dir/C_/Users/yoyom/Desktop/Pico/pico-sdk/src/rp2_common/pico_double/double_aeabi_rp2040.S.obj
                0x10001eec                __wrap___aeabi_ui2d
                0x10001ef4                __wrap___aeabi_i2d
 .text.__wrap___aeabi_d2iz
                0x10001f24       0x48 CMakeFiles/nano_http_client.dir/C_/Users/yoyom/Desktop/Pico/pico-sdk/src/rp2_common/pico_double/double_aeabi_rp2040.S.obj
                0x10001f24                double2int_z
                0x10001f24                __wrap___aeabi_d2iz
 .text.__wrap___aeabi_d2uiz
                0x10001f6c       0x10 CMakeFiles/nano_http_client.dir/C_/Users/yoyom/Desktop/Pico/pico-sdk/src/rp2_common/pico_double/double_aeabi_rp2040.S.obj
                0x10001f6c                __wrap___aeabi_d2uiz
                0x10001f6c                double2uint
 .text.missing_double_func_shim
                0x10001f7c        0xc CMakeFiles/nano_http_client.dir/C_/Users/yoyom/Desktop/Pico/pico-sdk/src/rp2_common/pico_double/double_init_rom_rp2040.c.obj
 .text.__aeabi_double_init
                0x10001f88       0xa4 CMakeFiles/nano_http_client.dir/C_/Users/yoyom/Desktop/Pico/pico-sdk/src/rp2_common/pico_double/double_init_rom_rp2040.c.obj
                0x10001f88                __aeabi_double_init
 .text.double_table_shim_on_use_helper
                0x1000202c       0x2c CMakeFiles/nano_http_client.dir/C_/Users/yoyom/Desktop/Pico/pico-sdk/src/rp2_common/pico_double/double_v1_rom_shim_rp2040.S.obj
                0x1000202c                double_table_shim_on_use_helper
 .text.__aeabi_lmul
                0x10002058       0x32 CMakeFiles/nano_http_client.dir/C_/Users/yoyom/Desktop/Pico/pico-sdk/src/rp2_common/pico_int64_ops/pico_int64_ops_aeabi.S.obj
                0x10002058                __wrap___aeabi_lmul
 *fill*         0x1000208a        0x2 
 .text.missing_float_func_shim
                0x1000208c        0xc CMakeFiles/nano_http_client.dir/C_/Users/yoyom/Desktop/Pico/pico-sdk/src/rp2_common/pico_float/float_init_rom_rp2040.c.obj
 .text.__aeabi_float_init
                0x10002098       0x5c CMakeFiles/nano_http_client.dir/C_/Users/yoyom/Desktop/Pico/pico-sdk/src/rp2_common/pico_float/float_init_rom_rp2040.c.obj
                0x10002098                __aeabi_float_init
 .text          0x100020f4       0x10 CMakeFiles/nano_http_client.dir/C_/Users/yoyom/Desktop/Pico/pico-sdk/src/rp2_common/pico_mem_ops/mem_ops_aeabi.S.obj
                0x100020f4                __aeabi_mem_init
 .text.memset   0x10002104        0xc CMakeFiles/nano_http_client.dir/C_/Users/yoyom/Desktop/Pico/pico-sdk/src/rp2_common/pico_mem_ops/mem_ops_aeabi.S.obj
                0x10002104                __wrap_memset
 .text.memcpy   0x10002110        0xc CMakeFiles/nano_http_client.dir/C_/Users/yoyom/Desktop/Pico/pico-sdk/src/rp2_common/pico_mem_ops/mem_ops_aeabi.S.obj
                0x10002110                __wrap_memcpy
                0x10002110                __wrap___aeabi_memcpy
 .text._out_buffer
                0x1000211c        0x8 CMakeFiles/nano_http_client.dir/C_/Users/yoyom/Desktop/Pico/pico-sdk/src/rp2_common/pico_printf/printf.c.obj
 .text._out_null
                0x10002124        0x4 CMakeFiles/nano_http_client.dir/C_/Users/yoyom/Desktop/Pico/pico-sdk/src/rp2_common/pico_printf/printf.c.obj
 .text._out_rev
                0x10002128       0x9c CMakeFiles/nano_http_client.dir/C_/Users/yoyom/Desktop/Pico/pico-sdk/src/rp2_common/pico_printf/printf.c.obj
 .text._ntoa_format
                0x100021c4      0x1cc CMakeFiles/nano_http_client.dir/C_/Users/yoyom/Desktop/Pico/pico-sdk/src/rp2_common/pico_printf/printf.c.obj
 .text._out_char
                0x10002390       0x10 CMakeFiles/nano_http_client.dir/C_/Users/yoyom/Desktop/Pico/pico-sdk/src/rp2_common/pico_printf/printf.c.obj
 .text._out_fct
                0x100023a0       0x10 CMakeFiles/nano_http_client.dir/C_/Users/yoyom/Desktop/Pico/pico-sdk/src/rp2_common/pico_printf/printf.c.obj
 .text._etoa    0x100023b0      0x44c CMakeFiles/nano_http_client.dir/C_/Users/yoyom/Desktop/Pico/pico-sdk/src/rp2_common/pico_printf/printf.c.obj
 .text._ftoa    0x100027fc      0x398 CMakeFiles/nano_http_client.dir/C_/Users/yoyom/Desktop/Pico/pico-sdk/src/rp2_common/pico_printf/printf.c.obj
 .text._vsnprintf
                0x10002b94      0xb04 CMakeFiles/nano_http_client.dir/C_/Users/yoyom/Desktop/Pico/pico-sdk/src/rp2_common/pico_printf/printf.c.obj
 .text.__wrap_snprintf
                0x10003698       0x28 CMakeFiles/nano_http_client.dir/C_/Users/yoyom/Desktop/Pico/pico-sdk/src/rp2_common/pico_printf/printf.c.obj
                0x10003698                __wrap_snprintf
 .text.vfctprintf
                0x100036c0       0x20 CMakeFiles/nano_http_client.dir/C_/Users/yoyom/Desktop/Pico/pico-sdk/src/rp2_common/pico_printf/printf.c.obj
                0x100036c0                vfctprintf
 .text.weak_raw_vprintf
                0x100036e0       0x30 CMakeFiles/nano_http_client.dir/C_/Users/yoyom/Desktop/Pico/pico-sdk/src/rp2_common/pico_printf/printf.c.obj
                0x100036e0                weak_raw_vprintf
 .text._exit    0x10003710        0x4 CMakeFiles/nano_http_client.dir/C_/Users/yoyom/Desktop/Pico/pico-sdk/src/rp2_common/pico_clib_interface/newlib_interface.c.obj
                0x10003710                _exit
 .text.exit     0x10003714        0x8 CMakeFiles/nano_http_client.dir/C_/Users/yoyom/Desktop/Pico/pico-sdk/src/rp2_common/pico_clib_interface/newlib_interface.c.obj
                0x10003714                exit
 .text.runtime_init
                0x1000371c       0x2c CMakeFiles/nano_http_client.dir/C_/Users/yoyom/Desktop/Pico/pico-sdk/src/rp2_common/pico_clib_interface/newlib_interface.c.obj
                0x1000371c                runtime_init
 .text.stdio_out_chars_no_crlf
                0x10003748       0x10 CMakeFiles/nano_http_client.dir/C_/Users/yoyom/Desktop/Pico/pico-sdk/src/rp2_common/pico_stdio/stdio.c.obj
 .text.stdio_out_chars_crlf
                0x10003758       0xb4 CMakeFiles/nano_http_client.dir/C_/Users/yoyom/Desktop/Pico/pico-sdk/src/rp2_common/pico_stdio/stdio.c.obj
 .text.stdio_buffered_printer
                0x1000380c       0x64 CMakeFiles/nano_http_client.dir/C_/Users/yoyom/Desktop/Pico/pico-sdk/src/rp2_common/pico_stdio/stdio.c.obj
 .text.stdio_put_string
                0x10003870      0x100 CMakeFiles/nano_http_client.dir/C_/Users/yoyom/Desktop/Pico/pico-sdk/src/rp2_common/pico_stdio/stdio.c.obj
                0x10003870                stdio_put_string
 .text.stdio_set_driver_enabled
                0x10003970       0x30 CMakeFiles/nano_http_client.dir/C_/Users/yoyom/Desktop/Pico/pico-sdk/src/rp2_common/pico_stdio/stdio.c.obj
                0x10003970                stdio_set_driver_enabled
 .text.stdio_init_all
                0x100039a0        0x8 CMakeFiles/nano_http_client.dir/C_/Users/yoyom/Desktop/Pico/pico-sdk/src/rp2_common/pico_stdio/stdio.c.obj
                0x100039a0                stdio_init_all
 .text.__wrap_putchar
                0x100039a8       0x98 CMakeFiles/nano_http_client.dir/C_/Users/yoyom/Desktop/Pico/pico-sdk/src/rp2_common/pico_stdio/stdio.c.obj
                0x100039a8                __wrap_putchar
                0x100039a8                stdio_putchar
 .text.__wrap_puts
                0x10003a40       0x3c CMakeFiles/nano_http_client.dir/C_/Users/yoyom/Desktop/Pico/pico-sdk/src/rp2_common/pico_stdio/stdio.c.obj
                0x10003a40                stdio_puts
                0x10003a40                __wrap_puts
 .text.__wrap_vprintf
                0x10003a7c       0xd8 CMakeFiles/nano_http_client.dir/C_/Users/yoyom/Desktop/Pico/pico-sdk/src/rp2_common/pico_stdio/stdio.c.obj
                0x10003a7c                stdio_vprintf
                0x10003a7c                __wrap_vprintf
 .text.__wrap_printf
                0x10003b54       0x18 CMakeFiles/nano_http_client.dir/C_/Users/yoyom/Desktop/Pico/pico-sdk/src/rp2_common/pico_stdio/stdio.c.obj
                0x10003b54                __wrap_printf
                0x10003b54                stdio_printf
 .text.resetd_init
                0x10003b6c        0x4 CMakeFiles/nano_http_client.dir/C_/Users/yoyom/Desktop/Pico/pico-sdk/src/rp2_common/pico_stdio_usb/reset_interface.c.obj
 .text.resetd_reset
                0x10003b70        0xc CMakeFiles/nano_http_client.dir/C_/Users/yoyom/Desktop/Pico/pico-sdk/src/rp2_common/pico_stdio_usb/reset_interface.c.obj
 .text.resetd_open
                0x10003b7c       0x28 CMakeFiles/nano_http_client.dir/C_/Users/yoyom/Desktop/Pico/pico-sdk/src/rp2_common/pico_stdio_usb/reset_interface.c.obj
 .text.resetd_xfer_cb
                0x10003ba4        0x4 CMakeFiles/nano_http_client.dir/C_/Users/yoyom/Desktop/Pico/pico-sdk/src/rp2_common/pico_stdio_usb/reset_interface.c.obj
 .text.resetd_control_xfer_cb
                0x10003ba8       0x60 CMakeFiles/nano_http_client.dir/C_/Users/yoyom/Desktop/Pico/pico-sdk/src/rp2_common/pico_stdio_usb/reset_interface.c.obj
 .text.tud_descriptor_bos_cb
                0x10003c08        0x8 CMakeFiles/nano_http_client.dir/C_/Users/yoyom/Desktop/Pico/pico-sdk/src/rp2_common/pico_stdio_usb/reset_interface.c.obj
                0x10003c08                tud_descriptor_bos_cb
 .text.tud_vendor_control_xfer_cb
                0x10003c10       0x34 CMakeFiles/nano_http_client.dir/C_/Users/yoyom/Desktop/Pico/pico-sdk/src/rp2_common/pico_stdio_usb/reset_interface.c.obj
                0x10003c10                tud_vendor_control_xfer_cb
 .text.usbd_app_driver_get_cb
                0x10003c44        0xc CMakeFiles/nano_http_client.dir/C_/Users/yoyom/Desktop/Pico/pico-sdk/src/rp2_common/pico_stdio_usb/reset_interface.c.obj
                0x10003c44                usbd_app_driver_get_cb
 .text.tud_cdc_line_coding_cb
                0x10003c50       0x2c CMakeFiles/nano_http_client.dir/C_/Users/yoyom/Desktop/Pico/pico-sdk/src/rp2_common/pico_stdio_usb/reset_interface.c.obj
                0x10003c50                tud_cdc_line_coding_cb
 .text.stdio_usb_set_chars_available_callback
                0x10003c7c       0x14 CMakeFiles/nano_http_client.dir/C_/Users/yoyom/Desktop/Pico/pico-sdk/src/rp2_common/pico_stdio_usb/stdio_usb.c.obj
                0x10003c7c                stdio_usb_set_chars_available_callback
 .text.usb_irq  0x10003c90       0x10 CMakeFiles/nano_http_client.dir/C_/Users/yoyom/Desktop/Pico/pico-sdk/src/rp2_common/pico_stdio_usb/stdio_usb.c.obj
 .text.timer_task
                0x10003ca0       0x64 CMakeFiles/nano_http_client.dir/C_/Users/yoyom/Desktop/Pico/pico-sdk/src/rp2_common/pico_stdio_usb/stdio_usb.c.obj
 .text.stdio_usb_in_chars
                0x10003d04       0x90 CMakeFiles/nano_http_client.dir/C_/Users/yoyom/Desktop/Pico/pico-sdk/src/rp2_common/pico_stdio_usb/stdio_usb.c.obj
                0x10003d04                stdio_usb_in_chars
 .text.stdio_usb_out_flush
                0x10003d94       0x50 CMakeFiles/nano_http_client.dir/C_/Users/yoyom/Desktop/Pico/pico-sdk/src/rp2_common/pico_stdio_usb/stdio_usb.c.obj
 .text.stdio_usb_out_chars
                0x10003de4      0x100 CMakeFiles/nano_http_client.dir/C_/Users/yoyom/Desktop/Pico/pico-sdk/src/rp2_common/pico_stdio_usb/stdio_usb.c.obj
 .text.low_priority_worker_irq
                0x10003ee4       0xc8 CMakeFiles/nano_http_client.dir/C_/Users/yoyom/Desktop/Pico/pico-sdk/src/rp2_common/pico_stdio_usb/stdio_usb.c.obj
 .text.stdio_usb_init
                0x10003fac       0xe4 CMakeFiles/nano_http_client.dir/C_/Users/yoyom/Desktop/Pico/pico-sdk/src/rp2_common/pico_stdio_usb/stdio_usb.c.obj
                0x10003fac                stdio_usb_init
 .text.tud_descriptor_device_cb
                0x10004090        0x8 CMakeFiles/nano_http_client.dir/C_/Users/yoyom/Desktop/Pico/pico-sdk/src/rp2_common/pico_stdio_usb/stdio_usb_descriptors.c.obj
                0x10004090                tud_descriptor_device_cb
 .text.tud_descriptor_configuration_cb
                0x10004098        0x8 CMakeFiles/nano_http_client.dir/C_/Users/yoyom/Desktop/Pico/pico-sdk/src/rp2_common/pico_stdio_usb/stdio_usb_descriptors.c.obj
                0x10004098                tud_descriptor_configuration_cb
 .text.tud_descriptor_string_cb
                0x100040a0       0x74 CMakeFiles/nano_http_client.dir/C_/Users/yoyom/Desktop/Pico/pico-sdk/src/rp2_common/pico_stdio_usb/stdio_usb_descriptors.c.obj
                0x100040a0                tud_descriptor_string_cb
 .text.startup._retrieve_unique_id_on_boot
                0x10004114       0x10 CMakeFiles/nano_http_client.dir/C_/Users/yoyom/Desktop/Pico/pico-sdk/src/rp2_common/pico_unique_id/unique_id.c.obj
 .text.pico_get_unique_board_id_string
                0x10004124      0x1a8 CMakeFiles/nano_http_client.dir/C_/Users/yoyom/Desktop/Pico/pico-sdk/src/rp2_common/pico_unique_id/unique_id.c.obj
                0x10004124                pico_get_unique_board_id_string
 .text.flash_get_unique_id
                0x100042cc       0x40 CMakeFiles/nano_http_client.dir/C_/Users/yoyom/Desktop/Pico/pico-sdk/src/rp2_common/hardware_flash/flash.c.obj
                0x100042cc                flash_get_unique_id
 .text.dcd_init
                0x1000430c       0x8c CMakeFiles/nano_http_client.dir/C_/Users/yoyom/Desktop/Pico/pico-sdk/lib/tinyusb/src/portable/raspberrypi/rp2040/dcd_rp2040.c.obj
                0x1000430c                dcd_init
 .text.dcd_int_enable
                0x10004398        0xc CMakeFiles/nano_http_client.dir/C_/Users/yoyom/Desktop/Pico/pico-sdk/lib/tinyusb/src/portable/raspberrypi/rp2040/dcd_rp2040.c.obj
                0x10004398                dcd_int_enable
 .text.dcd_set_address
                0x100043a4       0x14 CMakeFiles/nano_http_client.dir/C_/Users/yoyom/Desktop/Pico/pico-sdk/lib/tinyusb/src/portable/raspberrypi/rp2040/dcd_rp2040.c.obj
                0x100043a4                dcd_set_address
 .text.dcd_sof_enable
                0x100043b8       0x1c CMakeFiles/nano_http_client.dir/C_/Users/yoyom/Desktop/Pico/pico-sdk/lib/tinyusb/src/portable/raspberrypi/rp2040/dcd_rp2040.c.obj
                0x100043b8                dcd_sof_enable
 .text.dcd_edpt0_status_complete
                0x100043d4       0x1c CMakeFiles/nano_http_client.dir/C_/Users/yoyom/Desktop/Pico/pico-sdk/lib/tinyusb/src/portable/raspberrypi/rp2040/dcd_rp2040.c.obj
                0x100043d4                dcd_edpt0_status_complete
 .text.dcd_edpt_open
                0x100043f0      0x108 CMakeFiles/nano_http_client.dir/C_/Users/yoyom/Desktop/Pico/pico-sdk/lib/tinyusb/src/portable/raspberrypi/rp2040/dcd_rp2040.c.obj
                0x100043f0                dcd_edpt_open
 .text.dcd_edpt_close_all
                0x100044f8        0x8 CMakeFiles/nano_http_client.dir/C_/Users/yoyom/Desktop/Pico/pico-sdk/lib/tinyusb/src/portable/raspberrypi/rp2040/dcd_rp2040.c.obj
                0x100044f8                dcd_edpt_close_all
 .text.dcd_edpt_xfer
                0x10004500       0x24 CMakeFiles/nano_http_client.dir/C_/Users/yoyom/Desktop/Pico/pico-sdk/lib/tinyusb/src/portable/raspberrypi/rp2040/dcd_rp2040.c.obj
                0x10004500                dcd_edpt_xfer
 .text.dcd_edpt_stall
                0x10004524       0x38 CMakeFiles/nano_http_client.dir/C_/Users/yoyom/Desktop/Pico/pico-sdk/lib/tinyusb/src/portable/raspberrypi/rp2040/dcd_rp2040.c.obj
                0x10004524                dcd_edpt_stall
 .text.dcd_edpt_clear_stall
                0x1000455c       0x30 CMakeFiles/nano_http_client.dir/C_/Users/yoyom/Desktop/Pico/pico-sdk/lib/tinyusb/src/portable/raspberrypi/rp2040/dcd_rp2040.c.obj
                0x1000455c                dcd_edpt_clear_stall
 .text.rp2040_usb_init
                0x1000458c       0x40 CMakeFiles/nano_http_client.dir/C_/Users/yoyom/Desktop/Pico/pico-sdk/lib/tinyusb/src/portable/raspberrypi/rp2040/rp2040_usb.c.obj
                0x1000458c                rp2040_usb_init
 .text.hw_endpoint_xfer_start
                0x100045cc       0x50 CMakeFiles/nano_http_client.dir/C_/Users/yoyom/Desktop/Pico/pico-sdk/lib/tinyusb/src/portable/raspberrypi/rp2040/rp2040_usb.c.obj
                0x100045cc                hw_endpoint_xfer_start
 .text.tud_event_hook_cb
                0x1000461c        0x4 CMakeFiles/nano_http_client.dir/C_/Users/yoyom/Desktop/Pico/pico-sdk/lib/tinyusb/src/device/usbd.c.obj
                0x1000461c                tud_event_hook_cb
 .text.tud_sof_cb
                0x10004620        0x4 CMakeFiles/nano_http_client.dir/C_/Users/yoyom/Desktop/Pico/pico-sdk/lib/tinyusb/src/device/usbd.c.obj
                0x10004620                tud_sof_cb
 .text.tud_descriptor_device_qualifier_cb
                0x10004624        0x4 CMakeFiles/nano_http_client.dir/C_/Users/yoyom/Desktop/Pico/pico-sdk/lib/tinyusb/src/device/usbd.c.obj
                0x10004624                tud_descriptor_device_qualifier_cb
 .text.tud_descriptor_other_speed_configuration_cb
                0x10004628        0x4 CMakeFiles/nano_http_client.dir/C_/Users/yoyom/Desktop/Pico/pico-sdk/lib/tinyusb/src/device/usbd.c.obj
                0x10004628                tud_descriptor_other_speed_configuration_cb
 .text.tud_mount_cb
                0x1000462c        0x4 CMakeFiles/nano_http_client.dir/C_/Users/yoyom/Desktop/Pico/pico-sdk/lib/tinyusb/src/device/usbd.c.obj
                0x1000462c                tud_mount_cb
 .text.tud_umount_cb
                0x10004630        0x4 CMakeFiles/nano_http_client.dir/C_/Users/yoyom/Desktop/Pico/pico-sdk/lib/tinyusb/src/device/usbd.c.obj
                0x10004630                tud_umount_cb
 .text.tud_suspend_cb
                0x10004634        0x4 CMakeFiles/nano_http_client.dir/C_/Users/yoyom/Desktop/Pico/pico-sdk/lib/tinyusb/src/device/usbd.c.obj
                0x10004634                tud_suspend_cb
 .text.tud_resume_cb
                0x10004638        0x4 CMakeFiles/nano_http_client.dir/C_/Users/yoyom/Desktop/Pico/pico-sdk/lib/tinyusb/src/device/usbd.c.obj
                0x10004638                tud_resume_cb
 .text.tud_mounted
                0x1000463c       0x10 CMakeFiles/nano_http_client.dir/C_/Users/yoyom/Desktop/Pico/pico-sdk/lib/tinyusb/src/device/usbd.c.obj
                0x1000463c                tud_mounted
 .text.tud_suspended
                0x1000464c       0x10 CMakeFiles/nano_http_client.dir/C_/Users/yoyom/Desktop/Pico/pico-sdk/lib/tinyusb/src/device/usbd.c.obj
                0x1000464c                tud_suspended
 .text.tud_init
                0x1000465c       0xe4 CMakeFiles/nano_http_client.dir/C_/Users/yoyom/Desktop/Pico/pico-sdk/lib/tinyusb/src/device/usbd.c.obj
                0x1000465c                tud_init
 .text.tud_task_ext
                0x10004740      0x800 CMakeFiles/nano_http_client.dir/C_/Users/yoyom/Desktop/Pico/pico-sdk/lib/tinyusb/src/device/usbd.c.obj
                0x10004740                tud_task_ext
 .text.usbd_open_edpt_pair
                0x10004f40       0x9c CMakeFiles/nano_http_client.dir/C_/Users/yoyom/Desktop/Pico/pico-sdk/lib/tinyusb/src/device/usbd.c.obj
                0x10004f40                usbd_open_edpt_pair
 .text.usbd_edpt_open
                0x10004fdc       0x34 CMakeFiles/nano_http_client.dir/C_/Users/yoyom/Desktop/Pico/pico-sdk/lib/tinyusb/src/device/usbd.c.obj
                0x10004fdc                usbd_edpt_open
 .text.usbd_edpt_claim
                0x10005010       0x28 CMakeFiles/nano_http_client.dir/C_/Users/yoyom/Desktop/Pico/pico-sdk/lib/tinyusb/src/device/usbd.c.obj
                0x10005010                usbd_edpt_claim
 .text.usbd_edpt_release
                0x10005038       0x28 CMakeFiles/nano_http_client.dir/C_/Users/yoyom/Desktop/Pico/pico-sdk/lib/tinyusb/src/device/usbd.c.obj
                0x10005038                usbd_edpt_release
 .text.usbd_edpt_xfer
                0x10005060       0x4c CMakeFiles/nano_http_client.dir/C_/Users/yoyom/Desktop/Pico/pico-sdk/lib/tinyusb/src/device/usbd.c.obj
                0x10005060                usbd_edpt_xfer
 .text.tud_control_status
                0x100050ac       0x30 CMakeFiles/nano_http_client.dir/C_/Users/yoyom/Desktop/Pico/pico-sdk/lib/tinyusb/src/device/usbd_control.c.obj
                0x100050ac                tud_control_status
 .text.tud_control_xfer
                0x100050dc       0xbc CMakeFiles/nano_http_client.dir/C_/Users/yoyom/Desktop/Pico/pico-sdk/lib/tinyusb/src/device/usbd_control.c.obj
                0x100050dc                tud_control_xfer
 .text.usbd_control_reset
                0x10005198       0x14 CMakeFiles/nano_http_client.dir/C_/Users/yoyom/Desktop/Pico/pico-sdk/lib/tinyusb/src/device/usbd_control.c.obj
                0x10005198                usbd_control_reset
 .text.usbd_control_set_complete_callback
                0x100051ac        0xc CMakeFiles/nano_http_client.dir/C_/Users/yoyom/Desktop/Pico/pico-sdk/lib/tinyusb/src/device/usbd_control.c.obj
                0x100051ac                usbd_control_set_complete_callback
 .text.usbd_control_set_request
                0x100051b8       0x1c CMakeFiles/nano_http_client.dir/C_/Users/yoyom/Desktop/Pico/pico-sdk/lib/tinyusb/src/device/usbd_control.c.obj
                0x100051b8                usbd_control_set_request
 .text.usbd_control_xfer_cb
                0x100051d4       0xf0 CMakeFiles/nano_http_client.dir/C_/Users/yoyom/Desktop/Pico/pico-sdk/lib/tinyusb/src/device/usbd_control.c.obj
                0x100051d4                usbd_control_xfer_cb
 .text._prep_out_transaction.isra.0
                0x100052c4       0x5c CMakeFiles/nano_http_client.dir/C_/Users/yoyom/Desktop/Pico/pico-sdk/lib/tinyusb/src/class/cdc/cdc_device.c.obj
 .text.tud_cdc_n_connected
                0x10005320       0x30 CMakeFiles/nano_http_client.dir/C_/Users/yoyom/Desktop/Pico/pico-sdk/lib/tinyusb/src/class/cdc/cdc_device.c.obj
                0x10005320                tud_cdc_n_connected
 .text.tud_cdc_n_available
                0x10005350       0x18 CMakeFiles/nano_http_client.dir/C_/Users/yoyom/Desktop/Pico/pico-sdk/lib/tinyusb/src/class/cdc/cdc_device.c.obj
                0x10005350                tud_cdc_n_available
 .text.tud_cdc_n_read
                0x10005368       0x98 CMakeFiles/nano_http_client.dir/C_/Users/yoyom/Desktop/Pico/pico-sdk/lib/tinyusb/src/class/cdc/cdc_device.c.obj
                0x10005368                tud_cdc_n_read
 .text.tud_cdc_n_write_flush
                0x10005400       0x78 CMakeFiles/nano_http_client.dir/C_/Users/yoyom/Desktop/Pico/pico-sdk/lib/tinyusb/src/class/cdc/cdc_device.c.obj
                0x10005400                tud_cdc_n_write_flush
 .text.tud_cdc_n_write
                0x10005478       0x44 CMakeFiles/nano_http_client.dir/C_/Users/yoyom/Desktop/Pico/pico-sdk/lib/tinyusb/src/class/cdc/cdc_device.c.obj
                0x10005478                tud_cdc_n_write
 .text.tud_cdc_n_write_available
                0x100054bc       0x18 CMakeFiles/nano_http_client.dir/C_/Users/yoyom/Desktop/Pico/pico-sdk/lib/tinyusb/src/class/cdc/cdc_device.c.obj
                0x100054bc                tud_cdc_n_write_available
 .text.cdcd_init
                0x100054d4       0x7c CMakeFiles/nano_http_client.dir/C_/Users/yoyom/Desktop/Pico/pico-sdk/lib/tinyusb/src/class/cdc/cdc_device.c.obj
                0x100054d4                cdcd_init
 .text.cdcd_deinit
                0x10005550       0x24 CMakeFiles/nano_http_client.dir/C_/Users/yoyom/Desktop/Pico/pico-sdk/lib/tinyusb/src/class/cdc/cdc_device.c.obj
                0x10005550                cdcd_deinit
 .text.cdcd_reset
                0x10005574       0x4c CMakeFiles/nano_http_client.dir/C_/Users/yoyom/Desktop/Pico/pico-sdk/lib/tinyusb/src/class/cdc/cdc_device.c.obj
                0x10005574                cdcd_reset
 .text.cdcd_open
                0x100055c0       0xb4 CMakeFiles/nano_http_client.dir/C_/Users/yoyom/Desktop/Pico/pico-sdk/lib/tinyusb/src/class/cdc/cdc_device.c.obj
                0x100055c0                cdcd_open
 .text.cdcd_control_xfer_cb
                0x10005674       0xe4 CMakeFiles/nano_http_client.dir/C_/Users/yoyom/Desktop/Pico/pico-sdk/lib/tinyusb/src/class/cdc/cdc_device.c.obj
                0x10005674                cdcd_control_xfer_cb
 .text.cdcd_xfer_cb
                0x10005758       0xfc CMakeFiles/nano_http_client.dir/C_/Users/yoyom/Desktop/Pico/pico-sdk/lib/tinyusb/src/class/cdc/cdc_device.c.obj
                0x10005758                cdcd_xfer_cb
 .text.tud_vendor_n_write_flush
                0x10005854       0x78 CMakeFiles/nano_http_client.dir/C_/Users/yoyom/Desktop/Pico/pico-sdk/lib/tinyusb/src/class/vendor/vendor_device.c.obj
                0x10005854                tud_vendor_n_write_flush
 .text.vendord_init
                0x100058cc       0x64 CMakeFiles/nano_http_client.dir/C_/Users/yoyom/Desktop/Pico/pico-sdk/lib/tinyusb/src/class/vendor/vendor_device.c.obj
                0x100058cc                vendord_init
 .text.vendord_deinit
                0x10005930       0x24 CMakeFiles/nano_http_client.dir/C_/Users/yoyom/Desktop/Pico/pico-sdk/lib/tinyusb/src/class/vendor/vendor_device.c.obj
                0x10005930                vendord_deinit
 .text.vendord_reset
                0x10005954       0x1c CMakeFiles/nano_http_client.dir/C_/Users/yoyom/Desktop/Pico/pico-sdk/lib/tinyusb/src/class/vendor/vendor_device.c.obj
                0x10005954                vendord_reset
 .text.vendord_open
                0x10005970       0xc8 CMakeFiles/nano_http_client.dir/C_/Users/yoyom/Desktop/Pico/pico-sdk/lib/tinyusb/src/class/vendor/vendor_device.c.obj
                0x10005970                vendord_open
 .text.vendord_xfer_cb
                0x10005a38       0xc8 CMakeFiles/nano_http_client.dir/C_/Users/yoyom/Desktop/Pico/pico-sdk/lib/tinyusb/src/class/vendor/vendor_device.c.obj
                0x10005a38                vendord_xfer_cb
 .text.tusb_init
                0x10005b00        0xc CMakeFiles/nano_http_client.dir/C_/Users/yoyom/Desktop/Pico/pico-sdk/lib/tinyusb/src/tusb.c.obj
                0x10005b00                tusb_init
 .text.tu_edpt_claim
                0x10005b0c       0x50 CMakeFiles/nano_http_client.dir/C_/Users/yoyom/Desktop/Pico/pico-sdk/lib/tinyusb/src/tusb.c.obj
                0x10005b0c                tu_edpt_claim
 .text.tu_edpt_release
                0x10005b5c       0x38 CMakeFiles/nano_http_client.dir/C_/Users/yoyom/Desktop/Pico/pico-sdk/lib/tinyusb/src/tusb.c.obj
                0x10005b5c                tu_edpt_release
 .text.tu_edpt_validate
                0x10005b94       0x78 CMakeFiles/nano_http_client.dir/C_/Users/yoyom/Desktop/Pico/pico-sdk/lib/tinyusb/src/tusb.c.obj
                0x10005b94                tu_edpt_validate
 .text.tu_edpt_bind_driver
                0x10005c0c       0x34 CMakeFiles/nano_http_client.dir/C_/Users/yoyom/Desktop/Pico/pico-sdk/lib/tinyusb/src/tusb.c.obj
                0x10005c0c                tu_edpt_bind_driver
 .text.tu_fifo_config
                0x10005c40       0x70 CMakeFiles/nano_http_client.dir/C_/Users/yoyom/Desktop/Pico/pico-sdk/lib/tinyusb/src/common/tusb_fifo.c.obj
                0x10005c40                tu_fifo_config
 .text.tu_fifo_count
                0x10005cb0       0x2c CMakeFiles/nano_http_client.dir/C_/Users/yoyom/Desktop/Pico/pico-sdk/lib/tinyusb/src/common/tusb_fifo.c.obj
                0x10005cb0                tu_fifo_count
 .text.tu_fifo_empty
                0x10005cdc       0x10 CMakeFiles/nano_http_client.dir/C_/Users/yoyom/Desktop/Pico/pico-sdk/lib/tinyusb/src/common/tusb_fifo.c.obj
                0x10005cdc                tu_fifo_empty
 .text.tu_fifo_remaining
                0x10005cec       0x2c CMakeFiles/nano_http_client.dir/C_/Users/yoyom/Desktop/Pico/pico-sdk/lib/tinyusb/src/common/tusb_fifo.c.obj
                0x10005cec                tu_fifo_remaining
 .text.tu_fifo_read
                0x10005d18       0xa0 CMakeFiles/nano_http_client.dir/C_/Users/yoyom/Desktop/Pico/pico-sdk/lib/tinyusb/src/common/tusb_fifo.c.obj
                0x10005d18                tu_fifo_read
 .text.tu_fifo_read_n
                0x10005db8       0xec CMakeFiles/nano_http_client.dir/C_/Users/yoyom/Desktop/Pico/pico-sdk/lib/tinyusb/src/common/tusb_fifo.c.obj
                0x10005db8                tu_fifo_read_n
 .text.tu_fifo_write
                0x10005ea4       0x88 CMakeFiles/nano_http_client.dir/C_/Users/yoyom/Desktop/Pico/pico-sdk/lib/tinyusb/src/common/tusb_fifo.c.obj
                0x10005ea4                tu_fifo_write
 .text.tu_fifo_write_n
                0x10005f2c      0x168 CMakeFiles/nano_http_client.dir/C_/Users/yoyom/Desktop/Pico/pico-sdk/lib/tinyusb/src/common/tusb_fifo.c.obj
                0x10005f2c                tu_fifo_write_n
 .text.tu_fifo_clear
                0x10006094       0x40 CMakeFiles/nano_http_client.dir/C_/Users/yoyom/Desktop/Pico/pico-sdk/lib/tinyusb/src/common/tusb_fifo.c.obj
                0x10006094                tu_fifo_clear
 .text.tu_fifo_set_overwritable
                0x100060d4       0x48 CMakeFiles/nano_http_client.dir/C_/Users/yoyom/Desktop/Pico/pico-sdk/lib/tinyusb/src/common/tusb_fifo.c.obj
                0x100060d4                tu_fifo_set_overwritable
 .text.lwip_htons
                0x1000611c        0x8 CMakeFiles/nano_http_client.dir/C_/Users/yoyom/Desktop/Pico/pico-sdk/lib/lwip/src/core/def.c.obj
                0x1000611c                lwip_htons
 .text.lwip_htonl
                0x10006124        0x4 CMakeFiles/nano_http_client.dir/C_/Users/yoyom/Desktop/Pico/pico-sdk/lib/lwip/src/core/def.c.obj
                0x10006124                lwip_htonl
 .text.lwip_standard_chksum
                0x10006128       0xd8 CMakeFiles/nano_http_client.dir/C_/Users/yoyom/Desktop/Pico/pico-sdk/lib/lwip/src/core/inet_chksum.c.obj
                0x10006128                lwip_standard_chksum
 .text.inet_chksum_pseudo
                0x10006200       0xb4 CMakeFiles/nano_http_client.dir/C_/Users/yoyom/Desktop/Pico/pico-sdk/lib/lwip/src/core/inet_chksum.c.obj
                0x10006200                inet_chksum_pseudo
 .text.ip_chksum_pseudo
                0x100062b4       0x10 CMakeFiles/nano_http_client.dir/C_/Users/yoyom/Desktop/Pico/pico-sdk/lib/lwip/src/core/inet_chksum.c.obj
                0x100062b4                ip_chksum_pseudo
 .text.inet_chksum
                0x100062c4        0xc CMakeFiles/nano_http_client.dir/C_/Users/yoyom/Desktop/Pico/pico-sdk/lib/lwip/src/core/inet_chksum.c.obj
                0x100062c4                inet_chksum
 .text.mem_free
                0x100062d0      0x11c CMakeFiles/nano_http_client.dir/C_/Users/yoyom/Desktop/Pico/pico-sdk/lib/lwip/src/core/mem.c.obj
                0x100062d0                mem_free
 .text.mem_trim
                0x100063ec      0x110 CMakeFiles/nano_http_client.dir/C_/Users/yoyom/Desktop/Pico/pico-sdk/lib/lwip/src/core/mem.c.obj
                0x100063ec                mem_trim
 .text.mem_malloc
                0x100064fc      0x120 CMakeFiles/nano_http_client.dir/C_/Users/yoyom/Desktop/Pico/pico-sdk/lib/lwip/src/core/mem.c.obj
                0x100064fc                mem_malloc
 .text.memp_malloc
                0x1000661c       0x3c CMakeFiles/nano_http_client.dir/C_/Users/yoyom/Desktop/Pico/pico-sdk/lib/lwip/src/core/memp.c.obj
                0x1000661c                memp_malloc
 .text.memp_free
                0x10006658       0x38 CMakeFiles/nano_http_client.dir/C_/Users/yoyom/Desktop/Pico/pico-sdk/lib/lwip/src/core/memp.c.obj
                0x10006658                memp_free
 .text.netif_get_by_index
                0x10006690       0x2c CMakeFiles/nano_http_client.dir/C_/Users/yoyom/Desktop/Pico/pico-sdk/lib/lwip/src/core/netif.c.obj
                0x10006690                netif_get_by_index
 .text.pbuf_free.part.0
                0x100066bc       0x7c CMakeFiles/nano_http_client.dir/C_/Users/yoyom/Desktop/Pico/pico-sdk/lib/lwip/src/core/pbuf.c.obj
 .text.pbuf_alloc
                0x10006738      0x130 CMakeFiles/nano_http_client.dir/C_/Users/yoyom/Desktop/Pico/pico-sdk/lib/lwip/src/core/pbuf.c.obj
                0x10006738                pbuf_alloc
 .text.pbuf_realloc
                0x10006868       0x88 CMakeFiles/nano_http_client.dir/C_/Users/yoyom/Desktop/Pico/pico-sdk/lib/lwip/src/core/pbuf.c.obj
                0x10006868                pbuf_realloc
 .text.pbuf_add_header
                0x100068f0       0x54 CMakeFiles/nano_http_client.dir/C_/Users/yoyom/Desktop/Pico/pico-sdk/lib/lwip/src/core/pbuf.c.obj
                0x100068f0                pbuf_add_header
 .text.pbuf_free
                0x10006944       0x18 CMakeFiles/nano_http_client.dir/C_/Users/yoyom/Desktop/Pico/pico-sdk/lib/lwip/src/core/pbuf.c.obj
                0x10006944                pbuf_free
 .text.pbuf_clen
                0x1000695c       0x14 CMakeFiles/nano_http_client.dir/C_/Users/yoyom/Desktop/Pico/pico-sdk/lib/lwip/src/core/pbuf.c.obj
                0x1000695c                pbuf_clen
 .text.pbuf_copy_partial
                0x10006970       0x70 CMakeFiles/nano_http_client.dir/C_/Users/yoyom/Desktop/Pico/pico-sdk/lib/lwip/src/core/pbuf.c.obj
                0x10006970                pbuf_copy_partial
 .text.tcp_close_shutdown_fin
                0x100069e0       0x58 CMakeFiles/nano_http_client.dir/C_/Users/yoyom/Desktop/Pico/pico-sdk/lib/lwip/src/core/tcp.c.obj
 .text.tcp_pcb_purge.part.0
                0x10006a38       0xc4 CMakeFiles/nano_http_client.dir/C_/Users/yoyom/Desktop/Pico/pico-sdk/lib/lwip/src/core/tcp.c.obj
 .text.tcp_recved
                0x10006afc       0x98 CMakeFiles/nano_http_client.dir/C_/Users/yoyom/Desktop/Pico/pico-sdk/lib/lwip/src/core/tcp.c.obj
                0x10006afc                tcp_recved
 .text.tcp_connect
                0x10006b94      0x1a8 CMakeFiles/nano_http_client.dir/C_/Users/yoyom/Desktop/Pico/pico-sdk/lib/lwip/src/core/tcp.c.obj
                0x10006b94                tcp_connect
 .text.tcp_slowtmr
                0x10006d3c      0x4dc CMakeFiles/nano_http_client.dir/C_/Users/yoyom/Desktop/Pico/pico-sdk/lib/lwip/src/core/tcp.c.obj
                0x10006d3c                tcp_slowtmr
 .text.tcp_segs_free
                0x10007218       0x38 CMakeFiles/nano_http_client.dir/C_/Users/yoyom/Desktop/Pico/pico-sdk/lib/lwip/src/core/tcp.c.obj
                0x10007218                tcp_segs_free
 .text.tcp_seg_free
                0x10007250       0x1c CMakeFiles/nano_http_client.dir/C_/Users/yoyom/Desktop/Pico/pico-sdk/lib/lwip/src/core/tcp.c.obj
                0x10007250                tcp_seg_free
 .text.tcp_arg  0x1000726c        0x8 CMakeFiles/nano_http_client.dir/C_/Users/yoyom/Desktop/Pico/pico-sdk/lib/lwip/src/core/tcp.c.obj
                0x1000726c                tcp_arg
 .text.tcp_recv
                0x10007274       0x1c CMakeFiles/nano_http_client.dir/C_/Users/yoyom/Desktop/Pico/pico-sdk/lib/lwip/src/core/tcp.c.obj
                0x10007274                tcp_recv
 .text.tcp_err  0x10007290       0x1c CMakeFiles/nano_http_client.dir/C_/Users/yoyom/Desktop/Pico/pico-sdk/lib/lwip/src/core/tcp.c.obj
                0x10007290                tcp_err
 .text.tcp_pcb_remove
                0x100072ac       0xc8 CMakeFiles/nano_http_client.dir/C_/Users/yoyom/Desktop/Pico/pico-sdk/lib/lwip/src/core/tcp.c.obj
                0x100072ac                tcp_pcb_remove
 .text.tcp_abandon
                0x10007374      0x1ac CMakeFiles/nano_http_client.dir/C_/Users/yoyom/Desktop/Pico/pico-sdk/lib/lwip/src/core/tcp.c.obj
                0x10007374                tcp_abandon
 .text.tcp_new  0x10007520      0x1ac CMakeFiles/nano_http_client.dir/C_/Users/yoyom/Desktop/Pico/pico-sdk/lib/lwip/src/core/tcp.c.obj
                0x10007520                tcp_new
 .text.tcp_close_shutdown
                0x100076cc      0x18c CMakeFiles/nano_http_client.dir/C_/Users/yoyom/Desktop/Pico/pico-sdk/lib/lwip/src/core/tcp.c.obj
 .text.tcp_recv_null
                0x10007858       0xd4 CMakeFiles/nano_http_client.dir/C_/Users/yoyom/Desktop/Pico/pico-sdk/lib/lwip/src/core/tcp.c.obj
                0x10007858                tcp_recv_null
 .text.tcp_process_refused_data
                0x1000792c       0x78 CMakeFiles/nano_http_client.dir/C_/Users/yoyom/Desktop/Pico/pico-sdk/lib/lwip/src/core/tcp.c.obj
                0x1000792c                tcp_process_refused_data
 .text.tcp_fasttmr
                0x100079a4       0x98 CMakeFiles/nano_http_client.dir/C_/Users/yoyom/Desktop/Pico/pico-sdk/lib/lwip/src/core/tcp.c.obj
                0x100079a4                tcp_fasttmr
 .text.tcp_tmr  0x10007a3c       0x20 CMakeFiles/nano_http_client.dir/C_/Users/yoyom/Desktop/Pico/pico-sdk/lib/lwip/src/core/tcp.c.obj
                0x10007a3c                tcp_tmr
 .text.tcp_close
                0x10007a5c      0x174 CMakeFiles/nano_http_client.dir/C_/Users/yoyom/Desktop/Pico/pico-sdk/lib/lwip/src/core/tcp.c.obj
                0x10007a5c                tcp_close
 .text.tcp_eff_send_mss_netif
                0x10007bd0       0x38 CMakeFiles/nano_http_client.dir/C_/Users/yoyom/Desktop/Pico/pico-sdk/lib/lwip/src/core/tcp.c.obj
                0x10007bd0                tcp_eff_send_mss_netif
 .text.tcp_trigger_input_pcb_close
                0x10007c08       0x10 CMakeFiles/nano_http_client.dir/C_/Users/yoyom/Desktop/Pico/pico-sdk/lib/lwip/src/core/tcp_in.c.obj
                0x10007c08                tcp_trigger_input_pcb_close
 .text.tcp_create_segment
                0x10007c18       0xf8 CMakeFiles/nano_http_client.dir/C_/Users/yoyom/Desktop/Pico/pico-sdk/lib/lwip/src/core/tcp_out.c.obj
 .text.tcp_output_control_segment
                0x10007d10       0xc0 CMakeFiles/nano_http_client.dir/C_/Users/yoyom/Desktop/Pico/pico-sdk/lib/lwip/src/core/tcp_out.c.obj
 .text.tcp_output_alloc_header.constprop.0
                0x10007dd0       0xcc CMakeFiles/nano_http_client.dir/C_/Users/yoyom/Desktop/Pico/pico-sdk/lib/lwip/src/core/tcp_out.c.obj
 .text.tcp_write
                0x10007e9c      0x494 CMakeFiles/nano_http_client.dir/C_/Users/yoyom/Desktop/Pico/pico-sdk/lib/lwip/src/core/tcp_out.c.obj
                0x10007e9c                tcp_write
 .text.tcp_split_unsent_seg
                0x10008330      0x1c4 CMakeFiles/nano_http_client.dir/C_/Users/yoyom/Desktop/Pico/pico-sdk/lib/lwip/src/core/tcp_out.c.obj
                0x10008330                tcp_split_unsent_seg
 .text.tcp_send_fin
                0x100084f4      0x12c CMakeFiles/nano_http_client.dir/C_/Users/yoyom/Desktop/Pico/pico-sdk/lib/lwip/src/core/tcp_out.c.obj
                0x100084f4                tcp_send_fin
 .text.tcp_enqueue_flags
                0x10008620      0x124 CMakeFiles/nano_http_client.dir/C_/Users/yoyom/Desktop/Pico/pico-sdk/lib/lwip/src/core/tcp_out.c.obj
                0x10008620                tcp_enqueue_flags
 .text.tcp_rexmit_rto_prepare
                0x10008744       0x9c CMakeFiles/nano_http_client.dir/C_/Users/yoyom/Desktop/Pico/pico-sdk/lib/lwip/src/core/tcp_out.c.obj
                0x10008744                tcp_rexmit_rto_prepare
 .text.tcp_rst  0x100087e0       0xe8 CMakeFiles/nano_http_client.dir/C_/Users/yoyom/Desktop/Pico/pico-sdk/lib/lwip/src/core/tcp_out.c.obj
                0x100087e0                tcp_rst
 .text.tcp_send_empty_ack
                0x100088c8       0x54 CMakeFiles/nano_http_client.dir/C_/Users/yoyom/Desktop/Pico/pico-sdk/lib/lwip/src/core/tcp_out.c.obj
                0x100088c8                tcp_send_empty_ack
 .text.tcp_output
                0x1000891c      0x46c CMakeFiles/nano_http_client.dir/C_/Users/yoyom/Desktop/Pico/pico-sdk/lib/lwip/src/core/tcp_out.c.obj
                0x1000891c                tcp_output
 .text.tcp_rexmit_rto_commit
                0x10008d88       0x24 CMakeFiles/nano_http_client.dir/C_/Users/yoyom/Desktop/Pico/pico-sdk/lib/lwip/src/core/tcp_out.c.obj
                0x10008d88                tcp_rexmit_rto_commit
 .text.tcp_keepalive
                0x10008dac       0xe0 CMakeFiles/nano_http_client.dir/C_/Users/yoyom/Desktop/Pico/pico-sdk/lib/lwip/src/core/tcp_out.c.obj
                0x10008dac                tcp_keepalive
 .text.tcp_zero_window_probe
                0x10008e8c      0x108 CMakeFiles/nano_http_client.dir/C_/Users/yoyom/Desktop/Pico/pico-sdk/lib/lwip/src/core/tcp_out.c.obj
                0x10008e8c                tcp_zero_window_probe
 .text.sys_timeout_abs
                0x10008f94       0x48 CMakeFiles/nano_http_client.dir/C_/Users/yoyom/Desktop/Pico/pico-sdk/lib/lwip/src/core/timeouts.c.obj
 .text.tcpip_tcp_timer
                0x10008fdc       0x3c CMakeFiles/nano_http_client.dir/C_/Users/yoyom/Desktop/Pico/pico-sdk/lib/lwip/src/core/timeouts.c.obj
 .text.tcp_timer_needed
                0x10009018       0x40 CMakeFiles/nano_http_client.dir/C_/Users/yoyom/Desktop/Pico/pico-sdk/lib/lwip/src/core/timeouts.c.obj
                0x10009018                tcp_timer_needed
 .text.ip4_frag
                0x10009058      0x17c CMakeFiles/nano_http_client.dir/C_/Users/yoyom/Desktop/Pico/pico-sdk/lib/lwip/src/core/ipv4/ip4_frag.c.obj
                0x10009058                ip4_frag
 .text.ip4_route
                0x100091d4       0x7c CMakeFiles/nano_http_client.dir/C_/Users/yoyom/Desktop/Pico/pico-sdk/lib/lwip/src/core/ipv4/ip4.c.obj
                0x100091d4                ip4_route
 .text.ip4_output_if
                0x10009250      0x190 CMakeFiles/nano_http_client.dir/C_/Users/yoyom/Desktop/Pico/pico-sdk/lib/lwip/src/core/ipv4/ip4.c.obj
                0x10009250                ip4_output_if
 .text.ip4addr_aton
                0x100093e0      0x188 CMakeFiles/nano_http_client.dir/C_/Users/yoyom/Desktop/Pico/pico-sdk/lib/lwip/src/core/ipv4/ip4_addr.c.obj
                0x100093e0                ip4addr_aton
 .text.strlen   0x10009568       0x5c c:/vsarm/armcc/102021~1.10/bin/../lib/gcc/arm-none-eabi/10.3.1/../../../../arm-none-eabi/lib/thumb/v6-m/nofp\libg.a(lib_a-strlen-stub.o)
                0x10009568                strlen
 *(.fini)
 .fini          0x100095c4        0x4 c:/vsarm/armcc/102021~1.10/bin/../lib/gcc/arm-none-eabi/10.3.1/thumb/v6-m/nofp/crti.o
                0x100095c4                _fini
 .fini.__stub   0x100095c8       0xd0 linker stubs
 *crtbegin.o(.ctors)
 *crtbegin?.o(.ctors)
 *(EXCLUDE_FILE(*crtend.o *crtend?.o) .ctors)
 *(SORT_BY_NAME(.ctors.*))
 *(.ctors)
 *crtbegin.o(.dtors)
 *crtbegin?.o(.dtors)
 *(EXCLUDE_FILE(*crtend.o *crtend?.o) .dtors)
 *(SORT_BY_NAME(.dtors.*))
 *(.dtors)
                0x10009698                . = ALIGN (0x4)
                0x10009698                PROVIDE (__preinit_array_start = .)
 *(SORT_BY_NAME(.preinit_array.*))
 .preinit_array.00100
                0x10009698        0x4 CMakeFiles/nano_http_client.dir/C_/Users/yoyom/Desktop/Pico/pico-sdk/src/rp2_common/pico_runtime_init/runtime_init.c.obj
                0x10009698                __pre_init_runtime_init_early_resets
 .preinit_array.00101
                0x1000969c        0x4 CMakeFiles/nano_http_client.dir/C_/Users/yoyom/Desktop/Pico/pico-sdk/src/rp2_common/pico_runtime_init/runtime_init.c.obj
                0x1000969c                __pre_init_runtime_init_usb_power_down
 .preinit_array.00275
                0x100096a0        0x4 CMakeFiles/nano_http_client.dir/C_/Users/yoyom/Desktop/Pico/pico-sdk/src/rp2_common/pico_bit_ops/bit_ops_aeabi.S.obj
 .preinit_array.00300
                0x100096a4        0x4 CMakeFiles/nano_http_client.dir/C_/Users/yoyom/Desktop/Pico/pico-sdk/src/rp2_common/pico_mem_ops/mem_ops_aeabi.S.obj
 .preinit_array.00350
                0x100096a8        0x4 CMakeFiles/nano_http_client.dir/C_/Users/yoyom/Desktop/Pico/pico-sdk/src/rp2_common/pico_double/double_aeabi_rp2040.S.obj
 .preinit_array.00350
                0x100096ac        0x4 CMakeFiles/nano_http_client.dir/C_/Users/yoyom/Desktop/Pico/pico-sdk/src/rp2_common/pico_float/float_aeabi_rp2040.S.obj
 .preinit_array.00500
                0x100096b0        0x4 CMakeFiles/nano_http_client.dir/C_/Users/yoyom/Desktop/Pico/pico-sdk/src/rp2_common/pico_runtime_init/runtime_init.c.obj
                0x100096b0                __pre_init_runtime_init_clocks
 .preinit_array.00600
                0x100096b4        0x4 CMakeFiles/nano_http_client.dir/C_/Users/yoyom/Desktop/Pico/pico-sdk/src/rp2_common/pico_runtime_init/runtime_init.c.obj
                0x100096b4                __pre_init_runtime_init_post_clock_resets
 .preinit_array.00700
                0x100096b8        0x4 CMakeFiles/nano_http_client.dir/C_/Users/yoyom/Desktop/Pico/pico-sdk/src/rp2_common/pico_runtime_init/runtime_init.c.obj
                0x100096b8                __pre_init_runtime_init_rp2040_gpio_ie_disable
 .preinit_array.01000
                0x100096bc        0x4 CMakeFiles/nano_http_client.dir/C_/Users/yoyom/Desktop/Pico/pico-sdk/src/rp2_common/pico_runtime_init/runtime_init.c.obj
                0x100096bc                __pre_init_runtime_init_spin_locks_reset
 .preinit_array.01100
                0x100096c0        0x4 CMakeFiles/nano_http_client.dir/C_/Users/yoyom/Desktop/Pico/pico-sdk/src/common/pico_sync/mutex.c.obj
                0x100096c0                __pre_init_runtime_init_mutex
 .preinit_array.10080
                0x100096c4        0x4 CMakeFiles/nano_http_client.dir/C_/Users/yoyom/Desktop/Pico/pico-sdk/src/rp2_common/pico_runtime_init/runtime_init.c.obj
                0x100096c4                __pre_init_runtime_init_install_ram_vector_table
 .preinit_array.11000
                0x100096c8        0x4 CMakeFiles/nano_http_client.dir/C_/Users/yoyom/Desktop/Pico/pico-sdk/src/common/pico_time/time.c.obj
                0x100096c8                __pre_init_runtime_init_default_alarm_pool
 .preinit_array.YYYYY
                0x100096cc        0x4 CMakeFiles/nano_http_client.dir/C_/Users/yoyom/Desktop/Pico/pico-sdk/src/rp2_common/pico_runtime/runtime.c.obj
                0x100096cc                __pre_init_first_per_core_initializer
 .preinit_array.ZZZZZ.01200
                0x100096d0        0x4 CMakeFiles/nano_http_client.dir/C_/Users/yoyom/Desktop/Pico/pico-sdk/src/rp2_common/hardware_irq/irq.c.obj
                0x100096d0                __pre_init_runtime_init_per_core_irq_priorities
 *(.preinit_array)
                0x100096d4                PROVIDE (__preinit_array_end = .)
                0x100096d4                . = ALIGN (0x4)
                0x100096d4                PROVIDE (__init_array_start = .)
 *(SORT_BY_NAME(.init_array.*))
 *(.init_array)
 .init_array    0x100096d4        0x4 c:/vsarm/armcc/102021~1.10/bin/../lib/gcc/arm-none-eabi/10.3.1/thumb/v6-m/nofp/crtbegin.o
 .init_array    0x100096d8        0x4 CMakeFiles/nano_http_client.dir/C_/Users/yoyom/Desktop/Pico/pico-sdk/src/rp2_common/pico_unique_id/unique_id.c.obj
                0x100096dc                PROVIDE (__init_array_end = .)
                0x100096dc                . = ALIGN (0x4)
                [!provide]                PROVIDE (__fini_array_start = .)
 *(SORT_BY_NAME(.fini_array.*))
 *(.fini_array)
                [!provide]                PROVIDE (__fini_array_end = .)
 *(.eh_frame*)
 .eh_frame      0x100096dc        0x0 c:/vsarm/armcc/102021~1.10/bin/../lib/gcc/arm-none-eabi/10.3.1/thumb/v6-m/nofp/crtbegin.o
                0x100096dc                . = ALIGN (0x4)

.glue_7         0x100096dc        0x0
 .glue_7        0x100096dc        0x0 linker stubs

.glue_7t        0x100096dc        0x0
 .glue_7t       0x100096dc        0x0 linker stubs

.vfp11_veneer   0x100096dc        0x0
 .vfp11_veneer  0x100096dc        0x0 linker stubs

.v4_bx          0x100096dc        0x0
 .v4_bx         0x100096dc        0x0 linker stubs

.iplt           0x100096dc        0x0
 .iplt          0x100096dc        0x0 c:/vsarm/armcc/102021~1.10/bin/../lib/gcc/arm-none-eabi/10.3.1/thumb/v6-m/nofp/crtbegin.o

.rodata         0x100096e0     0x152c
 *(EXCLUDE_FILE(*libm.a: *libc.a:*lib_a-mem*.o *libgcc.a:) .rodata*)
 .rodata.tcp_error_callback.str1.4
                0x100096e0        0xf CMakeFiles/nano_http_client.dir/main.c.obj
 *fill*         0x100096ef        0x1 
 .rodata.tcp_recv_callback.str1.4
                0x100096f0       0x10 CMakeFiles/nano_http_client.dir/main.c.obj
 .rodata.tcp_connected_callback.str1.4
                0x10009700       0x18 CMakeFiles/nano_http_client.dir/main.c.obj
 .rodata.send_http_request.str1.4
                0x10009718       0x78 CMakeFiles/nano_http_client.dir/main.c.obj
 .rodata.main.str1.4
                0x10009790       0x1f CMakeFiles/nano_http_client.dir/main.c.obj
 *fill*         0x100097af        0x1 
 .rodata.panic.str1.4
                0x100097b0       0x12 CMakeFiles/nano_http_client.dir/C_/Users/yoyom/Desktop/Pico/pico-sdk/src/rp2_common/pico_platform_panic/panic.c.obj
 *fill*         0x100097c2        0x2 
 .rodata.spin_lock_claim_unused.str1.4
                0x100097c4       0x1b CMakeFiles/nano_http_client.dir/C_/Users/yoyom/Desktop/Pico/pico-sdk/src/rp2_common/hardware_sync/sync.c.obj
 *fill*         0x100097df        0x1 
 .rodata.user_irq_claim_unused.str1.4
                0x100097e0       0x1b CMakeFiles/nano_http_client.dir/C_/Users/yoyom/Desktop/Pico/pico-sdk/src/rp2_common/hardware_irq/irq.c.obj
 *fill*         0x100097fb        0x1 
 .rodata.timer_hardware_alarm_claim.str1.4
                0x100097fc       0x22 CMakeFiles/nano_http_client.dir/C_/Users/yoyom/Desktop/Pico/pico-sdk/src/rp2_common/hardware_timer/timer.c.obj
 *fill*         0x1000981e        0x2 
 .rodata.hard_assertion_failure.str1.4
                0x10009820        0xc CMakeFiles/nano_http_client.dir/C_/Users/yoyom/Desktop/Pico/pico-sdk/src/rp2_common/pico_runtime/runtime.c.obj
 .rodata.missing_double_func_shim.str1.4
                0x1000982c       0x18 CMakeFiles/nano_http_client.dir/C_/Users/yoyom/Desktop/Pico/pico-sdk/src/rp2_common/pico_double/double_init_rom_rp2040.c.obj
 .rodata.missing_float_func_shim.str1.4
                0x10009844       0x18 CMakeFiles/nano_http_client.dir/C_/Users/yoyom/Desktop/Pico/pico-sdk/src/rp2_common/pico_float/float_init_rom_rp2040.c.obj
                                  0x1 (size before relaxing)
 .rodata.str1.4
                0x10009844       0x5c CMakeFiles/nano_http_client.dir/C_/Users/yoyom/Desktop/Pico/pico-sdk/src/rp2_common/pico_standard_binary_info/standard_binary_info.c.obj
 .rodata.__bi_26
                0x100098a0        0xc CMakeFiles/nano_http_client.dir/C_/Users/yoyom/Desktop/Pico/pico-sdk/src/rp2_common/pico_standard_binary_info/standard_binary_info.c.obj
 .rodata.__bi_34
                0x100098ac        0xc CMakeFiles/nano_http_client.dir/C_/Users/yoyom/Desktop/Pico/pico-sdk/src/rp2_common/pico_standard_binary_info/standard_binary_info.c.obj
 .rodata.__bi_42
                0x100098b8        0xc CMakeFiles/nano_http_client.dir/C_/Users/yoyom/Desktop/Pico/pico-sdk/src/rp2_common/pico_standard_binary_info/standard_binary_info.c.obj
 .rodata.__bi_48
                0x100098c4        0xc CMakeFiles/nano_http_client.dir/C_/Users/yoyom/Desktop/Pico/pico-sdk/src/rp2_common/pico_standard_binary_info/standard_binary_info.c.obj
 .rodata.__bi_54
                0x100098d0        0xc CMakeFiles/nano_http_client.dir/C_/Users/yoyom/Desktop/Pico/pico-sdk/src/rp2_common/pico_standard_binary_info/standard_binary_info.c.obj
 .rodata.__bi_78
                0x100098dc        0xc CMakeFiles/nano_http_client.dir/C_/Users/yoyom/Desktop/Pico/pico-sdk/src/rp2_common/pico_standard_binary_info/standard_binary_info.c.obj
 .rodata.__bi_84
                0x100098e8        0xc CMakeFiles/nano_http_client.dir/C_/Users/yoyom/Desktop/Pico/pico-sdk/src/rp2_common/pico_standard_binary_info/standard_binary_info.c.obj
 .rodata._ftoa.str1.4
                0x100098f4       0x15 CMakeFiles/nano_http_client.dir/C_/Users/yoyom/Desktop/Pico/pico-sdk/src/rp2_common/pico_printf/printf.c.obj
 *fill*         0x10009909        0x3 
 .rodata._vsnprintf
                0x1000990c      0x1e0 CMakeFiles/nano_http_client.dir/C_/Users/yoyom/Desktop/Pico/pico-sdk/src/rp2_common/pico_printf/printf.c.obj
 *fill*         0x10009aec        0x4 
 .rodata.pow10.0
                0x10009af0       0x50 CMakeFiles/nano_http_client.dir/C_/Users/yoyom/Desktop/Pico/pico-sdk/src/rp2_common/pico_printf/printf.c.obj
 .rodata.crlf_str.0
                0x10009b40        0x2 CMakeFiles/nano_http_client.dir/C_/Users/yoyom/Desktop/Pico/pico-sdk/src/rp2_common/pico_stdio/stdio.c.obj
 *fill*         0x10009b42        0x2 
 .rodata._resetd_driver
                0x10009b44       0x20 CMakeFiles/nano_http_client.dir/C_/Users/yoyom/Desktop/Pico/pico-sdk/src/rp2_common/pico_stdio_usb/reset_interface.c.obj
 .rodata.desc_bos
                0x10009b64       0x21 CMakeFiles/nano_http_client.dir/C_/Users/yoyom/Desktop/Pico/pico-sdk/src/rp2_common/pico_stdio_usb/reset_interface.c.obj
                0x10009b64                desc_bos
 *fill*         0x10009b85        0x3 
 .rodata.desc_ms_os_20
                0x10009b88       0xa6 CMakeFiles/nano_http_client.dir/C_/Users/yoyom/Desktop/Pico/pico-sdk/src/rp2_common/pico_stdio_usb/reset_interface.c.obj
 *fill*         0x10009c2e        0x2 
 .rodata.str1.4
                0x10009c30       0x13 CMakeFiles/nano_http_client.dir/C_/Users/yoyom/Desktop/Pico/pico-sdk/src/rp2_common/pico_stdio_usb/stdio_usb.c.obj
 *fill*         0x10009c43        0x1 
 .rodata.__bi_197.0
                0x10009c44        0xc CMakeFiles/nano_http_client.dir/C_/Users/yoyom/Desktop/Pico/pico-sdk/src/rp2_common/pico_stdio_usb/stdio_usb.c.obj
 .rodata.str1.4
                0x10009c50       0x2a CMakeFiles/nano_http_client.dir/C_/Users/yoyom/Desktop/Pico/pico-sdk/src/rp2_common/pico_stdio_usb/stdio_usb_descriptors.c.obj
 *fill*         0x10009c7a        0x2 
 .rodata.usbd_desc_cfg
                0x10009c7c       0x54 CMakeFiles/nano_http_client.dir/C_/Users/yoyom/Desktop/Pico/pico-sdk/src/rp2_common/pico_stdio_usb/stdio_usb_descriptors.c.obj
 .rodata.usbd_desc_device
                0x10009cd0       0x12 CMakeFiles/nano_http_client.dir/C_/Users/yoyom/Desktop/Pico/pico-sdk/src/rp2_common/pico_stdio_usb/stdio_usb_descriptors.c.obj
 *fill*         0x10009ce2        0x2 
 .rodata.usbd_desc_str
                0x10009ce4       0x18 CMakeFiles/nano_http_client.dir/C_/Users/yoyom/Desktop/Pico/pico-sdk/src/rp2_common/pico_stdio_usb/stdio_usb_descriptors.c.obj
 .rodata.str1.4
                0x10009cfc       0x14 CMakeFiles/nano_http_client.dir/C_/Users/yoyom/Desktop/Pico/pico-sdk/lib/tinyusb/src/portable/raspberrypi/rp2040/dcd_rp2040.c.obj
 .rodata.str1.4
                0x10009d10       0x48 CMakeFiles/nano_http_client.dir/C_/Users/yoyom/Desktop/Pico/pico-sdk/lib/tinyusb/src/portable/raspberrypi/rp2040/rp2040_usb.c.obj
 .rodata.tud_task_ext
                0x10009d58       0x8c CMakeFiles/nano_http_client.dir/C_/Users/yoyom/Desktop/Pico/pico-sdk/lib/tinyusb/src/device/usbd.c.obj
 .rodata        0x10009de4       0x1c CMakeFiles/nano_http_client.dir/C_/Users/yoyom/Desktop/Pico/pico-sdk/lib/tinyusb/src/device/usbd.c.obj
 .rodata._usbd_driver
                0x10009e00       0x40 CMakeFiles/nano_http_client.dir/C_/Users/yoyom/Desktop/Pico/pico-sdk/lib/tinyusb/src/device/usbd.c.obj
 .rodata.mem_free.str1.4
                0x10009e40       0xb6 CMakeFiles/nano_http_client.dir/C_/Users/yoyom/Desktop/Pico/pico-sdk/lib/lwip/src/core/mem.c.obj
 *fill*         0x10009ef6        0x2 
 .rodata.mem_trim.str1.4
                0x10009ef8       0x49 CMakeFiles/nano_http_client.dir/C_/Users/yoyom/Desktop/Pico/pico-sdk/lib/lwip/src/core/mem.c.obj
 *fill*         0x10009f41        0x3 
 .rodata.mem_malloc.str1.4
                0x10009f44       0x5f CMakeFiles/nano_http_client.dir/C_/Users/yoyom/Desktop/Pico/pico-sdk/lib/lwip/src/core/mem.c.obj
 *fill*         0x10009fa3        0x1 
 .rodata.memp_malloc_pool.str1.4
                0x10009fa4       0x37 CMakeFiles/nano_http_client.dir/C_/Users/yoyom/Desktop/Pico/pico-sdk/lib/lwip/src/core/memp.c.obj
 *fill*         0x10009fdb        0x1 
 .rodata.memp_free_pool.str1.4
                0x10009fdc       0x20 CMakeFiles/nano_http_client.dir/C_/Users/yoyom/Desktop/Pico/pico-sdk/lib/lwip/src/core/memp.c.obj
 .rodata.memp_PBUF
                0x10009ffc        0xc CMakeFiles/nano_http_client.dir/C_/Users/yoyom/Desktop/Pico/pico-sdk/lib/lwip/src/core/memp.c.obj
                0x10009ffc                memp_PBUF
 .rodata.memp_PBUF_POOL
                0x1000a008        0xc CMakeFiles/nano_http_client.dir/C_/Users/yoyom/Desktop/Pico/pico-sdk/lib/lwip/src/core/memp.c.obj
                0x1000a008                memp_PBUF_POOL
 .rodata.memp_RAW_PCB
                0x1000a014        0xc CMakeFiles/nano_http_client.dir/C_/Users/yoyom/Desktop/Pico/pico-sdk/lib/lwip/src/core/memp.c.obj
                0x1000a014                memp_RAW_PCB
 .rodata.memp_REASSDATA
                0x1000a020        0xc CMakeFiles/nano_http_client.dir/C_/Users/yoyom/Desktop/Pico/pico-sdk/lib/lwip/src/core/memp.c.obj
                0x1000a020                memp_REASSDATA
 .rodata.memp_SYS_TIMEOUT
                0x1000a02c        0xc CMakeFiles/nano_http_client.dir/C_/Users/yoyom/Desktop/Pico/pico-sdk/lib/lwip/src/core/memp.c.obj
                0x1000a02c                memp_SYS_TIMEOUT
 .rodata.memp_TCP_PCB
                0x1000a038        0xc CMakeFiles/nano_http_client.dir/C_/Users/yoyom/Desktop/Pico/pico-sdk/lib/lwip/src/core/memp.c.obj
                0x1000a038                memp_TCP_PCB
 .rodata.memp_TCP_PCB_LISTEN
                0x1000a044        0xc CMakeFiles/nano_http_client.dir/C_/Users/yoyom/Desktop/Pico/pico-sdk/lib/lwip/src/core/memp.c.obj
                0x1000a044                memp_TCP_PCB_LISTEN
 .rodata.memp_TCP_SEG
                0x1000a050        0xc CMakeFiles/nano_http_client.dir/C_/Users/yoyom/Desktop/Pico/pico-sdk/lib/lwip/src/core/memp.c.obj
                0x1000a050                memp_TCP_SEG
 .rodata.memp_UDP_PCB
                0x1000a05c        0xc CMakeFiles/nano_http_client.dir/C_/Users/yoyom/Desktop/Pico/pico-sdk/lib/lwip/src/core/memp.c.obj
                0x1000a05c                memp_UDP_PCB
 .rodata.memp_pools
                0x1000a068       0x24 CMakeFiles/nano_http_client.dir/C_/Users/yoyom/Desktop/Pico/pico-sdk/lib/lwip/src/core/memp.c.obj
                0x1000a068                memp_pools
 .rodata.pbuf_free.part.0.str1.4
                0x1000a08c       0x2a CMakeFiles/nano_http_client.dir/C_/Users/yoyom/Desktop/Pico/pico-sdk/lib/lwip/src/core/pbuf.c.obj
 *fill*         0x1000a0b6        0x2 
 .rodata.pbuf_alloc.str1.4
                0x1000a0b8       0x1b CMakeFiles/nano_http_client.dir/C_/Users/yoyom/Desktop/Pico/pico-sdk/lib/lwip/src/core/pbuf.c.obj
 *fill*         0x1000a0d3        0x1 
 .rodata.pbuf_realloc.str1.4
                0x1000a0d4       0x65 CMakeFiles/nano_http_client.dir/C_/Users/yoyom/Desktop/Pico/pico-sdk/lib/lwip/src/core/pbuf.c.obj
 *fill*         0x1000a139        0x3 
 .rodata.pbuf_add_header.str1.4
                0x1000a13c        0xa CMakeFiles/nano_http_client.dir/C_/Users/yoyom/Desktop/Pico/pico-sdk/lib/lwip/src/core/pbuf.c.obj
 *fill*         0x1000a146        0x2 
 .rodata.tcp_close_shutdown_fin.str1.4
                0x1000a148        0xc CMakeFiles/nano_http_client.dir/C_/Users/yoyom/Desktop/Pico/pico-sdk/lib/lwip/src/core/tcp.c.obj
 .rodata.tcp_free.str1.4
                0x1000a154       0x11 CMakeFiles/nano_http_client.dir/C_/Users/yoyom/Desktop/Pico/pico-sdk/lib/lwip/src/core/tcp.c.obj
 *fill*         0x1000a165        0x3 
 .rodata.tcp_update_rcv_ann_wnd.str1.4
                0x1000a168       0x3e CMakeFiles/nano_http_client.dir/C_/Users/yoyom/Desktop/Pico/pico-sdk/lib/lwip/src/core/tcp.c.obj
 *fill*         0x1000a1a6        0x2 
 .rodata.tcp_recved.str1.4
                0x1000a1a8       0x26 CMakeFiles/nano_http_client.dir/C_/Users/yoyom/Desktop/Pico/pico-sdk/lib/lwip/src/core/tcp.c.obj
 *fill*         0x1000a1ce        0x2 
 .rodata.tcp_slowtmr.str1.4
                0x1000a1d0      0x1c6 CMakeFiles/nano_http_client.dir/C_/Users/yoyom/Desktop/Pico/pico-sdk/lib/lwip/src/core/tcp.c.obj
 *fill*         0x1000a396        0x2 
 .rodata.tcp_recv.str1.4
                0x1000a398       0x27 CMakeFiles/nano_http_client.dir/C_/Users/yoyom/Desktop/Pico/pico-sdk/lib/lwip/src/core/tcp.c.obj
 *fill*         0x1000a3bf        0x1 
 .rodata.tcp_err.str1.4
                0x1000a3c0       0x26 CMakeFiles/nano_http_client.dir/C_/Users/yoyom/Desktop/Pico/pico-sdk/lib/lwip/src/core/tcp.c.obj
 *fill*         0x1000a3e6        0x2 
 .rodata.tcp_pcb_remove.str1.4
                0x1000a3e8       0x87 CMakeFiles/nano_http_client.dir/C_/Users/yoyom/Desktop/Pico/pico-sdk/lib/lwip/src/core/tcp.c.obj
 *fill*         0x1000a46f        0x1 
 .rodata.tcp_abandon.str1.4
                0x1000a470       0x31 CMakeFiles/nano_http_client.dir/C_/Users/yoyom/Desktop/Pico/pico-sdk/lib/lwip/src/core/tcp.c.obj
 *fill*         0x1000a4a1        0x3 
 .rodata.tcp_close_shutdown.str1.4
                0x1000a4a4       0x55 CMakeFiles/nano_http_client.dir/C_/Users/yoyom/Desktop/Pico/pico-sdk/lib/lwip/src/core/tcp.c.obj
 *fill*         0x1000a4f9        0x3 
 .rodata.tcp_eff_send_mss_netif.str1.4
                0x1000a4fc       0x27 CMakeFiles/nano_http_client.dir/C_/Users/yoyom/Desktop/Pico/pico-sdk/lib/lwip/src/core/tcp.c.obj
 *fill*         0x1000a523        0x1 
 .rodata.tcp_backoff
                0x1000a524        0xd CMakeFiles/nano_http_client.dir/C_/Users/yoyom/Desktop/Pico/pico-sdk/lib/lwip/src/core/tcp.c.obj
 *fill*         0x1000a531        0x3 
 .rodata.tcp_pcb_lists
                0x1000a534       0x10 CMakeFiles/nano_http_client.dir/C_/Users/yoyom/Desktop/Pico/pico-sdk/lib/lwip/src/core/tcp.c.obj
                0x1000a534                tcp_pcb_lists
 .rodata.tcp_persist_backoff
                0x1000a544        0x7 CMakeFiles/nano_http_client.dir/C_/Users/yoyom/Desktop/Pico/pico-sdk/lib/lwip/src/core/tcp.c.obj
 *fill*         0x1000a54b        0x1 
 .rodata.tcp_create_segment.str1.4
                0x1000a54c       0x59 CMakeFiles/nano_http_client.dir/C_/Users/yoyom/Desktop/Pico/pico-sdk/lib/lwip/src/core/tcp_out.c.obj
 *fill*         0x1000a5a5        0x3 
 .rodata.tcp_output_control_segment.str1.4
                0x1000a5a8       0x29 CMakeFiles/nano_http_client.dir/C_/Users/yoyom/Desktop/Pico/pico-sdk/lib/lwip/src/core/tcp_out.c.obj
 *fill*         0x1000a5d1        0x3 
 .rodata.tcp_output_alloc_header.constprop.0.str1.4
                0x1000a5d4       0x56 CMakeFiles/nano_http_client.dir/C_/Users/yoyom/Desktop/Pico/pico-sdk/lib/lwip/src/core/tcp_out.c.obj
 *fill*         0x1000a62a        0x2 
 .rodata.tcp_write.str1.4
                0x1000a62c      0x13e CMakeFiles/nano_http_client.dir/C_/Users/yoyom/Desktop/Pico/pico-sdk/lib/lwip/src/core/tcp_out.c.obj
 *fill*         0x1000a76a        0x2 
 .rodata.tcp_split_unsent_seg.str1.4
                0x1000a76c       0x55 CMakeFiles/nano_http_client.dir/C_/Users/yoyom/Desktop/Pico/pico-sdk/lib/lwip/src/core/tcp_out.c.obj
 *fill*         0x1000a7c1        0x3 
 .rodata.tcp_send_fin.str1.4
                0x1000a7c4       0x88 CMakeFiles/nano_http_client.dir/C_/Users/yoyom/Desktop/Pico/pico-sdk/lib/lwip/src/core/tcp_out.c.obj
 .rodata.tcp_enqueue_flags.str1.4
                0x1000a84c       0xb1 CMakeFiles/nano_http_client.dir/C_/Users/yoyom/Desktop/Pico/pico-sdk/lib/lwip/src/core/tcp_out.c.obj
 *fill*         0x1000a8fd        0x3 
 .rodata.tcp_rexmit_rto_prepare.str1.4
                0x1000a900       0x24 CMakeFiles/nano_http_client.dir/C_/Users/yoyom/Desktop/Pico/pico-sdk/lib/lwip/src/core/tcp_out.c.obj
 .rodata.tcp_rst.str1.4
                0x1000a924       0x37 CMakeFiles/nano_http_client.dir/C_/Users/yoyom/Desktop/Pico/pico-sdk/lib/lwip/src/core/tcp_out.c.obj
 *fill*         0x1000a95b        0x1 
 .rodata.tcp_send_empty_ack.str1.4
                0x1000a95c       0x20 CMakeFiles/nano_http_client.dir/C_/Users/yoyom/Desktop/Pico/pico-sdk/lib/lwip/src/core/tcp_out.c.obj
 .rodata.tcp_output.str1.4
                0x1000a97c       0x6b CMakeFiles/nano_http_client.dir/C_/Users/yoyom/Desktop/Pico/pico-sdk/lib/lwip/src/core/tcp_out.c.obj
 *fill*         0x1000a9e7        0x1 
 .rodata.tcp_rexmit_rto_commit.str1.4
                0x1000a9e8       0x23 CMakeFiles/nano_http_client.dir/C_/Users/yoyom/Desktop/Pico/pico-sdk/lib/lwip/src/core/tcp_out.c.obj
 *fill*         0x1000aa0b        0x1 
 .rodata.tcp_keepalive.str1.4
                0x1000aa0c       0x1b CMakeFiles/nano_http_client.dir/C_/Users/yoyom/Desktop/Pico/pico-sdk/lib/lwip/src/core/tcp_out.c.obj
 *fill*         0x1000aa27        0x1 
 .rodata.tcp_zero_window_probe.str1.4
                0x1000aa28       0x23 CMakeFiles/nano_http_client.dir/C_/Users/yoyom/Desktop/Pico/pico-sdk/lib/lwip/src/core/tcp_out.c.obj
 *fill*         0x1000aa4b        0x1 
 .rodata.sys_timeout_abs.str1.4
                0x1000aa4c       0x3d CMakeFiles/nano_http_client.dir/C_/Users/yoyom/Desktop/Pico/pico-sdk/lib/lwip/src/core/timeouts.c.obj
 *fill*         0x1000aa89        0x3 
 .rodata.ip4_frag.str1.4
                0x1000aa8c       0x20 CMakeFiles/nano_http_client.dir/C_/Users/yoyom/Desktop/Pico/pico-sdk/lib/lwip/src/core/ipv4/ip4_frag.c.obj
 .rodata.ip4_output_if.str1.4
                0x1000aaac       0x39 CMakeFiles/nano_http_client.dir/C_/Users/yoyom/Desktop/Pico/pico-sdk/lib/lwip/src/core/ipv4/ip4.c.obj
 *fill*         0x1000aae5        0x3 
 .rodata.ip4addr_aton.str1.4
                0x1000aae8        0xa CMakeFiles/nano_http_client.dir/C_/Users/yoyom/Desktop/Pico/pico-sdk/lib/lwip/src/core/ipv4/ip4_addr.c.obj
 *fill*         0x1000aaf2        0x2 
 .rodata.ip4addr_aton
                0x1000aaf4       0x14 CMakeFiles/nano_http_client.dir/C_/Users/yoyom/Desktop/Pico/pico-sdk/lib/lwip/src/core/ipv4/ip4_addr.c.obj
 .rodata._ctype_
                0x1000ab08      0x101 c:/vsarm/armcc/102021~1.10/bin/../lib/gcc/arm-none-eabi/10.3.1/../../../../arm-none-eabi/lib/thumb/v6-m/nofp\libg.a(lib_a-ctype_.o)
                0x1000ab08                _ctype_
                0x1000ac0c                . = ALIGN (0x4)
 *fill*         0x1000ac09        0x3 
 *(SORT_BY_ALIGNMENT(SORT_BY_NAME(.flashdata*)))
                0x1000ac0c                . = ALIGN (0x4)

.ARM.extab
 *(.ARM.extab* .gnu.linkonce.armextab.*)
                0x1000ac0c                __exidx_start = .

.ARM.exidx
 *(.ARM.exidx* .gnu.linkonce.armexidx.*)
                0x1000ac0c                __exidx_end = .
                0x1000ac0c                . = ALIGN (0x4)
                0x1000ac0c                __binary_info_start = .

.binary_info    0x1000ac0c       0x20
 *(.binary_info.keep.*)
 .binary_info.keep.__bi_ptr26
                0x1000ac0c        0x4 CMakeFiles/nano_http_client.dir/C_/Users/yoyom/Desktop/Pico/pico-sdk/src/rp2_common/pico_standard_binary_info/standard_binary_info.c.obj
 .binary_info.keep.__bi_ptr34
                0x1000ac10        0x4 CMakeFiles/nano_http_client.dir/C_/Users/yoyom/Desktop/Pico/pico-sdk/src/rp2_common/pico_standard_binary_info/standard_binary_info.c.obj
 .binary_info.keep.__bi_ptr42
                0x1000ac14        0x4 CMakeFiles/nano_http_client.dir/C_/Users/yoyom/Desktop/Pico/pico-sdk/src/rp2_common/pico_standard_binary_info/standard_binary_info.c.obj
 .binary_info.keep.__bi_ptr48
                0x1000ac18        0x4 CMakeFiles/nano_http_client.dir/C_/Users/yoyom/Desktop/Pico/pico-sdk/src/rp2_common/pico_standard_binary_info/standard_binary_info.c.obj
 .binary_info.keep.__bi_ptr54
                0x1000ac1c        0x4 CMakeFiles/nano_http_client.dir/C_/Users/yoyom/Desktop/Pico/pico-sdk/src/rp2_common/pico_standard_binary_info/standard_binary_info.c.obj
 .binary_info.keep.__bi_ptr78
                0x1000ac20        0x4 CMakeFiles/nano_http_client.dir/C_/Users/yoyom/Desktop/Pico/pico-sdk/src/rp2_common/pico_standard_binary_info/standard_binary_info.c.obj
 .binary_info.keep.__bi_ptr84
                0x1000ac24        0x4 CMakeFiles/nano_http_client.dir/C_/Users/yoyom/Desktop/Pico/pico-sdk/src/rp2_common/pico_standard_binary_info/standard_binary_info.c.obj
 *(.binary_info.*)
 .binary_info.__bi_ptr197
                0x1000ac28        0x4 CMakeFiles/nano_http_client.dir/C_/Users/yoyom/Desktop/Pico/pico-sdk/src/rp2_common/pico_stdio_usb/stdio_usb.c.obj
                0x1000ac2c                __binary_info_end = .

.rel.dyn        0x1000ac2c        0x0
 .rel.iplt      0x1000ac2c        0x0 c:/vsarm/armcc/102021~1.10/bin/../lib/gcc/arm-none-eabi/10.3.1/thumb/v6-m/nofp/crtbegin.o
                0x1000ac2c                . = ALIGN (0x4)

.ram_vector_table
                0x20000000       0xc0
 *(.ram_vector_table)
 .ram_vector_table
                0x20000000       0xc0 CMakeFiles/nano_http_client.dir/C_/Users/yoyom/Desktop/Pico/pico-sdk/src/rp2_common/pico_runtime_init/runtime_init.c.obj
                0x20000000                ram_vector_table

.uninitialized_data
                0x200000c0        0x0
                0x200000c0                . = ALIGN (0x4)
 *(.uninitialized_data*)

.data           0x200000c0     0x1098 load address 0x1000ac2c
                0x200000c0                __data_start__ = .
 *(vtable)
 *(.time_critical*)
 .time_critical.mutex_try_enter
                0x200000c0       0x44 CMakeFiles/nano_http_client.dir/C_/Users/yoyom/Desktop/Pico/pico-sdk/src/common/pico_sync/mutex.c.obj
                0x200000c0                mutex_try_enter
 .time_critical.mutex_try_enter_block_until
                0x20000104       0x9c CMakeFiles/nano_http_client.dir/C_/Users/yoyom/Desktop/Pico/pico-sdk/src/common/pico_sync/mutex.c.obj
                0x20000104                mutex_try_enter_block_until
 .time_critical.mutex_enter_timeout_ms
                0x200001a0       0x90 CMakeFiles/nano_http_client.dir/C_/Users/yoyom/Desktop/Pico/pico-sdk/src/common/pico_sync/mutex.c.obj
                0x200001a0                mutex_enter_timeout_ms
 .time_critical.mutex_exit
                0x20000230       0x28 CMakeFiles/nano_http_client.dir/C_/Users/yoyom/Desktop/Pico/pico-sdk/src/common/pico_sync/mutex.c.obj
                0x20000230                mutex_exit
 .time_critical.flash_init_boot2_copyout
                0x20000258       0x30 CMakeFiles/nano_http_client.dir/C_/Users/yoyom/Desktop/Pico/pico-sdk/src/rp2_common/hardware_flash/flash.c.obj
 .time_critical.flash_enable_xip_via_boot2
                0x20000288       0x10 CMakeFiles/nano_http_client.dir/C_/Users/yoyom/Desktop/Pico/pico-sdk/src/rp2_common/hardware_flash/flash.c.obj
 .time_critical.flash_cs_force
                0x20000298       0x38 CMakeFiles/nano_http_client.dir/C_/Users/yoyom/Desktop/Pico/pico-sdk/src/rp2_common/hardware_flash/flash.c.obj
 .time_critical.flash_do_cmd
                0x200002d0       0xc4 CMakeFiles/nano_http_client.dir/C_/Users/yoyom/Desktop/Pico/pico-sdk/src/rp2_common/hardware_flash/flash.c.obj
                0x200002d0                flash_do_cmd
 .time_critical.reset_non_control_endpoints
                0x20000394       0xbc CMakeFiles/nano_http_client.dir/C_/Users/yoyom/Desktop/Pico/pico-sdk/lib/tinyusb/src/portable/raspberrypi/rp2040/dcd_rp2040.c.obj
 .time_critical.hw_handle_buff_status
                0x20000450       0xa8 CMakeFiles/nano_http_client.dir/C_/Users/yoyom/Desktop/Pico/pico-sdk/lib/tinyusb/src/portable/raspberrypi/rp2040/dcd_rp2040.c.obj
 .time_critical.dcd_rp2040_irq
                0x200004f8      0x554 CMakeFiles/nano_http_client.dir/C_/Users/yoyom/Desktop/Pico/pico-sdk/lib/tinyusb/src/portable/raspberrypi/rp2040/dcd_rp2040.c.obj
 .time_critical.prepare_ep_buffer
                0x20000a4c       0xf4 CMakeFiles/nano_http_client.dir/C_/Users/yoyom/Desktop/Pico/pico-sdk/lib/tinyusb/src/portable/raspberrypi/rp2040/rp2040_usb.c.obj
 .time_critical.sync_ep_buffer
                0x20000b40       0xb4 CMakeFiles/nano_http_client.dir/C_/Users/yoyom/Desktop/Pico/pico-sdk/lib/tinyusb/src/portable/raspberrypi/rp2040/rp2040_usb.c.obj
 .time_critical._hw_endpoint_xfer_sync