Archive member included to satisfy reference by file (symbol)

c:/vsarm/armcc/102021~1.10/bin/../lib/gcc/arm-none-eabi/10.3.1/thumb/v6-m/nofp\libgcc.a(_dvmd_tls.o)
                              CMakeFiles/pico_w_webserver.dir/C_/Users/yoyom/Desktop/Pico/pico-sdk/src/rp2_common/pico_divider/divider_hardware.S.obj (__aeabi_idiv0)
c:/vsarm/armcc/102021~1.10/bin/../lib/gcc/arm-none-eabi/10.3.1/../../../../arm-none-eabi/lib/thumb/v6-m/nofp\libg.a(lib_a-atoi.o)
                              CMakeFiles/pico_w_webserver.dir/C_/Users/yoyom/Desktop/Pico/pico-sdk/lib/lwip/src/core/netif.c.obj (atoi)
c:/vsarm/armcc/102021~1.10/bin/../lib/gcc/arm-none-eabi/10.3.1/../../../../arm-none-eabi/lib/thumb/v6-m/nofp\libg.a(lib_a-calloc.o)
                              CMakeFiles/pico_w_webserver.dir/C_/Users/yoyom/Desktop/Pico/pico-sdk/src/rp2_common/pico_malloc/malloc.c.obj (calloc)
c:/vsarm/armcc/102021~1.10/bin/../lib/gcc/arm-none-eabi/10.3.1/../../../../arm-none-eabi/lib/thumb/v6-m/nofp\libg.a(lib_a-callocr.o)
                              c:/vsarm/armcc/102021~1.10/bin/../lib/gcc/arm-none-eabi/10.3.1/../../../../arm-none-eabi/lib/thumb/v6-m/nofp\libg.a(lib_a-calloc.o) (_calloc_r)
c:/vsarm/armcc/102021~1.10/bin/../lib/gcc/arm-none-eabi/10.3.1/../../../../arm-none-eabi/lib/thumb/v6-m/nofp\libg.a(lib_a-ctype_.o)
                              CMakeFiles/pico_w_webserver.dir/C_/Users/yoyom/Desktop/Pico/pico-sdk/lib/lwip/src/core/dns.c.obj (_ctype_)
c:/vsarm/armcc/102021~1.10/bin/../lib/gcc/arm-none-eabi/10.3.1/../../../../arm-none-eabi/lib/thumb/v6-m/nofp\libg.a(lib_a-errno.o)
                              c:/vsarm/armcc/102021~1.10/bin/../lib/gcc/arm-none-eabi/10.3.1/../../../../arm-none-eabi/lib/thumb/v6-m/nofp\libg.a(lib_a-callocr.o) (__errno)
c:/vsarm/armcc/102021~1.10/bin/../lib/gcc/arm-none-eabi/10.3.1/../../../../arm-none-eabi/lib/thumb/v6-m/nofp\libg.a(lib_a-impure.o)
                              c:/vsarm/armcc/102021~1.10/bin/../lib/gcc/arm-none-eabi/10.3.1/../../../../arm-none-eabi/lib/thumb/v6-m/nofp\libg.a(lib_a-calloc.o) (_impure_ptr)
c:/vsarm/armcc/102021~1.10/bin/../lib/gcc/arm-none-eabi/10.3.1/../../../../arm-none-eabi/lib/thumb/v6-m/nofp\libg.a(lib_a-init.o)
                              c:/vsarm/armcc/102021~1.10/bin/../lib/gcc/arm-none-eabi/10.3.1/../../../../arm-none-eabi/lib/thumb/v6-m/nofp/crt0.o (__libc_init_array)
c:/vsarm/armcc/102021~1.10/bin/../lib/gcc/arm-none-eabi/10.3.1/../../../../arm-none-eabi/lib/thumb/v6-m/nofp\libg.a(lib_a-lcltime_r.o)
                              CMakeFiles/pico_w_webserver.dir/C_/Users/yoyom/Desktop/Pico/pico-sdk/src/common/pico_util/datetime.c.obj (localtime_r)
c:/vsarm/armcc/102021~1.10/bin/../lib/gcc/arm-none-eabi/10.3.1/../../../../arm-none-eabi/lib/thumb/v6-m/nofp\libg.a(lib_a-malloc.o)
                              CMakeFiles/pico_w_webserver.dir/C_/Users/yoyom/Desktop/Pico/pico-sdk/src/rp2_common/pico_malloc/malloc.c.obj (malloc)
c:/vsarm/armcc/102021~1.10/bin/../lib/gcc/arm-none-eabi/10.3.1/../../../../arm-none-eabi/lib/thumb/v6-m/nofp\libg.a(lib_a-mallocr.o)
                              c:/vsarm/armcc/102021~1.10/bin/../lib/gcc/arm-none-eabi/10.3.1/../../../../arm-none-eabi/lib/thumb/v6-m/nofp\libg.a(lib_a-callocr.o) (_malloc_r)
c:/vsarm/armcc/102021~1.10/bin/../lib/gcc/arm-none-eabi/10.3.1/../../../../arm-none-eabi/lib/thumb/v6-m/nofp\libg.a(lib_a-memcmp.o)
                              CMakeFiles/pico_w_webserver.dir/C_/Users/yoyom/Desktop/Pico/pico-sdk/lib/lwip/src/netif/ethernet.c.obj (memcmp)
c:/vsarm/armcc/102021~1.10/bin/../lib/gcc/arm-none-eabi/10.3.1/../../../../arm-none-eabi/lib/thumb/v6-m/nofp\libg.a(lib_a-memmove.o)
                              CMakeFiles/pico_w_webserver.dir/C_/Users/yoyom/Desktop/Pico/pico-sdk/lib/lwip/src/core/def.c.obj (memmove)
c:/vsarm/armcc/102021~1.10/bin/../lib/gcc/arm-none-eabi/10.3.1/../../../../arm-none-eabi/lib/thumb/v6-m/nofp\libg.a(lib_a-mktime.o)
                              CMakeFiles/pico_w_webserver.dir/C_/Users/yoyom/Desktop/Pico/pico-sdk/src/common/pico_util/datetime.c.obj (mktime)
c:/vsarm/armcc/102021~1.10/bin/../lib/gcc/arm-none-eabi/10.3.1/../../../../arm-none-eabi/lib/thumb/v6-m/nofp\libg.a(lib_a-mlock.o)
                              c:/vsarm/armcc/102021~1.10/bin/../lib/gcc/arm-none-eabi/10.3.1/../../../../arm-none-eabi/lib/thumb/v6-m/nofp\libg.a(lib_a-mallocr.o) (__malloc_lock)
c:/vsarm/armcc/102021~1.10/bin/../lib/gcc/arm-none-eabi/10.3.1/../../../../arm-none-eabi/lib/thumb/v6-m/nofp\libg.a(lib_a-month_lengths.o)
                              c:/vsarm/armcc/102021~1.10/bin/../lib/gcc/arm-none-eabi/10.3.1/../../../../arm-none-eabi/lib/thumb/v6-m/nofp\libg.a(lib_a-lcltime_r.o) (__month_lengths)
c:/vsarm/armcc/102021~1.10/bin/../lib/gcc/arm-none-eabi/10.3.1/../../../../arm-none-eabi/lib/thumb/v6-m/nofp\libg.a(lib_a-realloc.o)
                              CMakeFiles/pico_w_webserver.dir/C_/Users/yoyom/Desktop/Pico/pico-sdk/src/rp2_common/pico_malloc/malloc.c.obj (realloc)
[...]
Memory Configuration

Name             Origin             Length             Attributes
FLASH            0x10000000         0x00200000         xr
RAM              0x20000000         0x00040000         xrw
SCRATCH_X        0x20040000         0x00001000         xrw
SCRATCH_Y        0x20041000         0x00001000         xrw
*default*        0x00000000         0xffffffff

Linker script and memory map

LOAD c:/vsarm/armcc/102021~1.10/bin/../lib/gcc/arm-none-eabi/10.3.1/thumb/v6-m/nofp/crti.o
LOAD c:/vsarm/armcc/102021~1.10/bin/../lib/gcc/arm-none-eabi/10.3.1/thumb/v6-m/nofp/crtbegin.o
LOAD c:/vsarm/armcc/102021~1.10/bin/../lib/gcc/arm-none-eabi/10.3.1/../../../../arm-none-eabi/lib/thumb/v6-m/nofp/crt0.o

.flash_begin    0x10000000        0x0
                0x10000000                __flash_binary_start = .

.boot2          0x10000000      0x100
                0x10000000                __boot2_start__ = .
 *(.boot2)
 .boot2         0x10000000      0x100 pico-sdk/src/rp2040/boot_stage2/CMakeFiles/bs2_default_library.dir/./bs2_default_padded_checksummed.S.obj
                0x10000100                __boot2_end__ = .
                0x00000001                ASSERT (((__boot2_end__ - __boot2_start__) == 0x100), ERROR: Pico second stage bootloader must be 256 bytes in size)

.text           0x10000100    0x19e14
                0x10000100                __logical_binary_start = .
 *(.vectors)
 .vectors       0x10000100       0xd4 CMakeFiles/pico_w_webserver.dir/C_/Users/yoyom/Desktop/Pico/pico-sdk/src/rp2_common/pico_crt0/crt0.S.obj
                0x10000100                __VECTOR_TABLE
                0x10000100                __vectors
                0x100001c0                isr_invalid
                0x100001c0                __default_isrs_start
                0x100001c2                isr_nmi
                0x100001c4                isr_hardfault
                0x100001c6                isr_svcall
                0x100001c8                isr_pendsv
                0x100001ca                isr_systick
                0x100001cc                isr_irq23
                0x100001cc                isr_irq18
                0x100001cc                isr_irq11
                0x100001cc                isr_irq28
                0x100001cc                isr_irq19
                0x100001cc                isr_irq0
                0x100001cc                isr_irq6
                0x100001cc                isr_irq5
                0x100001cc                isr_irq12
                0x100001cc                isr_irq22
                0x100001cc                isr_irq31
                0x100001cc                isr_irq17
                0x100001cc                isr_irq27
                0x100001cc                isr_irq30
                0x100001cc                isr_irq2
                0x100001cc                isr_irq10
                0x100001cc                isr_irq8
                0x100001cc                isr_irq24
                0x100001cc                isr_irq1
                0x100001cc                isr_irq7
                0x100001cc                isr_irq21
                0x100001cc                isr_irq20
                0x100001cc                isr_irq15
                0x100001cc                isr_irq25
                0x100001cc                isr_irq13
                0x100001cc                __unhandled_user_irq
                0x100001cc                isr_irq4
                0x100001cc                isr_irq16
                0x100001cc                isr_irq29
                0x100001cc                isr_irq26
                0x100001cc                __default_isrs_end
                0x100001cc                isr_irq3
                0x100001cc                isr_irq14
                0x100001cc                isr_irq9
                0x100001d2                unhandled_user_irq_num_in_r0
 *(.binary_info_header)
 .binary_info_header
                0x100001d4       0x14 CMakeFiles/pico_w_webserver.dir/C_/Users/yoyom/Desktop/Pico/pico-sdk/src/rp2_common/pico_crt0/crt0.S.obj
                0x100001e8                __binary_info_header_end = .
 *(.embedded_block)
                0x100001e8                __embedded_block_end = .
 *(.reset)
 .reset         0x100001e8       0x9c CMakeFiles/pico_w_webserver.dir/C_/Users/yoyom/Desktop/Pico/pico-sdk/src/rp2_common/pico_crt0/crt0.S.obj
                0x100001e8                _entry_point
 *(.init)
 .init          0x10000284        0x4 c:/vsarm/armcc/102021~1.10/bin/../lib/gcc/arm-none-eabi/10.3.1/thumb/v6-m/nofp/crti.o
                0x10000284                _init
 *(EXCLUDE_FILE(*libm.a: *libc.a:*lib_a-mem*.o *libgcc.a:) .text*)
 .text          0x10000288       0x48 c:/vsarm/armcc/102021~1.10/bin/../lib/gcc/arm-none-eabi/10.3.1/thumb/v6-m/nofp/crtbegin.o
 .text.ssi_handler
                0x100002d0       0xe4 CMakeFiles/pico_w_webserver.dir/main.c.obj
                0x100002d0                ssi_handler
 .text.cgi_led_handler
                0x100003b4      0x298 CMakeFiles/pico_w_webserver.dir/main.c.obj
                0x100003b4                cgi_led_handler
 .text.ssi_init
                0x1000064c       0x40 CMakeFiles/pico_w_webserver.dir/main.c.obj
                0x1000064c                ssi_init
 .text.cgi_init
                0x1000068c       0x20 CMakeFiles/pico_w_webserver.dir/main.c.obj
                0x1000068c                cgi_init
 .text.startup.main
                0x100006ac      0x160 CMakeFiles/pico_w_webserver.dir/main.c.obj
                0x100006ac                main
 .text.rgb_led_init
                0x1000080c       0x94 CMakeFiles/pico_w_webserver.dir/led.c.obj
                0x1000080c                rgb_led_init
 .text.set_rgb_color
                0x100008a0       0x3c CMakeFiles/pico_w_webserver.dir/led.c.obj
                0x100008a0                set_rgb_color
 .text.motor_init
                0x100008dc       0x7c CMakeFiles/pico_w_webserver.dir/motor_driver.c.obj
                0x100008dc                motor_init
 .text.move_backward
                0x10000958       0x50 CMakeFiles/pico_w_webserver.dir/motor_driver.c.obj
                0x10000958                move_backward
 .text.move_forward
                0x100009a8       0x50 CMakeFiles/pico_w_webserver.dir/motor_driver.c.obj
                0x100009a8                move_forward
 .text.move_left
                0x100009f8       0x50 CMakeFiles/pico_w_webserver.dir/motor_driver.c.obj
                0x100009f8                move_left
 .text.move_right
                0x10000a48       0x50 CMakeFiles/pico_w_webserver.dir/motor_driver.c.obj
                0x10000a48                move_right
 .text.stop_car
                0x10000a98       0x44 CMakeFiles/pico_w_webserver.dir/motor_driver.c.obj
                0x10000a98                stop_car
 .text.buzzer_init
                0x10000adc       0x50 CMakeFiles/pico_w_webserver.dir/buzzer.c.obj
                0x10000adc                buzzer_init
 .text.buzzer_on
                0x10000b2c       0x1c CMakeFiles/pico_w_webserver.dir/buzzer.c.obj
                0x10000b2c                buzzer_on
 .text.buzzer_off
                0x10000b48       0x18 CMakeFiles/pico_w_webserver.dir/buzzer.c.obj
                0x10000b48                buzzer_off
 .text.buzzer_sound
                0x10000b60       0x58 CMakeFiles/pico_w_webserver.dir/buzzer.c.obj
                0x10000b60                buzzer_sound
 .text.ultrasonic_init
                0x10000bb8       0x24 CMakeFiles/pico_w_webserver.dir/ultrasonic.c.obj
                0x10000bb8                ultrasonic_init
 .text.ultrasonic_get_distance
                0x10000bdc       0xf4 CMakeFiles/pico_w_webserver.dir/ultrasonic.c.obj
                0x10000bdc                ultrasonic_get_distance
 .text.lwip_timeout_reached
                0x10000cd0        0x8 CMakeFiles/pico_w_webserver.dir/C_/Users/yoyom/Desktop/Pico/pico-sdk/src/rp2_common/pico_lwip/lwip_nosys.c.obj
 .text.update_next_timeout
                0x10000cd8       0x6c CMakeFiles/pico_w_webserver.dir/C_/Users/yoyom/Desktop/Pico/pico-sdk/src/rp2_common/pico_lwip/lwip_nosys.c.obj
 .text.lwip_nosys_init
                0x10000d44       0x30 CMakeFiles/pico_w_webserver.dir/C_/Users/yoyom/Desktop/Pico/pico-sdk/src/rp2_common/pico_lwip/lwip_nosys.c.obj
                0x10000d44                lwip_nosys_init
 .text.lwip_nosys_deinit
                0x10000d74       0x20 CMakeFiles/pico_w_webserver.dir/C_/Users/yoyom/Desktop/Pico/pico-sdk/src/rp2_common/pico_lwip/lwip_nosys.c.obj
                0x10000d74                lwip_nosys_deinit
 .text.sys_arch_protect
                0x10000d94        0x4 CMakeFiles/pico_w_webserver.dir/C_/Users/yoyom/Desktop/Pico/pico-sdk/src/rp2_common/pico_lwip/lwip_nosys.c.obj
                0x10000d94                sys_arch_protect
 .text.sys_arch_unprotect
                0x10000d98        0x4 CMakeFiles/pico_w_webserver.dir/C_/Users/yoyom/Desktop/Pico/pico-sdk/src/rp2_common/pico_lwip/lwip_nosys.c.obj
                0x10000d98                sys_arch_unprotect
 .text.sys_now  0x10000d9c       0x20 CMakeFiles/pico_w_webserver.dir/C_/Users/yoyom/Desktop/Pico/pico-sdk/src/rp2_common/pico_lwip/lwip_nosys.c.obj
                0x10000d9c                sys_now
 .text.async_context_base_add_at_time_worker
                0x10000dbc       0x28 CMakeFiles/pico_w_webserver.dir/C_/Users/yoyom/Desktop/Pico/pico-sdk/src/rp2_common/pico_async_context/async_context_base.c.obj
                0x10000dbc                async_context_base_add_at_time_worker
 .text.async_context_base_remove_at_time_worker
                0x10000de4       0x28 CMakeFiles/pico_w_webserver.dir/C_/Users/yoyom/Desktop/Pico/pico-sdk/src/rp2_common/pico_async_context/async_context_base.c.obj
                0x10000de4                async_context_base_remove_at_time_worker
 .text.async_context_base_add_when_pending_worker
                0x10000e0c       0x24 CMakeFiles/pico_w_webserver.dir/C_/Users/yoyom/Desktop/Pico/pico-sdk/src/rp2_common/pico_async_context/async_context_base.c.obj
                0x10000e0c                async_context_base_add_when_pending_worker
 .text.async_context_base_remove_when_pending_worker
                0x10000e30       0x28 CMakeFiles/pico_w_webserver.dir/C_/Users/yoyom/Desktop/Pico/pico-sdk/src/rp2_common/pico_async_context/async_context_base.c.obj
                0x10000e30                async_context_base_remove_when_pending_worker
 .text.async_context_base_execute_once
                0x10000e58       0xe8 CMakeFiles/pico_w_webserver.dir/C_/Users/yoyom/Desktop/Pico/pico-sdk/src/rp2_common/pico_async_context/async_context_base.c.obj
                0x10000e58                async_context_base_execute_once
 .text.rp2040_chip_version
                0x10000f40        0xc CMakeFiles/pico_w_webserver.dir/C_/Users/yoyom/Desktop/Pico/pico-sdk/src/rp2040/pico_platform/platform.c.obj
                0x10000f40                rp2040_chip_version
 .text.panic    0x10000f4c       0x30 CMakeFiles/pico_w_webserver.dir/C_/Users/yoyom/Desktop/Pico/pico-sdk/src/rp2_common/pico_platform_panic/panic.c.obj
                0x10000f4c                panic
 .text.splitmix64
                0x10000f7c       0x5c CMakeFiles/pico_w_webserver.dir/C_/Users/yoyom/Desktop/Pico/pico-sdk/src/rp2_common/pico_rand/rand.c.obj
 .text.xoroshiro128ss
                0x10000fd8       0x90 CMakeFiles/pico_w_webserver.dir/C_/Users/yoyom/Desktop/Pico/pico-sdk/src/rp2_common/pico_rand/rand.c.obj
 .text.get_rand_64
                0x10001068      0x484 CMakeFiles/pico_w_webserver.dir/C_/Users/yoyom/Desktop/Pico/pico-sdk/src/rp2_common/pico_rand/rand.c.obj
                0x10001068                get_rand_64
 .text.get_rand_32
                0x100014ec        0x8 CMakeFiles/pico_w_webserver.dir/C_/Users/yoyom/Desktop/Pico/pico-sdk/src/rp2_common/pico_rand/rand.c.obj
                0x100014ec                get_rand_32
 .text.startup._retrieve_unique_id_on_boot
                0x100014f4       0x10 CMakeFiles/pico_w_webserver.dir/C_/Users/yoyom/Desktop/Pico/pico-sdk/src/rp2_common/pico_unique_id/unique_id.c.obj
 .text.pico_get_unique_board_id
                0x10001504       0x10 CMakeFiles/pico_w_webserver.dir/C_/Users/yoyom/Desktop/Pico/pico-sdk/src/rp2_common/pico_unique_id/unique_id.c.obj
                0x10001504                pico_get_unique_board_id
 .text.pico_get_unique_board_id_string
                0x10001514      0x1a8 CMakeFiles/pico_w_webserver.dir/C_/Users/yoyom/Desktop/Pico/pico-sdk/src/rp2_common/pico_unique_id/unique_id.c.obj
                0x10001514                pico_get_unique_board_id_string
 .text.flash_get_unique_id
                0x100016bc       0x40 CMakeFiles/pico_w_webserver.dir/C_/Users/yoyom/Desktop/Pico/pico-sdk/src/rp2_common/hardware_flash/flash.c.obj
                0x100016bc                flash_get_unique_id
 .text.hw_claim_lock
                0x100016fc       0x18 CMakeFiles/pico_w_webserver.dir/C_/Users/yoyom/Desktop/Pico/pico-sdk/src/common/hardware_claim/claim.c.obj
                0x100016fc                hw_claim_lock
 .text.hw_claim_unlock
                0x10001714       0x14 CMakeFiles/pico_w_webserver.dir/C_/Users/yoyom/Desktop/Pico/pico-sdk/src/common/hardware_claim/claim.c.obj
                0x10001714                hw_claim_unlock
 .text.hw_claim_or_assert
                0x10001728       0x44 CMakeFiles/pico_w_webserver.dir/C_/Users/yoyom/Desktop/Pico/pico-sdk/src/common/hardware_claim/claim.c.obj
                0x10001728                hw_claim_or_assert
 .text.hw_claim_unused_from_range
                0x1000176c       0x9c CMakeFiles/pico_w_webserver.dir/C_/Users/yoyom/Desktop/Pico/pico-sdk/src/common/hardware_claim/claim.c.obj
                0x1000176c                hw_claim_unused_from_range
 .text.hw_claim_clear
                0x10001808       0x38 CMakeFiles/pico_w_webserver.dir/C_/Users/yoyom/Desktop/Pico/pico-sdk/src/common/hardware_claim/claim.c.obj
                0x10001808                hw_claim_clear
 .text.next_striped_spin_lock_num
                0x10001840       0x18 CMakeFiles/pico_w_webserver.dir/C_/Users/yoyom/Desktop/Pico/pico-sdk/src/rp2_common/hardware_sync/sync.c.obj
                0x10001840                next_striped_spin_lock_num
 .text.spin_lock_claim_unused
                0x10001858       0x20 CMakeFiles/pico_w_webserver.dir/C_/Users/yoyom/Desktop/Pico/pico-sdk/src/rp2_common/hardware_sync/sync.c.obj
                0x10001858                spin_lock_claim_unused
 .text.spin_locks_reset
                0x10001878       0x1c CMakeFiles/pico_w_webserver.dir/C_/Users/yoyom/Desktop/Pico/pico-sdk/src/rp2_common/hardware_sync_spin_lock/sync_spin_lock.c.obj
                0x10001878                spin_locks_reset
 .text.rom_func_lookup
                0x10001894       0x10 CMakeFiles/pico_w_webserver.dir/C_/Users/yoyom/Desktop/Pico/pico-sdk/src/rp2_common/pico_bootrom/bootrom.c.obj
                0x10001894                rom_func_lookup
 .text.rom_data_lookup
                0x100018a4       0x10 CMakeFiles/pico_w_webserver.dir/C_/Users/yoyom/Desktop/Pico/pico-sdk/src/rp2_common/pico_bootrom/bootrom.c.obj
                0x100018a4                rom_data_lookup
 .text.rom_funcs_lookup
                0x100018b4       0x44 CMakeFiles/pico_w_webserver.dir/C_/Users/yoyom/Desktop/Pico/pico-sdk/src/rp2_common/pico_bootrom/bootrom.c.obj
                0x100018b4                rom_funcs_lookup
 .text.rom_reset_usb_boot_extra
                0x100018f8       0x28 CMakeFiles/pico_w_webserver.dir/C_/Users/yoyom/Desktop/Pico/pico-sdk/src/rp2_common/pico_bootrom/bootrom.c.obj
                0x100018f8                rom_reset_usb_boot_extra
 .text.sleep_until_callback
                0x10001920       0x30 CMakeFiles/pico_w_webserver.dir/C_/Users/yoyom/Desktop/Pico/pico-sdk/src/common/pico_time/time.c.obj
 .text.alarm_pool_irq_handler
                0x10001950      0x308 CMakeFiles/pico_w_webserver.dir/C_/Users/yoyom/Desktop/Pico/pico-sdk/src/common/pico_time/time.c.obj
 .text.runtime_init_default_alarm_pool
                0x10001c58       0xdc CMakeFiles/pico_w_webserver.dir/C_/Users/yoyom/Desktop/Pico/pico-sdk/src/common/pico_time/time.c.obj
                0x10001c58                runtime_init_default_alarm_pool
 .text.alarm_pool_get_default
                0x10001d34        0x8 CMakeFiles/pico_w_webserver.dir/C_/Users/yoyom/Desktop/Pico/pico-sdk/src/common/pico_time/time.c.obj
                0x10001d34                alarm_pool_get_default
 .text.alarm_pool_add_alarm_at
                0x10001d3c       0xc8 CMakeFiles/pico_w_webserver.dir/C_/Users/yoyom/Desktop/Pico/pico-sdk/src/common/pico_time/time.c.obj
                0x10001d3c                alarm_pool_add_alarm_at
 .text.alarm_pool_add_alarm_at_force_in_context
                0x10001e04       0xb0 CMakeFiles/pico_w_webserver.dir/C_/Users/yoyom/Desktop/Pico/pico-sdk/src/common/pico_time/time.c.obj
                0x10001e04                alarm_pool_add_alarm_at_force_in_context
 .text.alarm_pool_cancel_alarm
                0x10001eb4       0x7c CMakeFiles/pico_w_webserver.dir/C_/Users/yoyom/Desktop/Pico/pico-sdk/src/common/pico_time/time.c.obj
                0x10001eb4                alarm_pool_cancel_alarm
 .text.alarm_pool_core_num
                0x10001f30        0x4 CMakeFiles/pico_w_webserver.dir/C_/Users/yoyom/Desktop/Pico/pico-sdk/src/common/pico_time/time.c.obj
                0x10001f30                alarm_pool_core_num
 .text.sleep_until
                0x10001f34       0xd0 CMakeFiles/pico_w_webserver.dir/C_/Users/yoyom/Desktop/Pico/pico-sdk/src/common/pico_time/time.c.obj
                0x10001f34                sleep_until
 .text.sleep_us
                0x10002004       0x24 CMakeFiles/pico_w_webserver.dir/C_/Users/yoyom/Desktop/Pico/pico-sdk/src/common/pico_time/time.c.obj
                0x10002004                sleep_us
 .text.sleep_ms
                0x10002028       0x34 CMakeFiles/pico_w_webserver.dir/C_/Users/yoyom/Desktop/Pico/pico-sdk/src/common/pico_time/time.c.obj
                0x10002028                sleep_ms
 .text.best_effort_wfe_or_timeout
                0x1000205c       0xe0 CMakeFiles/pico_w_webserver.dir/C_/Users/yoyom/Desktop/Pico/pico-sdk/src/common/pico_time/time.c.obj
                0x1000205c                best_effort_wfe_or_timeout
 .text.timer_hardware_alarm_claim
                0x1000213c       0x14 CMakeFiles/pico_w_webserver.dir/C_/Users/yoyom/Desktop/Pico/pico-sdk/src/rp2_common/hardware_timer/timer.c.obj
                0x1000213c                timer_hardware_alarm_claim
 .text.timer_time_us_64
                0x10002150       0x10 CMakeFiles/pico_w_webserver.dir/C_/Users/yoyom/Desktop/Pico/pico-sdk/src/rp2_common/hardware_timer/timer.c.obj
                0x10002150                timer_time_us_64
 .text.time_us_64
                0x10002160       0x14 CMakeFiles/pico_w_webserver.dir/C_/Users/yoyom/Desktop/Pico/pico-sdk/src/rp2_common/hardware_timer/timer.c.obj
                0x10002160                time_us_64
 .text.busy_wait_until
                0x10002174       0x20 CMakeFiles/pico_w_webserver.dir/C_/Users/yoyom/Desktop/Pico/pico-sdk/src/rp2_common/hardware_timer/timer.c.obj
                0x10002174                busy_wait_until
 .text.runtime_init_per_core_irq_priorities
                0x10002194       0x24 CMakeFiles/pico_w_webserver.dir/C_/Users/yoyom/Desktop/Pico/pico-sdk/src/rp2_common/hardware_irq/irq.c.obj
                0x10002194                runtime_init_per_core_irq_priorities
 .text.irq_set_enabled
                0x100021b8       0x24 CMakeFiles/pico_w_webserver.dir/C_/Users/yoyom/Desktop/Pico/pico-sdk/src/rp2_common/hardware_irq/irq.c.obj
                0x100021b8                irq_set_enabled
 .text.irq_is_enabled
                0x100021dc       0x18 CMakeFiles/pico_w_webserver.dir/C_/Users/yoyom/Desktop/Pico/pico-sdk/src/rp2_common/hardware_irq/irq.c.obj
                0x100021dc                irq_is_enabled
 .text.irq_set_pending
                0x100021f4       0x10 CMakeFiles/pico_w_webserver.dir/C_/Users/yoyom/Desktop/Pico/pico-sdk/src/rp2_common/hardware_irq/irq.c.obj
                0x100021f4                irq_set_pending
 .text.irq_has_shared_handler
                0x10002204       0x2c CMakeFiles/pico_w_webserver.dir/C_/Users/yoyom/Desktop/Pico/pico-sdk/src/rp2_common/hardware_irq/irq.c.obj
                0x10002204                irq_has_shared_handler
 .text.irq_set_exclusive_handler
                0x10002230       0x54 CMakeFiles/pico_w_webserver.dir/C_/Users/yoyom/Desktop/Pico/pico-sdk/src/rp2_common/hardware_irq/irq.c.obj
                0x10002230                irq_set_exclusive_handler
 .text.irq_add_shared_handler
                0x10002284      0x1e8 CMakeFiles/pico_w_webserver.dir/C_/Users/yoyom/Desktop/Pico/pico-sdk/src/rp2_common/hardware_irq/irq.c.obj
                0x10002284                irq_add_shared_handler
 .text.irq_remove_handler
                0x1000246c      0x1c4 CMakeFiles/pico_w_webserver.dir/C_/Users/yoyom/Desktop/Pico/pico-sdk/src/rp2_common/hardware_irq/irq.c.obj
                0x1000246c                irq_remove_handler
 .text.irq_set_priority
                0x10002630       0x28 CMakeFiles/pico_w_webserver.dir/C_/Users/yoyom/Desktop/Pico/pico-sdk/src/rp2_common/hardware_irq/irq.c.obj
                0x10002630                irq_set_priority
 .text.irq_add_tail_to_free_list
                0x10002658       0xb4 CMakeFiles/pico_w_webserver.dir/C_/Users/yoyom/Desktop/Pico/pico-sdk/src/rp2_common/hardware_irq/irq.c.obj
                0x10002658                irq_add_tail_to_free_list
 .text.user_irq_unclaim
                0x1000270c       0x14 CMakeFiles/pico_w_webserver.dir/C_/Users/yoyom/Desktop/Pico/pico-sdk/src/rp2_common/hardware_irq/irq.c.obj
                0x1000270c                user_irq_unclaim
 .text.user_irq_claim_unused
                0x10002720       0x28 CMakeFiles/pico_w_webserver.dir/C_/Users/yoyom/Desktop/Pico/pico-sdk/src/rp2_common/hardware_irq/irq.c.obj
                0x10002720                user_irq_claim_unused
 .text.sem_init
                0x10002748       0x20 CMakeFiles/pico_w_webserver.dir/C_/Users/yoyom/Desktop/Pico/pico-sdk/src/common/pico_sync/sem.c.obj
                0x10002748                sem_init
 .text.lock_init
                0x10002768       0x10 CMakeFiles/pico_w_webserver.dir/C_/Users/yoyom/Desktop/Pico/pico-sdk/src/common/pico_sync/lock_core.c.obj
                0x10002768                lock_init
 .text.runtime_init_mutex
                0x10002778       0x58 CMakeFiles/pico_w_webserver.dir/C_/Users/yoyom/Desktop/Pico/pico-sdk/src/common/pico_sync/mutex.c.obj
                0x10002778                runtime_init_mutex
 .text.mutex_init
                0x100027d0       0x1c CMakeFiles/pico_w_webserver.dir/C_/Users/yoyom/Desktop/Pico/pico-sdk/src/common/pico_sync/mutex.c.obj
                0x100027d0                mutex_init
 .text.recursive_mutex_init
                0x100027ec       0x1c CMakeFiles/pico_w_webserver.dir/C_/Users/yoyom/Desktop/Pico/pico-sdk/src/common/pico_sync/mutex.c.obj
                0x100027ec                recursive_mutex_init
 .text.critical_section_init
                0x10002808       0x20 CMakeFiles/pico_w_webserver.dir/C_/Users/yoyom/Desktop/Pico/pico-sdk/src/common/pico_sync/critical_section.c.obj
                0x10002808                critical_section_init
 .text.critical_section_init_with_lock_num
                0x10002828       0x14 CMakeFiles/pico_w_webserver.dir/C_/Users/yoyom/Desktop/Pico/pico-sdk/src/common/pico_sync/critical_section.c.obj
                0x10002828                critical_section_init_with_lock_num
 .text.clock_configure_int_divider
                0x1000283c       0xf4 CMakeFiles/pico_w_webserver.dir/C_/Users/yoyom/Desktop/Pico/pico-sdk/src/rp2_common/hardware_clocks/clocks.c.obj
                0x1000283c                clock_configure_int_divider
 .text.clock_configure_undivided
                0x10002930       0xe8 CMakeFiles/pico_w_webserver.dir/C_/Users/yoyom/Desktop/Pico/pico-sdk/src/rp2_common/hardware_clocks/clocks.c.obj
                0x10002930                clock_configure_undivided
 .text.clock_get_hz
                0x10002a18        0xc CMakeFiles/pico_w_webserver.dir/C_/Users/yoyom/Desktop/Pico/pico-sdk/src/rp2_common/hardware_clocks/clocks.c.obj
                0x10002a18                clock_get_hz
 .text.gpio_set_function
                0x10002a24       0x34 CMakeFiles/pico_w_webserver.dir/C_/Users/yoyom/Desktop/Pico/pico-sdk/src/rp2_common/hardware_gpio/gpio.c.obj
                0x10002a24                gpio_set_function
 .text.gpio_set_pulls
                0x10002a58       0x34 CMakeFiles/pico_w_webserver.dir/C_/Users/yoyom/Desktop/Pico/pico-sdk/src/rp2_common/hardware_gpio/gpio.c.obj
                0x10002a58                gpio_set_pulls
 .text.gpio_set_input_hysteresis_enabled
                0x10002a8c       0x28 CMakeFiles/pico_w_webserver.dir/C_/Users/yoyom/Desktop/Pico/pico-sdk/src/rp2_common/hardware_gpio/gpio.c.obj
                0x10002a8c                gpio_set_input_hysteresis_enabled
 .text.gpio_set_irq_enabled
                0x10002ab4       0x58 CMakeFiles/pico_w_webserver.dir/C_/Users/yoyom/Desktop/Pico/pico-sdk/src/rp2_common/hardware_gpio/gpio.c.obj
                0x10002ab4                gpio_set_irq_enabled
 .text.gpio_add_raw_irq_handler_with_order_priority_masked
                0x10002b0c       0x44 CMakeFiles/pico_w_webserver.dir/C_/Users/yoyom/Desktop/Pico/pico-sdk/src/rp2_common/hardware_gpio/gpio.c.obj
                0x10002b0c                gpio_add_raw_irq_handler_with_order_priority_masked
 .text.gpio_remove_raw_irq_handler_masked
                0x10002b50       0x20 CMakeFiles/pico_w_webserver.dir/C_/Users/yoyom/Desktop/Pico/pico-sdk/src/rp2_common/hardware_gpio/gpio.c.obj
                0x10002b50                gpio_remove_raw_irq_handler_masked
 .text.gpio_init
                0x10002b70       0x40 CMakeFiles/pico_w_webserver.dir/C_/Users/yoyom/Desktop/Pico/pico-sdk/src/rp2_common/hardware_gpio/gpio.c.obj
                0x10002b70                gpio_init
 .text.pll_init
                0x10002bb0       0xa0 CMakeFiles/pico_w_webserver.dir/C_/Users/yoyom/Desktop/Pico/pico-sdk/src/rp2_common/hardware_pll/pll.c.obj
                0x10002bb0                pll_init
 .text.watchdog_reboot
                0x10002c50       0x98 CMakeFiles/pico_w_webserver.dir/C_/Users/yoyom/Desktop/Pico/pico-sdk/src/rp2_common/hardware_watchdog/watchdog.c.obj
                0x10002c50                watchdog_reboot
 .text.tick_start
                0x10002ce8       0x10 CMakeFiles/pico_w_webserver.dir/C_/Users/yoyom/Desktop/Pico/pico-sdk/src/rp2_common/hardware_ticks/ticks.c.obj
                0x10002ce8                tick_start
 .text.xosc_init
                0x10002cf8       0x28 CMakeFiles/pico_w_webserver.dir/C_/Users/yoyom/Desktop/Pico/pico-sdk/src/rp2_common/hardware_xosc/xosc.c.obj
                0x10002cf8                xosc_init
 .text.lwip_init
                0x10002d20       0x24 CMakeFiles/pico_w_webserver.dir/C_/Users/yoyom/Desktop/Pico/pico-sdk/lib/lwip/src/core/init.c.obj
                0x10002d20                lwip_init
 .text.lwip_htons
                0x10002d44        0x8 CMakeFiles/pico_w_webserver.dir/C_/Users/yoyom/Desktop/Pico/pico-sdk/lib/lwip/src/core/def.c.obj
                0x10002d44                lwip_htons
 .text.lwip_htonl
                0x10002d4c        0x4 CMakeFiles/pico_w_webserver.dir/C_/Users/yoyom/Desktop/Pico/pico-sdk/lib/lwip/src/core/def.c.obj
                0x10002d4c                lwip_htonl
 .text.lwip_strnstr
                0x10002d50       0x5c CMakeFiles/pico_w_webserver.dir/C_/Users/yoyom/Desktop/Pico/pico-sdk/lib/lwip/src/core/def.c.obj
                0x10002d50                lwip_strnstr
 .text.lwip_stricmp
                0x10002dac       0x34 CMakeFiles/pico_w_webserver.dir/C_/Users/yoyom/Desktop/Pico/pico-sdk/lib/lwip/src/core/def.c.obj
                0x10002dac                lwip_stricmp
 .text.dns_call_found
                0x10002de0      0x134 CMakeFiles/pico_w_webserver.dir/C_/Users/yoyom/Desktop/Pico/pico-sdk/lib/lwip/src/core/dns.c.obj
 .text.dns_send.isra.0
                0x10002f14      0x168 CMakeFiles/pico_w_webserver.dir/C_/Users/yoyom/Desktop/Pico/pico-sdk/lib/lwip/src/core/dns.c.obj
 .text.dns_init
                0x1000307c        0x4 CMakeFiles/pico_w_webserver.dir/C_/Users/yoyom/Desktop/Pico/pico-sdk/lib/lwip/src/core/dns.c.obj
                0x1000307c                dns_init
 .text.dns_setserver
                0x10003080       0x2c CMakeFiles/pico_w_webserver.dir/C_/Users/yoyom/Desktop/Pico/pico-sdk/lib/lwip/src/core/dns.c.obj
                0x10003080                dns_setserver
 .text.dns_tmr  0x100030ac      0x138 CMakeFiles/pico_w_webserver.dir/C_/Users/yoyom/Desktop/Pico/pico-sdk/lib/lwip/src/core/dns.c.obj
                0x100030ac                dns_tmr
 .text.lwip_standard_chksum
                0x100031e4       0xd8 CMakeFiles/pico_w_webserver.dir/C_/Users/yoyom/Desktop/Pico/pico-sdk/lib/lwip/src/core/inet_chksum.c.obj
                0x100031e4                lwip_standard_chksum
 .text.inet_chksum_pseudo
                0x100032bc       0xb4 CMakeFiles/pico_w_webserver.dir/C_/Users/yoyom/Desktop/Pico/pico-sdk/lib/lwip/src/core/inet_chksum.c.obj
                0x100032bc                inet_chksum_pseudo
 .text.ip_chksum_pseudo
                0x10003370       0x10 CMakeFiles/pico_w_webserver.dir/C_/Users/yoyom/Desktop/Pico/pico-sdk/lib/lwip/src/core/inet_chksum.c.obj
                0x10003370                ip_chksum_pseudo
 .text.inet_chksum
                0x10003380        0xc CMakeFiles/pico_w_webserver.dir/C_/Users/yoyom/Desktop/Pico/pico-sdk/lib/lwip/src/core/inet_chksum.c.obj
                0x10003380                inet_chksum
 .text.inet_chksum_pbuf
                0x1000338c       0x6c CMakeFiles/pico_w_webserver.dir/C_/Users/yoyom/Desktop/Pico/pico-sdk/lib/lwip/src/core/inet_chksum.c.obj
                0x1000338c                inet_chksum_pbuf
 .text.mem_init
                0x100033f8       0x40 CMakeFiles/pico_w_webserver.dir/C_/Users/yoyom/Desktop/Pico/pico-sdk/lib/lwip/src/core/mem.c.obj
                0x100033f8                mem_init
 .text.mem_free
                0x10003438      0x11c CMakeFiles/pico_w_webserver.dir/C_/Users/yoyom/Desktop/Pico/pico-sdk/lib/lwip/src/core/mem.c.obj
                0x10003438                mem_free
 .text.mem_trim
                0x10003554      0x110 CMakeFiles/pico_w_webserver.dir/C_/Users/yoyom/Desktop/Pico/pico-sdk/lib/lwip/src/core/mem.c.obj
                0x10003554                mem_trim
 .text.mem_malloc
                0x10003664      0x120 CMakeFiles/pico_w_webserver.dir/C_/Users/yoyom/Desktop/Pico/pico-sdk/lib/lwip/src/core/mem.c.obj
                0x10003664                mem_malloc
 .text.memp_init
                0x10003784       0x6c CMakeFiles/pico_w_webserver.dir/C_/Users/yoyom/Desktop/Pico/pico-sdk/lib/lwip/src/core/memp.c.obj
                0x10003784                memp_init
 .text.memp_malloc
                0x100037f0       0x3c CMakeFiles/pico_w_webserver.dir/C_/Users/yoyom/Desktop/Pico/pico-sdk/lib/lwip/src/core/memp.c.obj
                0x100037f0                memp_malloc
 .text.memp_free
                0x1000382c       0x38 CMakeFiles/pico_w_webserver.dir/C_/Users/yoyom/Desktop/Pico/pico-sdk/lib/lwip/src/core/memp.c.obj
                0x1000382c                memp_free
 .text.netif_null_output_ip4
                0x10003864        0x8 CMakeFiles/pico_w_webserver.dir/C_/Users/yoyom/Desktop/Pico/pico-sdk/lib/lwip/src/core/netif.c.obj
 .text.netif_do_set_ipaddr.isra.0
                0x1000386c       0x70 CMakeFiles/pico_w_webserver.dir/C_/Users/yoyom/Desktop/Pico/pico-sdk/lib/lwip/src/core/netif.c.obj
 .text.netif_init
                0x100038dc        0x4 CMakeFiles/pico_w_webserver.dir/C_/Users/yoyom/Desktop/Pico/pico-sdk/lib/lwip/src/core/netif.c.obj
                0x100038dc                netif_init
 .text.netif_add
                0x100038e0      0x144 CMakeFiles/pico_w_webserver.dir/C_/Users/yoyom/Desktop/Pico/pico-sdk/lib/lwip/src/core/netif.c.obj
                0x100038e0                netif_add
 .text.netif_set_addr
                0x10003a24       0xb8 CMakeFiles/pico_w_webserver.dir/C_/Users/yoyom/Desktop/Pico/pico-sdk/lib/lwip/src/core/netif.c.obj
                0x10003a24                netif_set_addr
 .text.netif_remove
                0x10003adc       0x94 CMakeFiles/pico_w_webserver.dir/C_/Users/yoyom/Desktop/Pico/pico-sdk/lib/lwip/src/core/netif.c.obj
                0x10003adc                netif_remove
 .text.netif_set_default
                0x10003b70        0xc CMakeFiles/pico_w_webserver.dir/C_/Users/yoyom/Desktop/Pico/pico-sdk/lib/lwip/src/core/netif.c.obj
                0x10003b70                netif_set_default
 .text.netif_set_up
                0x10003b7c       0x40 CMakeFiles/pico_w_webserver.dir/C_/Users/yoyom/Desktop/Pico/pico-sdk/lib/lwip/src/core/netif.c.obj
                0x10003b7c                netif_set_up
 .text.netif_set_link_up
                0x10003bbc       0x44 CMakeFiles/pico_w_webserver.dir/C_/Users/yoyom/Desktop/Pico/pico-sdk/lib/lwip/src/core/netif.c.obj
                0x10003bbc                netif_set_link_up
 .text.netif_set_link_down
                0x10003c00       0x20 CMakeFiles/pico_w_webserver.dir/C_/Users/yoyom/Desktop/Pico/pico-sdk/lib/lwip/src/core/netif.c.obj
                0x10003c00                netif_set_link_down
 .text.netif_get_by_index
                0x10003c20       0x2c CMakeFiles/pico_w_webserver.dir/C_/Users/yoyom/Desktop/Pico/pico-sdk/lib/lwip/src/core/netif.c.obj
                0x10003c20                netif_get_by_index
 .text.pbuf_free.part.0
                0x10003c4c       0x7c CMakeFiles/pico_w_webserver.dir/C_/Users/yoyom/Desktop/Pico/pico-sdk/lib/lwip/src/core/pbuf.c.obj
 .text.pbuf_free_ooseq
                0x10003cc8       0x34 CMakeFiles/pico_w_webserver.dir/C_/Users/yoyom/Desktop/Pico/pico-sdk/lib/lwip/src/core/pbuf.c.obj
                0x10003cc8                pbuf_free_ooseq
 .text.pbuf_alloc
                0x10003cfc      0x130 CMakeFiles/pico_w_webserver.dir/C_/Users/yoyom/Desktop/Pico/pico-sdk/lib/lwip/src/core/pbuf.c.obj
                0x10003cfc                pbuf_alloc
 .text.pbuf_realloc
                0x10003e2c       0x88 CMakeFiles/pico_w_webserver.dir/C_/Users/yoyom/Desktop/Pico/pico-sdk/lib/lwip/src/core/pbuf.c.obj
                0x10003e2c                pbuf_realloc
 .text.pbuf_add_header
                0x10003eb4       0x54 CMakeFiles/pico_w_webserver.dir/C_/Users/yoyom/Desktop/Pico/pico-sdk/lib/lwip/src/core/pbuf.c.obj
                0x10003eb4                pbuf_add_header
 .text.pbuf_remove_header
                0x10003f08       0x44 CMakeFiles/pico_w_webserver.dir/C_/Users/yoyom/Desktop/Pico/pico-sdk/lib/lwip/src/core/pbuf.c.obj
                0x10003f08                pbuf_remove_header
 .text.pbuf_header_force
                0x10003f4c       0x74 CMakeFiles/pico_w_webserver.dir/C_/Users/yoyom/Desktop/Pico/pico-sdk/lib/lwip/src/core/pbuf.c.obj
                0x10003f4c                pbuf_header_force
 .text.pbuf_free
                0x10003fc0       0x18 CMakeFiles/pico_w_webserver.dir/C_/Users/yoyom/Desktop/Pico/pico-sdk/lib/lwip/src/core/pbuf.c.obj
                0x10003fc0                pbuf_free
 .text.pbuf_clen
                0x10003fd8       0x14 CMakeFiles/pico_w_webserver.dir/C_/Users/yoyom/Desktop/Pico/pico-sdk/lib/lwip/src/core/pbuf.c.obj
                0x10003fd8                pbuf_clen
 .text.pbuf_ref
                0x10003fec       0x28 CMakeFiles/pico_w_webserver.dir/C_/Users/yoyom/Desktop/Pico/pico-sdk/lib/lwip/src/core/pbuf.c.obj
                0x10003fec                pbuf_ref
 .text.pbuf_cat
                0x10004014       0x3c CMakeFiles/pico_w_webserver.dir/C_/Users/yoyom/Desktop/Pico/pico-sdk/lib/lwip/src/core/pbuf.c.obj
                0x10004014                pbuf_cat
 .text.pbuf_chain
                0x10004050       0x64 CMakeFiles/pico_w_webserver.dir/C_/Users/yoyom/Desktop/Pico/pico-sdk/lib/lwip/src/core/pbuf.c.obj
                0x10004050                pbuf_chain
 .text.pbuf_copy_partial_pbuf
                0x100040b4      0x13c CMakeFiles/pico_w_webserver.dir/C_/Users/yoyom/Desktop/Pico/pico-sdk/lib/lwip/src/core/pbuf.c.obj
                0x100040b4                pbuf_copy_partial_pbuf
 .text.pbuf_copy
                0x100041f0       0x18 CMakeFiles/pico_w_webserver.dir/C_/Users/yoyom/Desktop/Pico/pico-sdk/lib/lwip/src/core/pbuf.c.obj
                0x100041f0                pbuf_copy
 .text.pbuf_copy_partial
                0x10004208       0x70 CMakeFiles/pico_w_webserver.dir/C_/Users/yoyom/Desktop/Pico/pico-sdk/lib/lwip/src/core/pbuf.c.obj
                0x10004208                pbuf_copy_partial
 .text.pbuf_take
                0x10004278       0x78 CMakeFiles/pico_w_webserver.dir/C_/Users/yoyom/Desktop/Pico/pico-sdk/lib/lwip/src/core/pbuf.c.obj
                0x10004278                pbuf_take
 .text.pbuf_take_at
                0x100042f0       0xc0 CMakeFiles/pico_w_webserver.dir/C_/Users/yoyom/Desktop/Pico/pico-sdk/lib/lwip/src/core/pbuf.c.obj
                0x100042f0                pbuf_take_at
 .text.pbuf_clone
                0x100043b0       0x30 CMakeFiles/pico_w_webserver.dir/C_/Users/yoyom/Desktop/Pico/pico-sdk/lib/lwip/src/core/pbuf.c.obj
                0x100043b0                pbuf_clone
 .text.pbuf_put_at
                0x100043e0       0x1c CMakeFiles/pico_w_webserver.dir/C_/Users/yoyom/Desktop/Pico/pico-sdk/lib/lwip/src/core/pbuf.c.obj
                0x100043e0                pbuf_put_at
 .text.raw_input
                0x100043fc       0xf0 CMakeFiles/pico_w_webserver.dir/C_/Users/yoyom/Desktop/Pico/pico-sdk/lib/lwip/src/core/raw.c.obj
                0x100043fc                raw_input
 .text.raw_netif_ip_addr_changed
                0x100044ec       0x40 CMakeFiles/pico_w_webserver.dir/C_/Users/yoyom/Desktop/Pico/pico-sdk/lib/lwip/src/core/raw.c.obj
                0x100044ec                raw_netif_ip_addr_changed
 .text.stats_init
                0x1000452c        0x4 CMakeFiles/pico_w_webserver.dir/C_/Users/yoyom/Desktop/Pico/pico-sdk/lib/lwip/src/core/stats.c.obj
                0x1000452c                stats_init
 .text.tcp_close_shutdown_fin
                0x10004530       0x58 CMakeFiles/pico_w_webserver.dir/C_/Users/yoyom/Desktop/Pico/pico-sdk/lib/lwip/src/core/tcp.c.obj
 .text.tcp_pcb_purge.part.0
                0x10004588       0xc4 CMakeFiles/pico_w_webserver.dir/C_/Users/yoyom/Desktop/Pico/pico-sdk/lib/lwip/src/core/tcp.c.obj
 .text.tcp_init
                0x1000464c       0x20 CMakeFiles/pico_w_webserver.dir/C_/Users/yoyom/Desktop/Pico/pico-sdk/lib/lwip/src/core/tcp.c.obj
                0x1000464c                tcp_init
 .text.tcp_free
                0x1000466c       0x1c CMakeFiles/pico_w_webserver.dir/C_/Users/yoyom/Desktop/Pico/pico-sdk/lib/lwip/src/core/tcp.c.obj
                0x1000466c                tcp_free
 .text.tcp_bind
                0x10004688       0xf8 CMakeFiles/pico_w_webserver.dir/C_/Users/yoyom/Desktop/Pico/pico-sdk/lib/lwip/src/core/tcp.c.obj
                0x10004688                tcp_bind
 .text.tcp_listen_with_backlog
                0x10004780       0x98 CMakeFiles/pico_w_webserver.dir/C_/Users/yoyom/Desktop/Pico/pico-sdk/lib/lwip/src/core/tcp.c.obj
                0x10004780                tcp_listen_with_backlog
 .text.tcp_update_rcv_ann_wnd
                0x10004818       0x60 CMakeFiles/pico_w_webserver.dir/C_/Users/yoyom/Desktop/Pico/pico-sdk/lib/lwip/src/core/tcp.c.obj
                0x10004818                tcp_update_rcv_ann_wnd
 .text.tcp_recved
                0x10004878       0x98 CMakeFiles/pico_w_webserver.dir/C_/Users/yoyom/Desktop/Pico/pico-sdk/lib/lwip/src/core/tcp.c.obj
                0x10004878                tcp_recved
 .text.tcp_slowtmr
                0x10004910      0x4dc CMakeFiles/pico_w_webserver.dir/C_/Users/yoyom/Desktop/Pico/pico-sdk/lib/lwip/src/core/tcp.c.obj
                0x10004910                tcp_slowtmr
 .text.tcp_segs_free
                0x10004dec       0x38 CMakeFiles/pico_w_webserver.dir/C_/Users/yoyom/Desktop/Pico/pico-sdk/lib/lwip/src/core/tcp.c.obj
                0x10004dec                tcp_segs_free
 .text.tcp_seg_free
                0x10004e24       0x1c CMakeFiles/pico_w_webserver.dir/C_/Users/yoyom/Desktop/Pico/pico-sdk/lib/lwip/src/core/tcp.c.obj
                0x10004e24                tcp_seg_free
 .text.tcp_setprio
                0x10004e40        0x8 CMakeFiles/pico_w_webserver.dir/C_/Users/yoyom/Desktop/Pico/pico-sdk/lib/lwip/src/core/tcp.c.obj
                0x10004e40                tcp_setprio
 .text.tcp_seg_copy
                0x10004e48       0x2c CMakeFiles/pico_w_webserver.dir/C_/Users/yoyom/Desktop/Pico/pico-sdk/lib/lwip/src/core/tcp.c.obj
                0x10004e48                tcp_seg_copy
 .text.tcp_arg  0x10004e74        0x8 CMakeFiles/pico_w_webserver.dir/C_/Users/yoyom/Desktop/Pico/pico-sdk/lib/lwip/src/core/tcp.c.obj
                0x10004e74                tcp_arg
 .text.tcp_recv
                0x10004e7c       0x1c CMakeFiles/pico_w_webserver.dir/C_/Users/yoyom/Desktop/Pico/pico-sdk/lib/lwip/src/core/tcp.c.obj
                0x10004e7c                tcp_recv
 .text.tcp_sent
                0x10004e98       0x1c CMakeFiles/pico_w_webserver.dir/C_/Users/yoyom/Desktop/Pico/pico-sdk/lib/lwip/src/core/tcp.c.obj
                0x10004e98                tcp_sent
 .text.tcp_err  0x10004eb4       0x1c CMakeFiles/pico_w_webserver.dir/C_/Users/yoyom/Desktop/Pico/pico-sdk/lib/lwip/src/core/tcp.c.obj
                0x10004eb4                tcp_err
 .text.tcp_accept
                0x10004ed0       0x10 CMakeFiles/pico_w_webserver.dir/C_/Users/yoyom/Desktop/Pico/pico-sdk/lib/lwip/src/core/tcp.c.obj
                0x10004ed0                tcp_accept
 .text.tcp_poll
                0x10004ee0       0x20 CMakeFiles/pico_w_webserver.dir/C_/Users/yoyom/Desktop/Pico/pico-sdk/lib/lwip/src/core/tcp.c.obj
                0x10004ee0                tcp_poll
 .text.tcp_pcb_purge
                0x10004f00       0x18 CMakeFiles/pico_w_webserver.dir/C_/Users/yoyom/Desktop/Pico/pico-sdk/lib/lwip/src/core/tcp.c.obj
                0x10004f00                tcp_pcb_purge
 .text.tcp_pcb_remove
                0x10004f18       0xc8 CMakeFiles/pico_w_webserver.dir/C_/Users/yoyom/Desktop/Pico/pico-sdk/lib/lwip/src/core/tcp.c.obj
                0x10004f18                tcp_pcb_remove
 .text.tcp_abandon
                0x10004fe0      0x1ac CMakeFiles/pico_w_webserver.dir/C_/Users/yoyom/Desktop/Pico/pico-sdk/lib/lwip/src/core/tcp.c.obj
                0x10004fe0                tcp_abandon
 .text.tcp_abort
                0x1000518c        0xc CMakeFiles/pico_w_webserver.dir/C_/Users/yoyom/Desktop/Pico/pico-sdk/lib/lwip/src/core/tcp.c.obj
                0x1000518c                tcp_abort
 .text.tcp_accept_null
                0x10005198       0x20 CMakeFiles/pico_w_webserver.dir/C_/Users/yoyom/Desktop/Pico/pico-sdk/lib/lwip/src/core/tcp.c.obj
 .text.tcp_alloc
                0x100051b8      0x1cc CMakeFiles/pico_w_webserver.dir/C_/Users/yoyom/Desktop/Pico/pico-sdk/lib/lwip/src/core/tcp.c.obj
                0x100051b8                tcp_alloc
 .text.tcp_new_ip_type
                0x10005384      0x1ac CMakeFiles/pico_w_webserver.dir/C_/Users/yoyom/Desktop/Pico/pico-sdk/lib/lwip/src/core/tcp.c.obj
                0x10005384                tcp_new_ip_type
 .text.tcp_close_shutdown
                0x10005530      0x18c CMakeFiles/pico_w_webserver.dir/C_/Users/yoyom/Desktop/Pico/pico-sdk/lib/lwip/src/core/tcp.c.obj
 .text.tcp_recv_null
                0x100056bc       0xd4 CMakeFiles/pico_w_webserver.dir/C_/Users/yoyom/Desktop/Pico/pico-sdk/lib/lwip/src/core/tcp.c.obj
                0x100056bc                tcp_recv_null
 .text.tcp_process_refused_data
                0x10005790       0x78 CMakeFiles/pico_w_webserver.dir/C_/Users/yoyom/Desktop/Pico/pico-sdk/lib/lwip/src/core/tcp.c.obj
                0x10005790                tcp_process_refused_data
 .text.tcp_fasttmr
                0x10005808       0x98 CMakeFiles/pico_w_webserver.dir/C_/Users/yoyom/Desktop/Pico/pico-sdk/lib/lwip/src/core/tcp.c.obj
                0x10005808                tcp_fasttmr
 .text.tcp_tmr  0x100058a0       0x20 CMakeFiles/pico_w_webserver.dir/C_/Users/yoyom/Desktop/Pico/pico-sdk/lib/lwip/src/core/tcp.c.obj
                0x100058a0                tcp_tmr
 .text.tcp_close
                0x100058c0      0x174 CMakeFiles/pico_w_webserver.dir/C_/Users/yoyom/Desktop/Pico/pico-sdk/lib/lwip/src/core/tcp.c.obj
                0x100058c0                tcp_close
 .text.tcp_next_iss
                0x10005a34       0x28 CMakeFiles/pico_w_webserver.dir/C_/Users/yoyom/Desktop/Pico/pico-sdk/lib/lwip/src/core/tcp.c.obj
                0x10005a34                tcp_next_iss
 .text.tcp_eff_send_mss_netif
                0x10005a5c       0x38 CMakeFiles/pico_w_webserver.dir/C_/Users/yoyom/Desktop/Pico/pico-sdk/lib/lwip/src/core/tcp.c.obj
                0x10005a5c                tcp_eff_send_mss_netif
 .text.tcp_netif_ip_addr_changed
                0x10005a94       0x9c CMakeFiles/pico_w_webserver.dir/C_/Users/yoyom/Desktop/Pico/pico-sdk/lib/lwip/src/core/tcp.c.obj
                0x10005a94                tcp_netif_ip_addr_changed
 .text.tcp_free_ooseq
                0x10005b30       0x40 CMakeFiles/pico_w_webserver.dir/C_/Users/yoyom/Desktop/Pico/pico-sdk/lib/lwip/src/core/tcp.c.obj
                0x10005b30                tcp_free_ooseq
 .text.tcp_parseopt
                0x10005b70      0x190 CMakeFiles/pico_w_webserver.dir/C_/Users/yoyom/Desktop/Pico/pico-sdk/lib/lwip/src/core/tcp_in.c.obj
 .text.tcp_oos_insert_segment
                0x10005d00       0xe0 CMakeFiles/pico_w_webserver.dir/C_/Users/yoyom/Desktop/Pico/pico-sdk/lib/lwip/src/core/tcp_in.c.obj
 .text.tcp_free_acked_segments.constprop.0
                0x10005de0       0xdc CMakeFiles/pico_w_webserver.dir/C_/Users/yoyom/Desktop/Pico/pico-sdk/lib/lwip/src/core/tcp_in.c.obj
 .text.tcp_receive
                0x10005ebc      0xa4c CMakeFiles/pico_w_webserver.dir/C_/Users/yoyom/Desktop/Pico/pico-sdk/lib/lwip/src/core/tcp_in.c.obj
 .text.tcp_input
                0x10006908      0xda4 CMakeFiles/pico_w_webserver.dir/C_/Users/yoyom/Desktop/Pico/pico-sdk/lib/lwip/src/core/tcp_in.c.obj
                0x10006908                tcp_input
 .text.tcp_trigger_input_pcb_close
                0x100076ac       0x10 CMakeFiles/pico_w_webserver.dir/C_/Users/yoyom/Desktop/Pico/pico-sdk/lib/lwip/src/core/tcp_in.c.obj
                0x100076ac                tcp_trigger_input_pcb_close
 .text.tcp_create_segment
                0x100076bc       0xf8 CMakeFiles/pico_w_webserver.dir/C_/Users/yoyom/Desktop/Pico/pico-sdk/lib/lwip/src/core/tcp_out.c.obj
 .text.tcp_output_control_segment
                0x100077b4       0xc0 CMakeFiles/pico_w_webserver.dir/C_/Users/yoyom/Desktop/Pico/pico-sdk/lib/lwip/src/core/tcp_out.c.obj
 .text.tcp_output_alloc_header.constprop.0
                0x10007874       0xcc CMakeFiles/pico_w_webserver.dir/C_/Users/yoyom/Desktop/Pico/pico-sdk/lib/lwip/src/core/tcp_out.c.obj
 .text.tcp_write
                0x10007940      0x494 CMakeFiles/pico_w_webserver.dir/C_/Users/yoyom/Desktop/Pico/pico-sdk/lib/lwip/src/core/tcp_out.c.obj
                0x10007940                tcp_write
 .text.tcp_split_unsent_seg
                0x10007dd4      0x1c4 CMakeFiles/pico_w_webserver.dir/C_/Users/yoyom/Desktop/Pico/pico-sdk/lib/lwip/src/core/tcp_out.c.obj
                0x10007dd4                tcp_split_unsent_seg
 .text.tcp_send_fin
                0x10007f98      0x12c CMakeFiles/pico_w_webserver.dir/C_/Users/yoyom/Desktop/Pico/pico-sdk/lib/lwip/src/core/tcp_out.c.obj
                0x10007f98                tcp_send_fin
 .text.tcp_enqueue_flags
                0x100080c4      0x124 CMakeFiles/pico_w_webserver.dir/C_/Users/yoyom/Desktop/Pico/pico-sdk/lib/lwip/src/core/tcp_out.c.obj
                0x100080c4                tcp_enqueue_flags
 .text.tcp_rexmit_rto_prepare
                0x100081e8       0x9c CMakeFiles/pico_w_webserver.dir/C_/Users/yoyom/Desktop/Pico/pico-sdk/lib/lwip/src/core/tcp_out.c.obj
                0x100081e8                tcp_rexmit_rto_prepare
 .text.tcp_rexmit
                0x10008284       0x9c CMakeFiles/pico_w_webserver.dir/C_/Users/yoyom/Desktop/Pico/pico-sdk/lib/lwip/src/core/tcp_out.c.obj
                0x10008284                tcp_rexmit
 .text.tcp_rexmit_fast
                0x10008320       0x64 CMakeFiles/pico_w_webserver.dir/C_/Users/yoyom/Desktop/Pico/pico-sdk/lib/lwip/src/core/tcp_out.c.obj
                0x10008320                tcp_rexmit_fast
 .text.tcp_rst  0x10008384       0xe8 CMakeFiles/pico_w_webserver.dir/C_/Users/yoyom/Desktop/Pico/pico-sdk/lib/lwip/src/core/tcp_out.c.obj
                0x10008384                tcp_rst
 .text.tcp_rst_netif
                0x1000846c      0x130 CMakeFiles/pico_w_webserver.dir/C_/Users/yoyom/Desktop/Pico/pico-sdk/lib/lwip/src/core/tcp_out.c.obj
                0x1000846c                tcp_rst_netif
 .text.tcp_send_empty_ack
                0x1000859c       0x54 CMakeFiles/pico_w_webserver.dir/C_/Users/yoyom/Desktop/Pico/pico-sdk/lib/lwip/src/core/tcp_out.c.obj
                0x1000859c                tcp_send_empty_ack
 .text.tcp_output
                0x100085f0      0x46c CMakeFiles/pico_w_webserver.dir/C_/Users/yoyom/Desktop/Pico/pico-sdk/lib/lwip/src/core/tcp_out.c.obj
                0x100085f0                tcp_output
 .text.tcp_rexmit_rto_commit
                0x10008a5c       0x24 CMakeFiles/pico_w_webserver.dir/C_/Users/yoyom/Desktop/Pico/pico-sdk/lib/lwip/src/core/tcp_out.c.obj
                0x10008a5c                tcp_rexmit_rto_commit
 .text.tcp_rexmit_rto
                0x10008a80       0xa4 CMakeFiles/pico_w_webserver.dir/C_/Users/yoyom/Desktop/Pico/pico-sdk/lib/lwip/src/core/tcp_out.c.obj
                0x10008a80                tcp_rexmit_rto
 .text.tcp_keepalive
                0x10008b24       0xe0 CMakeFiles/pico_w_webserver.dir/C_/Users/yoyom/Desktop/Pico/pico-sdk/lib/lwip/src/core/tcp_out.c.obj
                0x10008b24                tcp_keepalive
 .text.tcp_zero_window_probe
                0x10008c04      0x108 CMakeFiles/pico_w_webserver.dir/C_/Users/yoyom/Desktop/Pico/pico-sdk/lib/lwip/src/core/tcp_out.c.obj
                0x10008c04                tcp_zero_window_probe
 .text.sys_timeout_abs
                0x10008d0c       0x48 CMakeFiles/pico_w_webserver.dir/C_/Users/yoyom/Desktop/Pico/pico-sdk/lib/lwip/src/core/timeouts.c.obj
 .text.lwip_cyclic_timer
                0x10008d54       0x38 CMakeFiles/pico_w_webserver.dir/C_/Users/yoyom/Desktop/Pico/pico-sdk/lib/lwip/src/core/timeouts.c.obj
 .text.tcpip_tcp_timer
                0x10008d8c       0x3c CMakeFiles/pico_w_webserver.dir/C_/Users/yoyom/Desktop/Pico/pico-sdk/lib/lwip/src/core/timeouts.c.obj
 .text.tcp_timer_needed
                0x10008dc8       0x40 CMakeFiles/pico_w_webserver.dir/C_/Users/yoyom/Desktop/Pico/pico-sdk/lib/lwip/src/core/timeouts.c.obj
                0x10008dc8                tcp_timer_needed
 .text.sys_timeouts_init
                0x10008e08       0x90 CMakeFiles/pico_w_webserver.dir/C_/Users/yoyom/Desktop/Pico/pico-sdk/lib/lwip/src/core/timeouts.c.obj
                0x10008e08                sys_timeouts_init
 .text.sys_check_timeouts
                0x10008e98       0x68 CMakeFiles/pico_w_webserver.dir/C_/Users/yoyom/Desktop/Pico/pico-sdk/lib/lwip/src/core/timeouts.c.obj
                0x10008e98                sys_check_timeouts
 .text.sys_timeouts_sleeptime
                0x10008f00       0x28 CMakeFiles/pico_w_webserver.dir/C_/Users/yoyom/Desktop/Pico/pico-sdk/lib/lwip/src/core/timeouts.c.obj
                0x10008f00                sys_timeouts_sleeptime
 .text.udp_init
                0x10008f28       0x20 CMakeFiles/pico_w_webserver.dir/C_/Users/yoyom/Desktop/Pico/pico-sdk/lib/lwip/src/core/udp.c.obj
                0x10008f28                udp_init
 .text.udp_input
                0x10008f48      0x24c CMakeFiles/pico_w_webserver.dir/C_/Users/yoyom/Desktop/Pico/pico-sdk/lib/lwip/src/core/udp.c.obj
                0x10008f48                udp_input
 .text.udp_bind
                0x10009194      0x10c CMakeFiles/pico_w_webserver.dir/C_/Users/yoyom/Desktop/Pico/pico-sdk/lib/lwip/src/core/udp.c.obj
                0x10009194                udp_bind
 .text.udp_sendto_if_src
                0x100092a0      0x130 CMakeFiles/pico_w_webserver.dir/C_/Users/yoyom/Desktop/Pico/pico-sdk/lib/lwip/src/core/udp.c.obj
                0x100092a0                udp_sendto_if_src
 .text.udp_sendto_if
                0x100093d0       0x48 CMakeFiles/pico_w_webserver.dir/C_/Users/yoyom/Desktop/Pico/pico-sdk/lib/lwip/src/core/udp.c.obj
                0x100093d0                udp_sendto_if
 .text.udp_sendto
                0x10009418       0x7c CMakeFiles/pico_w_webserver.dir/C_/Users/yoyom/Desktop/Pico/pico-sdk/lib/lwip/src/core/udp.c.obj
                0x10009418                udp_sendto
 .text.udp_connect
                0x10009494       0x64 CMakeFiles/pico_w_webserver.dir/C_/Users/yoyom/Desktop/Pico/pico-sdk/lib/lwip/src/core/udp.c.obj
                0x10009494                udp_connect
 .text.udp_recv
                0x100094f8        0xc CMakeFiles/pico_w_webserver.dir/C_/Users/yoyom/Desktop/Pico/pico-sdk/lib/lwip/src/core/udp.c.obj
                0x100094f8                udp_recv
 .text.udp_remove
                0x10009504       0x3c CMakeFiles/pico_w_webserver.dir/C_/Users/yoyom/Desktop/Pico/pico-sdk/lib/lwip/src/core/udp.c.obj
                0x10009504                udp_remove
 .text.udp_new  0x10009540       0x1c CMakeFiles/pico_w_webserver.dir/C_/Users/yoyom/Desktop/Pico/pico-sdk/lib/lwip/src/core/udp.c.obj
                0x10009540                udp_new
 .text.udp_netif_ip_addr_changed
                0x1000955c       0x40 CMakeFiles/pico_w_webserver.dir/C_/Users/yoyom/Desktop/Pico/pico-sdk/lib/lwip/src/core/udp.c.obj
                0x1000955c                udp_netif_ip_addr_changed
 .text.dhcp_create_msg
                0x1000959c      0x16c CMakeFiles/pico_w_webserver.dir/C_/Users/yoyom/Desktop/Pico/pico-sdk/lib/lwip/src/core/ipv4/dhcp.c.obj
 .text.dhcp_inc_pcb_refcount
                0x10009708       0x6c CMakeFiles/pico_w_webserver.dir/C_/Users/yoyom/Desktop/Pico/pico-sdk/lib/lwip/src/core/ipv4/dhcp.c.obj
 .text.dhcp_bind
                0x10009774      0x11c CMakeFiles/pico_w_webserver.dir/C_/Users/yoyom/Desktop/Pico/pico-sdk/lib/lwip/src/core/ipv4/dhcp.c.obj
 .text.dhcp_option_hostname.isra.0
                0x10009890       0x8c CMakeFiles/pico_w_webserver.dir/C_/Users/yoyom/Desktop/Pico/pico-sdk/lib/lwip/src/core/ipv4/dhcp.c.obj
 .text.dhcp_handle_ack.isra.0
                0x1000991c       0xcc CMakeFiles/pico_w_webserver.dir/C_/Users/yoyom/Desktop/Pico/pico-sdk/lib/lwip/src/core/ipv4/dhcp.c.obj
 .text.dhcp_reboot.isra.0
                0x100099e8      0x1e4 CMakeFiles/pico_w_webserver.dir/C_/Users/yoyom/Desktop/Pico/pico-sdk/lib/lwip/src/core/ipv4/dhcp.c.obj
 .text.dhcp_discover
                0x10009bcc      0x198 CMakeFiles/pico_w_webserver.dir/C_/Users/yoyom/Desktop/Pico/pico-sdk/lib/lwip/src/core/ipv4/dhcp.c.obj
 .text.dhcp_select.isra.0
                0x10009d64      0x268 CMakeFiles/pico_w_webserver.dir/C_/Users/yoyom/Desktop/Pico/pico-sdk/lib/lwip/src/core/ipv4/dhcp.c.obj
 .text.dhcp_recv
                0x10009fcc      0x494 CMakeFiles/pico_w_webserver.dir/C_/Users/yoyom/Desktop/Pico/pico-sdk/lib/lwip/src/core/ipv4/dhcp.c.obj
 .text.dhcp_set_struct
                0x1000a460       0x44 CMakeFiles/pico_w_webserver.dir/C_/Users/yoyom/Desktop/Pico/pico-sdk/lib/lwip/src/core/ipv4/dhcp.c.obj
                0x1000a460                dhcp_set_struct
 .text.dhcp_network_changed_link_up
                0x1000a4a4       0x40 CMakeFiles/pico_w_webserver.dir/C_/Users/yoyom/Desktop/Pico/pico-sdk/lib/lwip/src/core/ipv4/dhcp.c.obj
                0x1000a4a4                dhcp_network_changed_link_up
 .text.dhcp_renew
                0x1000a4e4      0x1b8 CMakeFiles/pico_w_webserver.dir/C_/Users/yoyom/Desktop/Pico/pico-sdk/lib/lwip/src/core/ipv4/dhcp.c.obj
                0x1000a4e4                dhcp_renew
 .text.dhcp_release_and_stop
                0x1000a69c      0x180 CMakeFiles/pico_w_webserver.dir/C_/Users/yoyom/Desktop/Pico/pico-sdk/lib/lwip/src/core/ipv4/dhcp.c.obj
                0x1000a69c                dhcp_release_and_stop
 .text.dhcp_start
                0x1000a81c       0xb0 CMakeFiles/pico_w_webserver.dir/C_/Users/yoyom/Desktop/Pico/pico-sdk/lib/lwip/src/core/ipv4/dhcp.c.obj
                0x1000a81c                dhcp_start
 .text.dhcp_coarse_tmr
                0x1000a8cc      0x238 CMakeFiles/pico_w_webserver.dir/C_/Users/yoyom/Desktop/Pico/pico-sdk/lib/lwip/src/core/ipv4/dhcp.c.obj
                0x1000a8cc                dhcp_coarse_tmr
 .text.dhcp_fine_tmr
                0x1000ab04       0x78 CMakeFiles/pico_w_webserver.dir/C_/Users/yoyom/Desktop/Pico/pico-sdk/lib/lwip/src/core/ipv4/dhcp.c.obj
                0x1000ab04                dhcp_fine_tmr
 .text.dhcp_stop
                0x1000ab7c      0x180 CMakeFiles/pico_w_webserver.dir/C_/Users/yoyom/Desktop/Pico/pico-sdk/lib/lwip/src/core/ipv4/dhcp.c.obj
                0x1000ab7c                dhcp_stop
 .text.etharp_find_entry
                0x1000acfc     0x1fbc CMakeFiles/pico_w_webserver.dir/C_/Users/yoyom/Desktop/Pico/pico-sdk/lib/lwip/src/core/ipv4/etharp.c.obj
 .text.etharp_raw
                0x1000ccb8       0xec CMakeFiles/pico_w_webserver.dir/C_/Users/yoyom/Desktop/Pico/pico-sdk/lib/lwip/src/core/ipv4/etharp.c.obj
 .text.etharp_output_to_arp_index
                0x1000cda4       0xe4 CMakeFiles/pico_w_webserver.dir/C_/Users/yoyom/Desktop/Pico/pico-sdk/lib/lwip/src/core/ipv4/etharp.c.obj
 .text.etharp_tmr
                0x1000ce88       0x94 CMakeFiles/pico_w_webserver.dir/C_/Users/yoyom/Desktop/Pico/pico-sdk/lib/lwip/src/core/ipv4/etharp.c.obj
                0x1000ce88                etharp_tmr
 .text.etharp_cleanup_netif
                0x1000cf1c      0x188 CMakeFiles/pico_w_webserver.dir/C_/Users/yoyom/Desktop/Pico/pico-sdk/lib/lwip/src/core/ipv4/etharp.c.obj
                0x1000cf1c                etharp_cleanup_netif
 .text.etharp_input
                0x1000d0a4      0x1b0 CMakeFiles/pico_w_webserver.dir/C_/Users/yoyom/Desktop/Pico/pico-sdk/lib/lwip/src/core/ipv4/etharp.c.obj
                0x1000d0a4                etharp_input
 .text.etharp_query
                0x1000d254      0x1c0 CMakeFiles/pico_w_webserver.dir/C_/Users/yoyom/Desktop/Pico/pico-sdk/lib/lwip/src/core/ipv4/etharp.c.obj
                0x1000d254                etharp_query
 .text.etharp_output
                0x1000d414      0x24c CMakeFiles/pico_w_webserver.dir/C_/Users/yoyom/Desktop/Pico/pico-sdk/lib/lwip/src/core/ipv4/etharp.c.obj
                0x1000d414                etharp_output
 .text.etharp_request
                0x1000d660       0x2c CMakeFiles/pico_w_webserver.dir/C_/Users/yoyom/Desktop/Pico/pico-sdk/lib/lwip/src/core/ipv4/etharp.c.obj
                0x1000d660                etharp_request
 .text.icmp_input
                0x1000d68c      0x1e8 CMakeFiles/pico_w_webserver.dir/C_/Users/yoyom/Desktop/Pico/pico-sdk/lib/lwip/src/core/ipv4/icmp.c.obj
                0x1000d68c                icmp_input
 .text.icmp_dest_unreach
                0x1000d874       0xd0 CMakeFiles/pico_w_webserver.dir/C_/Users/yoyom/Desktop/Pico/pico-sdk/lib/lwip/src/core/ipv4/icmp.c.obj
                0x1000d874                icmp_dest_unreach
 .text.icmp_time_exceeded
                0x1000d944       0xd0 CMakeFiles/pico_w_webserver.dir/C_/Users/yoyom/Desktop/Pico/pico-sdk/lib/lwip/src/core/ipv4/icmp.c.obj
                0x1000d944                icmp_time_exceeded
 .text.ip_reass_free_complete_datagram
                0x1000da14      0x114 CMakeFiles/pico_w_webserver.dir/C_/Users/yoyom/Desktop/Pico/pico-sdk/lib/lwip/src/core/ipv4/ip4_frag.c.obj
 .text.ip_reass_remove_oldest_datagram
                0x1000db28       0xd8 CMakeFiles/pico_w_webserver.dir/C_/Users/yoyom/Desktop/Pico/pico-sdk/lib/lwip/src/core/ipv4/ip4_frag.c.obj
 .text.ip_reass_tmr
                0x1000dc00       0x38 CMakeFiles/pico_w_webserver.dir/C_/Users/yoyom/Desktop/Pico/pico-sdk/lib/lwip/src/core/ipv4/ip4_frag.c.obj
                0x1000dc00                ip_reass_tmr
 .text.ip4_reass
                0x1000dc38      0x534 CMakeFiles/pico_w_webserver.dir/C_/Users/yoyom/Desktop/Pico/pico-sdk/lib/lwip/src/core/ipv4/ip4_frag.c.obj
                0x1000dc38                ip4_reass
 .text.ip4_frag
                0x1000e16c      0x17c CMakeFiles/pico_w_webserver.dir/C_/Users/yoyom/Desktop/Pico/pico-sdk/lib/lwip/src/core/ipv4/ip4_frag.c.obj
                0x1000e16c                ip4_frag
 .text.ip4_route
                0x1000e2e8       0x7c CMakeFiles/pico_w_webserver.dir/C_/Users/yoyom/Desktop/Pico/pico-sdk/lib/lwip/src/core/ipv4/ip4.c.obj
                0x1000e2e8                ip4_route
 .text.ip4_input
                0x1000e364      0x2cc CMakeFiles/pico_w_webserver.dir/C_/Users/yoyom/Desktop/Pico/pico-sdk/lib/lwip/src/core/ipv4/ip4.c.obj
                0x1000e364                ip4_input
 .text.ip4_output_if
                0x1000e630      0x190 CMakeFiles/pico_w_webserver.dir/C_/Users/yoyom/Desktop/Pico/pico-sdk/lib/lwip/src/core/ipv4/ip4.c.obj
                0x1000e630                ip4_output_if
 .text.ip4_output_if_src
                0x1000e7c0      0x17c CMakeFiles/pico_w_webserver.dir/C_/Users/yoyom/Desktop/Pico/pico-sdk/lib/lwip/src/core/ipv4/ip4.c.obj
                0x1000e7c0                ip4_output_if_src
 .text.ip4_addr_isbroadcast_u32
                0x1000e93c       0x3c CMakeFiles/pico_w_webserver.dir/C_/Users/yoyom/Desktop/Pico/pico-sdk/lib/lwip/src/core/ipv4/ip4_addr.c.obj
                0x1000e93c                ip4_addr_isbroadcast_u32
 .text.ip4addr_ntoa
                0x1000e978       0xdc CMakeFiles/pico_w_webserver.dir/C_/Users/yoyom/Desktop/Pico/pico-sdk/lib/lwip/src/core/ipv4/ip4_addr.c.obj
                0x1000e978                ip4addr_ntoa
 .text.ethernet_input
                0x1000ea54       0xd0 CMakeFiles/pico_w_webserver.dir/C_/Users/yoyom/Desktop/Pico/pico-sdk/lib/lwip/src/netif/ethernet.c.obj
                0x1000ea54                ethernet_input
 .text.ethernet_output
                0x1000eb24       0x6c CMakeFiles/pico_w_webserver.dir/C_/Users/yoyom/Desktop/Pico/pico-sdk/lib/lwip/src/netif/ethernet.c.obj
                0x1000eb24                ethernet_output
 .text.cyw43_arch_wifi_connect_bssid_until.part.0
                0x1000eb90       0xd8 CMakeFiles/pico_w_webserver.dir/C_/Users/yoyom/Desktop/Pico/pico-sdk/src/rp2_common/pico_cyw43_arch/cyw43_arch.c.obj
 .text.cyw43_arch_set_async_context
                0x1000ec68        0xc CMakeFiles/pico_w_webserver.dir/C_/Users/yoyom/Desktop/Pico/pico-sdk/src/rp2_common/pico_cyw43_arch/cyw43_arch.c.obj
                0x1000ec68                cyw43_arch_set_async_context
 .text.cyw43_arch_enable_sta_mode
                0x1000ec74       0x1c CMakeFiles/pico_w_webserver.dir/C_/Users/yoyom/Desktop/Pico/pico-sdk/src/rp2_common/pico_cyw43_arch/cyw43_arch.c.obj
                0x1000ec74                cyw43_arch_enable_sta_mode
 .text.cyw43_arch_wifi_connect_timeout_ms
                0x1000ec90       0x9c CMakeFiles/pico_w_webserver.dir/C_/Users/yoyom/Desktop/Pico/pico-sdk/src/rp2_common/pico_cyw43_arch/cyw43_arch.c.obj
                0x1000ec90                cyw43_arch_wifi_connect_timeout_ms
 .text.cyw43_arch_gpio_put
                0x1000ed2c       0x14 CMakeFiles/pico_w_webserver.dir/C_/Users/yoyom/Desktop/Pico/pico-sdk/src/rp2_common/pico_cyw43_arch/cyw43_arch.c.obj
                0x1000ed2c                cyw43_arch_gpio_put
 .text.cyw43_arch_gpio_get
                0x1000ed40       0x20 CMakeFiles/pico_w_webserver.dir/C_/Users/yoyom/Desktop/Pico/pico-sdk/src/rp2_common/pico_cyw43_arch/cyw43_arch.c.obj
                0x1000ed40                cyw43_arch_gpio_get
 .text.cyw43_arch_async_context
                0x1000ed60        0xc CMakeFiles/pico_w_webserver.dir/C_/Users/yoyom/Desktop/Pico/pico-sdk/src/rp2_common/pico_cyw43_arch/cyw43_arch.c.obj
                0x1000ed60                cyw43_arch_async_context
 .text.cyw43_arch_init
                0x1000ed6c       0x80 CMakeFiles/pico_w_webserver.dir/C_/Users/yoyom/Desktop/Pico/pico-sdk/src/rp2_common/pico_cyw43_arch/cyw43_arch_threadsafe_background.c.obj
                0x1000ed6c                cyw43_arch_init
 .text.ns_delay.constprop.0
                0x1000edec       0x20 CMakeFiles/pico_w_webserver.dir/C_/Users/yoyom/Desktop/Pico/pico-sdk/src/rp2_common/pico_cyw43_driver/cyw43_bus_pio_spi.c.obj
 .text.cyw43_spi_deinit
                0x1000ee0c       0x6c CMakeFiles/pico_w_webserver.dir/C_/Users/yoyom/Desktop/Pico/pico-sdk/src/rp2_common/pico_cyw43_driver/cyw43_bus_pio_spi.c.obj
                0x1000ee0c                cyw43_spi_deinit
 .text.cyw43_spi_init
                0x1000ee78      0x12c CMakeFiles/pico_w_webserver.dir/C_/Users/yoyom/Desktop/Pico/pico-sdk/src/rp2_common/pico_cyw43_driver/cyw43_bus_pio_spi.c.obj
                0x1000ee78                cyw43_spi_init
 .text.cyw43_spi_transfer
                0x1000efa4      0x3f8 CMakeFiles/pico_w_webserver.dir/C_/Users/yoyom/Desktop/Pico/pico-sdk/src/rp2_common/pico_cyw43_driver/cyw43_bus_pio_spi.c.obj
                0x1000efa4                cyw43_spi_transfer
 .text.cyw43_spi_gpio_setup
                0x1000f39c       0x3c CMakeFiles/pico_w_webserver.dir/C_/Users/yoyom/Desktop/Pico/pico-sdk/src/rp2_common/pico_cyw43_driver/cyw43_bus_pio_spi.c.obj
                0x1000f39c                cyw43_spi_gpio_setup
 .text.cyw43_spi_reset
                0x1000f3d8       0x28 CMakeFiles/pico_w_webserver.dir/C_/Users/yoyom/Desktop/Pico/pico-sdk/src/rp2_common/pico_cyw43_driver/cyw43_bus_pio_spi.c.obj
                0x1000f3d8                cyw43_spi_reset
 .text.read_reg_u32_swap
                0x1000f400       0x3c CMakeFiles/pico_w_webserver.dir/C_/Users/yoyom/Desktop/Pico/pico-sdk/src/rp2_common/pico_cyw43_driver/cyw43_bus_pio_spi.c.obj
                0x1000f400                read_reg_u32_swap
 .text.cyw43_read_reg_u32
                0x1000f43c       0x6c CMakeFiles/pico_w_webserver.dir/C_/Users/yoyom/Desktop/Pico/pico-sdk/src/rp2_common/pico_cyw43_driver/cyw43_bus_pio_spi.c.obj
                0x1000f43c                cyw43_read_reg_u32
 .text.cyw43_read_reg_u16
                0x1000f4a8       0x6c CMakeFiles/pico_w_webserver.dir/C_/Users/yoyom/Desktop/Pico/pico-sdk/src/rp2_common/pico_cyw43_driver/cyw43_bus_pio_spi.c.obj
                0x1000f4a8                cyw43_read_reg_u16
 .text.cyw43_read_reg_u8
                0x1000f514       0x6c CMakeFiles/pico_w_webserver.dir/C_/Users/yoyom/Desktop/Pico/pico-sdk/src/rp2_common/pico_cyw43_driver/cyw43_bus_pio_spi.c.obj
                0x1000f514                cyw43_read_reg_u8
 .text.write_reg_u32_swap
                0x1000f580      0x1f0 CMakeFiles/pico_w_webserver.dir/C_/Users/yoyom/Desktop/Pico/pico-sdk/src/rp2_common/pico_cyw43_driver/cyw43_bus_pio_spi.c.obj
                0x1000f580                write_reg_u32_swap
 .text.cyw43_write_reg_u32
                0x1000f770      0x210 CMakeFiles/pico_w_webserver.dir/C_/Users/yoyom/Desktop/Pico/pico-sdk/src/rp2_common/pico_cyw43_driver/cyw43_bus_pio_spi.c.obj
                0x1000f770                cyw43_write_reg_u32
 .text.cyw43_write_reg_u16
                0x1000f980      0x210 CMakeFiles/pico_w_webserver.dir/C_/Users/yoyom/Desktop/Pico/pico-sdk/src/rp2_common/pico_cyw43_driver/cyw43_bus_pio_spi.c.obj
                0x1000f980                cyw43_write_reg_u16
 .text.cyw43_write_reg_u8
                0x1000fb90      0x210 CMakeFiles/pico_w_webserver.dir/C_/Users/yoyom/Desktop/Pico/pico-sdk/src/rp2_common/pico_cyw43_driver/cyw43_bus_pio_spi.c.obj
                0x1000fb90                cyw43_write_reg_u8
 .text.cyw43_read_bytes
                0x1000fda0       0x78 CMakeFiles/pico_w_webserver.dir/C_/Users/yoyom/Desktop/Pico/pico-sdk/src/rp2_common/pico_cyw43_driver/cyw43_bus_pio_spi.c.obj
                0x1000fda0                cyw43_read_bytes
 .text.cyw43_write_bytes
                0x1000fe18       0xec CMakeFiles/pico_w_webserver.dir/C_/Users/yoyom/Desktop/Pico/pico-sdk/src/rp2_common/pico_cyw43_driver/cyw43_bus_pio_spi.c.obj
                0x1000fe18                cyw43_write_bytes
 .text.cyw43_set_backplane_window
                0x1000ff04       0x64 CMakeFiles/pico_w_webserver.dir/C_/Users/yoyom/Desktop/Pico/pico-sdk/lib/cyw43-driver/src/cyw43_ll.c.obj
 .text.cyw43_ll_parse_async_event
                0x1000ff68      0x13c CMakeFiles/pico_w_webserver.dir/C_/Users/yoyom/Desktop/Pico/pico-sdk/lib/cyw43-driver/src/cyw43_ll.c.obj
 .text.cyw43_kso_set
                0x100100a4       0xa0 CMakeFiles/pico_w_webserver.dir/C_/Users/yoyom/Desktop/Pico/pico-sdk/lib/cyw43-driver/src/cyw43_ll.c.obj
 .text.cyw43_ll_sdpcm_poll_device
                0x10010144      0x238 CMakeFiles/pico_w_webserver.dir/C_/Users/yoyom/Desktop/Pico/pico-sdk/lib/cyw43-driver/src/cyw43_ll.c.obj
 .text.cyw43_sdpcm_send_common
                0x1001037c       0xf8 CMakeFiles/pico_w_webserver.dir/C_/Users/yoyom/Desktop/Pico/pico-sdk/lib/cyw43-driver/src/cyw43_ll.c.obj
 .text.cyw43_do_ioctl.part.0
                0x10010474       0xc4 CMakeFiles/pico_w_webserver.dir/C_/Users/yoyom/Desktop/Pico/pico-sdk/lib/cyw43-driver/src/cyw43_ll.c.obj
 .text.cyw43_download_resource
                0x10010538       0xd0 CMakeFiles/pico_w_webserver.dir/C_/Users/yoyom/Desktop/Pico/pico-sdk/lib/cyw43-driver/src/cyw43_ll.c.obj
 .text.cyw43_write_iovar_n
                0x10010608       0x8c CMakeFiles/pico_w_webserver.dir/C_/Users/yoyom/Desktop/Pico/pico-sdk/lib/cyw43-driver/src/cyw43_ll.c.obj
 .text.cyw43_write_iovar_u32
                0x10010694       0xa4 CMakeFiles/pico_w_webserver.dir/C_/Users/yoyom/Desktop/Pico/pico-sdk/lib/cyw43-driver/src/cyw43_ll.c.obj
 .text.cyw43_write_iovar_u32_u32.constprop.0
                0x10010738       0xb0 CMakeFiles/pico_w_webserver.dir/C_/Users/yoyom/Desktop/Pico/pico-sdk/lib/cyw43-driver/src/cyw43_ll.c.obj
 .text.cyw43_read_backplane.constprop.0
                0x100107e8       0xdc CMakeFiles/pico_w_webserver.dir/C_/Users/yoyom/Desktop/Pico/pico-sdk/lib/cyw43-driver/src/cyw43_ll.c.obj
 .text.cyw43_write_backplane
                0x100108c4      0x104 CMakeFiles/pico_w_webserver.dir/C_/Users/yoyom/Desktop/Pico/pico-sdk/lib/cyw43-driver/src/cyw43_ll.c.obj
 .text.reset_device_core.constprop.0
                0x100109c8      0x3f0 CMakeFiles/pico_w_webserver.dir/C_/Users/yoyom/Desktop/Pico/pico-sdk/lib/cyw43-driver/src/cyw43_ll.c.obj
 .text.cyw43_ll_init
                0x10010db8       0x1c CMakeFiles/pico_w_webserver.dir/C_/Users/yoyom/Desktop/Pico/pico-sdk/lib/cyw43-driver/src/cyw43_ll.c.obj
                0x10010db8                cyw43_ll_init
 .text.cyw43_ll_deinit
                0x10010dd4        0x8 CMakeFiles/pico_w_webserver.dir/C_/Users/yoyom/Desktop/Pico/pico-sdk/lib/cyw43-driver/src/cyw43_ll.c.obj
                0x10010dd4                cyw43_ll_deinit
 .text.cyw43_ll_send_ethernet
                0x10010ddc       0x60 CMakeFiles/pico_w_webserver.dir/C_/Users/yoyom/Desktop/Pico/pico-sdk/lib/cyw43-driver/src/cyw43_ll.c.obj
                0x10010ddc                cyw43_ll_send_ethernet
 .text.cyw43_ll_process_packets
                0x10010e3c       0x54 CMakeFiles/pico_w_webserver.dir/C_/Users/yoyom/Desktop/Pico/pico-sdk/lib/cyw43-driver/src/cyw43_ll.c.obj
                0x10010e3c                cyw43_ll_process_packets
 .text.cyw43_ll_ioctl
                0x10010e90       0x80 CMakeFiles/pico_w_webserver.dir/C_/Users/yoyom/Desktop/Pico/pico-sdk/lib/cyw43-driver/src/cyw43_ll.c.obj
                0x10010e90                cyw43_ll_ioctl
 .text.cyw43_ll_bus_sleep
                0x10010f10       0x34 CMakeFiles/pico_w_webserver.dir/C_/Users/yoyom/Desktop/Pico/pico-sdk/lib/cyw43-driver/src/cyw43_ll.c.obj
                0x10010f10                cyw43_ll_bus_sleep
 .text.cyw43_ll_wifi_on
                0x10010f44      0x220 CMakeFiles/pico_w_webserver.dir/C_/Users/yoyom/Desktop/Pico/pico-sdk/lib/cyw43-driver/src/cyw43_ll.c.obj
                0x10010f44                cyw43_ll_wifi_on
 .text.cyw43_ll_wifi_get_mac
                0x10011164       0x74 CMakeFiles/pico_w_webserver.dir/C_/Users/yoyom/Desktop/Pico/pico-sdk/lib/cyw43-driver/src/cyw43_ll.c.obj
                0x10011164                cyw43_ll_wifi_get_mac
 .text.cyw43_ll_bus_init
                0x100111d8      0x90c CMakeFiles/pico_w_webserver.dir/C_/Users/yoyom/Desktop/Pico/pico-sdk/lib/cyw43-driver/src/cyw43_ll.c.obj
                0x100111d8                cyw43_ll_bus_init
 .text.cyw43_ll_wifi_pm
                0x10011ae4      0x138 CMakeFiles/pico_w_webserver.dir/C_/Users/yoyom/Desktop/Pico/pico-sdk/lib/cyw43-driver/src/cyw43_ll.c.obj
                0x10011ae4                cyw43_ll_wifi_pm
 .text.cyw43_ll_wifi_join
                0x10011c1c      0x4c4 CMakeFiles/pico_w_webserver.dir/C_/Users/yoyom/Desktop/Pico/pico-sdk/lib/cyw43-driver/src/cyw43_ll.c.obj
                0x10011c1c                cyw43_ll_wifi_join
 .text.cyw43_ll_wifi_set_wpa_auth
                0x100120e0       0x4c CMakeFiles/pico_w_webserver.dir/C_/Users/yoyom/Desktop/Pico/pico-sdk/lib/cyw43-driver/src/cyw43_ll.c.obj
                0x100120e0                cyw43_ll_wifi_set_wpa_auth
 .text.cyw43_ll_wifi_rejoin
                0x1001212c       0x58 CMakeFiles/pico_w_webserver.dir/C_/Users/yoyom/Desktop/Pico/pico-sdk/lib/cyw43-driver/src/cyw43_ll.c.obj
                0x1001212c                cyw43_ll_wifi_rejoin
 .text.cyw43_ll_wifi_ap_init
                0x10012184      0x430 CMakeFiles/pico_w_webserver.dir/C_/Users/yoyom/Desktop/Pico/pico-sdk/lib/cyw43-driver/src/cyw43_ll.c.obj
                0x10012184                cyw43_ll_wifi_ap_init
 .text.cyw43_ll_wifi_ap_set_up
                0x100125b4       0x80 CMakeFiles/pico_w_webserver.dir/C_/Users/yoyom/Desktop/Pico/pico-sdk/lib/cyw43-driver/src/cyw43_ll.c.obj
                0x100125b4                cyw43_ll_wifi_ap_set_up
 .text.cyw43_ll_gpio_set
                0x10012634       0x9c CMakeFiles/pico_w_webserver.dir/C_/Users/yoyom/Desktop/Pico/pico-sdk/lib/cyw43-driver/src/cyw43_ll.c.obj
                0x10012634                cyw43_ll_gpio_set
 .text.cyw43_ll_gpio_get
                0x100126d0       0xa0 CMakeFiles/pico_w_webserver.dir/C_/Users/yoyom/Desktop/Pico/pico-sdk/lib/cyw43-driver/src/cyw43_ll.c.obj
                0x100126d0                cyw43_ll_gpio_get
 .text.cyw43_ll_has_work
                0x10012770       0x14 CMakeFiles/pico_w_webserver.dir/C_/Users/yoyom/Desktop/Pico/pico-sdk/lib/cyw43-driver/src/cyw43_ll.c.obj
                0x10012770                cyw43_ll_has_work
 .text.cyw43_netif_init
                0x10012784       0x3c CMakeFiles/pico_w_webserver.dir/C_/Users/yoyom/Desktop/Pico/pico-sdk/lib/cyw43-driver/src/cyw43_lwip.c.obj
 .text.cyw43_netif_output
                0x100127c0       0x34 CMakeFiles/pico_w_webserver.dir/C_/Users/yoyom/Desktop/Pico/pico-sdk/lib/cyw43-driver/src/cyw43_lwip.c.obj
 .text.cyw43_cb_tcpip_init
                0x100127f4       0xfc CMakeFiles/pico_w_webserver.dir/C_/Users/yoyom/Desktop/Pico/pico-sdk/lib/cyw43-driver/src/cyw43_lwip.c.obj
                0x100127f4                cyw43_cb_tcpip_init
 .text.cyw43_cb_tcpip_deinit
                0x100128f0       0x4c CMakeFiles/pico_w_webserver.dir/C_/Users/yoyom/Desktop/Pico/pico-sdk/lib/cyw43-driver/src/cyw43_lwip.c.obj
                0x100128f0                cyw43_cb_tcpip_deinit
 .text.cyw43_cb_process_ethernet
                0x1001293c       0x68 CMakeFiles/pico_w_webserver.dir/C_/Users/yoyom/Desktop/Pico/pico-sdk/lib/cyw43-driver/src/cyw43_lwip.c.obj
                0x1001293c                cyw43_cb_process_ethernet
 .text.cyw43_cb_tcpip_set_link_up
                0x100129a4       0x18 CMakeFiles/pico_w_webserver.dir/C_/Users/yoyom/Desktop/Pico/pico-sdk/lib/cyw43-driver/src/cyw43_lwip.c.obj
                0x100129a4                cyw43_cb_tcpip_set_link_up
 .text.cyw43_cb_tcpip_set_link_down
                0x100129bc       0x18 CMakeFiles/pico_w_webserver.dir/C_/Users/yoyom/Desktop/Pico/pico-sdk/lib/cyw43-driver/src/cyw43_lwip.c.obj
                0x100129bc                cyw43_cb_tcpip_set_link_down
 .text.cyw43_tcpip_link_status
                0x100129d4       0x34 CMakeFiles/pico_w_webserver.dir/C_/Users/yoyom/Desktop/Pico/pico-sdk/lib/cyw43-driver/src/cyw43_lwip.c.obj
                0x100129d4                cyw43_tcpip_link_status
 .text.cyw43_poll_func
                0x10012a08       0xc0 CMakeFiles/pico_w_webserver.dir/C_/Users/yoyom/Desktop/Pico/pico-sdk/lib/cyw43-driver/src/cyw43_ctrl.c.obj
 .text.cyw43_init
                0x10012ac8       0x6c CMakeFiles/pico_w_webserver.dir/C_/Users/yoyom/Desktop/Pico/pico-sdk/lib/cyw43-driver/src/cyw43_ctrl.c.obj
                0x10012ac8                cyw43_init
 .text.cyw43_deinit
                0x10012b34       0x90 CMakeFiles/pico_w_webserver.dir/C_/Users/yoyom/Desktop/Pico/pico-sdk/lib/cyw43-driver/src/cyw43_ctrl.c.obj
                0x10012b34                cyw43_deinit
 .text.cyw43_cb_read_host_interrupt_pin
                0x10012bc4        0xc CMakeFiles/pico_w_webserver.dir/C_/Users/yoyom/Desktop/Pico/pico-sdk/lib/cyw43-driver/src/cyw43_ctrl.c.obj
                0x10012bc4                cyw43_cb_read_host_interrupt_pin
 .text.cyw43_cb_ensure_awake
                0x10012bd0        0xc CMakeFiles/pico_w_webserver.dir/C_/Users/yoyom/Desktop/Pico/pico-sdk/lib/cyw43-driver/src/cyw43_ctrl.c.obj
                0x10012bd0                cyw43_cb_ensure_awake
 .text.cyw43_cb_process_async_event
                0x10012bdc      0x228 CMakeFiles/pico_w_webserver.dir/C_/Users/yoyom/Desktop/Pico/pico-sdk/lib/cyw43-driver/src/cyw43_ctrl.c.obj
                0x10012bdc                cyw43_cb_process_async_event
 .text.cyw43_send_ethernet
                0x10012e04       0xc0 CMakeFiles/pico_w_webserver.dir/C_/Users/yoyom/Desktop/Pico/pico-sdk/lib/cyw43-driver/src/cyw43_ctrl.c.obj
                0x10012e04                cyw43_send_ethernet
 .text.cyw43_wifi_get_mac
                0x10012ec4       0x10 CMakeFiles/pico_w_webserver.dir/C_/Users/yoyom/Desktop/Pico/pico-sdk/lib/cyw43-driver/src/cyw43_ctrl.c.obj
                0x10012ec4                cyw43_wifi_get_mac
 .text.cyw43_wifi_set_up
                0x10012ed4      0x338 CMakeFiles/pico_w_webserver.dir/C_/Users/yoyom/Desktop/Pico/pico-sdk/lib/cyw43-driver/src/cyw43_ctrl.c.obj
                0x10012ed4                cyw43_wifi_set_up
 .text.cyw43_wifi_link_status
                0x1001320c       0x3c CMakeFiles/pico_w_webserver.dir/C_/Users/yoyom/Desktop/Pico/pico-sdk/lib/cyw43-driver/src/cyw43_ctrl.c.obj
                0x1001320c                cyw43_wifi_link_status
 .text.cyw43_wifi_join
                0x10013248       0xf4 CMakeFiles/pico_w_webserver.dir/C_/Users/yoyom/Desktop/Pico/pico-sdk/lib/cyw43-driver/src/cyw43_ctrl.c.obj
                0x10013248                cyw43_wifi_join
 .text.cyw43_gpio_set
                0x1001333c       0xa0 CMakeFiles/pico_w_webserver.dir/C_/Users/yoyom/Desktop/Pico/pico-sdk/lib/cyw43-driver/src/cyw43_ctrl.c.obj
                0x1001333c                cyw43_gpio_set
 .text.cyw43_gpio_get
                0x100133dc       0xa0 CMakeFiles/pico_w_webserver.dir/C_/Users/yoyom/Desktop/Pico/pico-sdk/lib/cyw43-driver/src/cyw43_ctrl.c.obj
                0x100133dc                cyw43_gpio_get
 .text.pio_sm_set_pindirs_with_mask64
                0x1001347c       0xa4 CMakeFiles/pico_w_webserver.dir/C_/Users/yoyom/Desktop/Pico/pico-sdk/src/rp2_common/hardware_pio/pio.c.obj
                0x1001347c                pio_sm_set_pindirs_with_mask64
 .text.pio_sm_set_consecutive_pindirs
                0x10013520       0xbc CMakeFiles/pico_w_webserver.dir/C_/Users/yoyom/Desktop/Pico/pico-sdk/src/rp2_common/hardware_pio/pio.c.obj
                0x10013520                pio_sm_set_consecutive_pindirs
 .text.pio_claim_free_sm_and_add_program_for_gpio_range
                0x100135dc      0x190 CMakeFiles/pico_w_webserver.dir/C_/Users/yoyom/Desktop/Pico/pico-sdk/src/rp2_common/hardware_pio/pio.c.obj
                0x100135dc                pio_claim_free_sm_and_add_program_for_gpio_range
 .text.pio_remove_program_and_unclaim_sm
                0x1001376c       0x40 CMakeFiles/pico_w_webserver.dir/C_/Users/yoyom/Desktop/Pico/pico-sdk/src/rp2_common/hardware_pio/pio.c.obj
                0x1001376c                pio_remove_program_and_unclaim_sm
 .text.dma_channel_unclaim
                0x100137ac       0x10 CMakeFiles/pico_w_webserver.dir/C_/Users/yoyom/Desktop/Pico/pico-sdk/src/rp2_common/hardware_dma/dma.c.obj
                0x100137ac                dma_channel_unclaim
 .text.dma_claim_unused_channel
                0x100137bc       0x20 CMakeFiles/pico_w_webserver.dir/C_/Users/yoyom/Desktop/Pico/pico-sdk/src/rp2_common/hardware_dma/dma.c.obj
                0x100137bc                dma_claim_unused_channel
 .text.dma_channel_cleanup
                0x100137dc       0x64 CMakeFiles/pico_w_webserver.dir/C_/Users/yoyom/Desktop/Pico/pico-sdk/src/rp2_common/hardware_dma/dma.c.obj
                0x100137dc                dma_channel_cleanup
 .text.cyw43_sleep_timeout_reached
                0x10013840       0x10 CMakeFiles/pico_w_webserver.dir/C_/Users/yoyom/Desktop/Pico/pico-sdk/src/rp2_common/pico_cyw43_driver/cyw43_driver.c.obj
 .text.cyw43_irq_init
                0x10013850       0x28 CMakeFiles/pico_w_webserver.dir/C_/Users/yoyom/Desktop/Pico/pico-sdk/src/rp2_common/pico_cyw43_driver/cyw43_driver.c.obj
                0x10013850                cyw43_irq_init
 .text.cyw43_irq_deinit
                0x10013878       0x20 CMakeFiles/pico_w_webserver.dir/C_/Users/yoyom/Desktop/Pico/pico-sdk/src/rp2_common/pico_cyw43_driver/cyw43_driver.c.obj
                0x10013878                cyw43_irq_deinit
 .text.cyw43_gpio_irq_handler
                0x10013898       0x44 CMakeFiles/pico_w_webserver.dir/C_/Users/yoyom/Desktop/Pico/pico-sdk/src/rp2_common/pico_cyw43_driver/cyw43_driver.c.obj
 .text.cyw43_do_poll
                0x100138dc       0x6c CMakeFiles/pico_w_webserver.dir/C_/Users/yoyom/Desktop/Pico/pico-sdk/src/rp2_common/pico_cyw43_driver/cyw43_driver.c.obj
 .text.cyw43_post_poll_hook
                0x10013948       0x10 CMakeFiles/pico_w_webserver.dir/C_/Users/yoyom/Desktop/Pico/pico-sdk/src/rp2_common/pico_cyw43_driver/cyw43_driver.c.obj
                0x10013948                cyw43_post_poll_hook
 .text.cyw43_schedule_internal_poll_dispatch
                0x10013958       0x18 CMakeFiles/pico_w_webserver.dir/C_/Users/yoyom/Desktop/Pico/pico-sdk/src/rp2_common/pico_cyw43_driver/cyw43_driver.c.obj
                0x10013958                cyw43_schedule_internal_poll_dispatch
 .text.cyw43_driver_init
                0x10013970       0x38 CMakeFiles/pico_w_webserver.dir/C_/Users/yoyom/Desktop/Pico/pico-sdk/src/rp2_common/pico_cyw43_driver/cyw43_driver.c.obj
                0x10013970                cyw43_driver_init
 .text.cyw43_driver_deinit
                0x100139a8       0x44 CMakeFiles/pico_w_webserver.dir/C_/Users/yoyom/Desktop/Pico/pico-sdk/src/rp2_common/pico_cyw43_driver/cyw43_driver.c.obj
                0x100139a8                cyw43_driver_deinit
 .text.cyw43_hal_generate_laa_mac
                0x100139ec       0x28 CMakeFiles/pico_w_webserver.dir/C_/Users/yoyom/Desktop/Pico/pico-sdk/src/rp2_common/pico_cyw43_driver/cyw43_driver.c.obj
                0x100139ec                cyw43_hal_generate_laa_mac
 .text.cyw43_hal_get_mac
                0x10013a14       0x1c CMakeFiles/pico_w_webserver.dir/C_/Users/yoyom/Desktop/Pico/pico-sdk/src/rp2_common/pico_cyw43_driver/cyw43_driver.c.obj
                0x10013a14                cyw43_hal_get_mac
 .text.cyw43_thread_enter
                0x10013a30       0x14 CMakeFiles/pico_w_webserver.dir/C_/Users/yoyom/Desktop/Pico/pico-sdk/src/rp2_common/pico_cyw43_driver/cyw43_driver.c.obj
                0x10013a30                cyw43_thread_enter
 .text.cyw43_thread_exit
                0x10013a44       0x14 CMakeFiles/pico_w_webserver.dir/C_/Users/yoyom/Desktop/Pico/pico-sdk/src/rp2_common/pico_cyw43_driver/cyw43_driver.c.obj
                0x10013a44                cyw43_thread_exit
 .text.cyw43_await_background_or_timeout_us
                0x10013a58       0x60 CMakeFiles/pico_w_webserver.dir/C_/Users/yoyom/Desktop/Pico/pico-sdk/src/rp2_common/pico_cyw43_driver/cyw43_driver.c.obj
                0x10013a58                cyw43_await_background_or_timeout_us
 .text.cyw43_delay_ms
                0x10013ab8       0x44 CMakeFiles/pico_w_webserver.dir/C_/Users/yoyom/Desktop/Pico/pico-sdk/src/rp2_common/pico_cyw43_driver/cyw43_driver.c.obj
                0x10013ab8                cyw43_delay_ms
 .text.cyw43_delay_us
                0x10013afc       0x34 CMakeFiles/pico_w_webserver.dir/C_/Users/yoyom/Desktop/Pico/pico-sdk/src/rp2_common/pico_cyw43_driver/cyw43_driver.c.obj
                0x10013afc                cyw43_delay_us
 .text.async_context_threadsafe_background_acquire_lock_blocking
                0x10013b30        0xc CMakeFiles/pico_w_webserver.dir/C_/Users/yoyom/Desktop/Pico/pico-sdk/src/rp2_common/pico_async_context/async_context_threadsafe_background.c.obj
 .text.alarm_handler
                0x10013b3c       0x20 CMakeFiles/pico_w_webserver.dir/C_/Users/yoyom/Desktop/Pico/pico-sdk/src/rp2_common/pico_async_context/async_context_threadsafe_background.c.obj
 .text.async_context_threadsafe_background_set_work_pending
                0x10013b5c       0x1c CMakeFiles/pico_w_webserver.dir/C_/Users/yoyom/Desktop/Pico/pico-sdk/src/rp2_common/pico_async_context/async_context_threadsafe_background.c.obj
 .text.process_under_lock
                0x10013b78       0xc8 CMakeFiles/pico_w_webserver.dir/C_/Users/yoyom/Desktop/Pico/pico-sdk/src/rp2_common/pico_async_context/async_context_threadsafe_background.c.obj
 .text.async_context_threadsafe_background_execute_sync
                0x10013c40       0x30 CMakeFiles/pico_w_webserver.dir/C_/Users/yoyom/Desktop/Pico/pico-sdk/src/rp2_common/pico_async_context/async_context_threadsafe_background.c.obj
                0x10013c40                async_context_threadsafe_background_execute_sync
 .text.async_context_threadsafe_background_deinit
                0x10013c70       0x54 CMakeFiles/pico_w_webserver.dir/C_/Users/yoyom/Desktop/Pico/pico-sdk/src/rp2_common/pico_async_context/async_context_threadsafe_background.c.obj
 .text.low_priority_irq_handler
                0x10013cc4       0x3c CMakeFiles/pico_w_webserver.dir/C_/Users/yoyom/Desktop/Pico/pico-sdk/src/rp2_common/pico_async_context/async_context_threadsafe_background.c.obj
 .text.async_context_threadsafe_background_wait_for_work_until
                0x10013d00        0xc CMakeFiles/pico_w_webserver.dir/C_/Users/yoyom/Desktop/Pico/pico-sdk/src/rp2_common/pico_async_context/async_context_threadsafe_background.c.obj
 .text.async_context_threadsafe_background_wait_until
                0x10013d0c       0x1c CMakeFiles/pico_w_webserver.dir/C_/Users/yoyom/Desktop/Pico/pico-sdk/src/rp2_common/pico_async_context/async_context_threadsafe_background.c.obj
 .text.async_context_threadsafe_background_lock_check
                0x10013d28       0x28 CMakeFiles/pico_w_webserver.dir/C_/Users/yoyom/Desktop/Pico/pico-sdk/src/rp2_common/pico_async_context/async_context_threadsafe_background.c.obj
 .text.async_context_threadsafe_background_release_lock
                0x10013d50       0x1c CMakeFiles/pico_w_webserver.dir/C_/Users/yoyom/Desktop/Pico/pico-sdk/src/rp2_common/pico_async_context/async_context_threadsafe_background.c.obj
 .text.async_context_threadsafe_background_when_pending_worker
                0x10013d6c       0x34 CMakeFiles/pico_w_webserver.dir/C_/Users/yoyom/Desktop/Pico/pico-sdk/src/rp2_common/pico_async_context/async_context_threadsafe_background.c.obj
 .text.async_context_threadsafe_background_remove_at_time_worker
                0x10013da0       0x34 CMakeFiles/pico_w_webserver.dir/C_/Users/yoyom/Desktop/Pico/pico-sdk/src/rp2_common/pico_async_context/async_context_threadsafe_background.c.obj
 .text.async_context_threadsafe_background_add_when_pending_worker
                0x10013dd4       0x34 CMakeFiles/pico_w_webserver.dir/C_/Users/yoyom/Desktop/Pico/pico-sdk/src/rp2_common/pico_async_context/async_context_threadsafe_background.c.obj
 .text.async_context_threadsafe_background_add_at_time_worker
                0x10013e08       0x34 CMakeFiles/pico_w_webserver.dir/C_/Users/yoyom/Desktop/Pico/pico-sdk/src/rp2_common/pico_async_context/async_context_threadsafe_background.c.obj
 .text.async_context_threadsafe_background_default_config
                0x10013e3c        0xc CMakeFiles/pico_w_webserver.dir/C_/Users/yoyom/Desktop/Pico/pico-sdk/src/rp2_common/pico_async_context/async_context_threadsafe_background.c.obj
                0x10013e3c                async_context_threadsafe_background_default_config
 .text.async_context_threadsafe_background_init
                0x10013e48       0x8c CMakeFiles/pico_w_webserver.dir/C_/Users/yoyom/Desktop/Pico/pico-sdk/src/rp2_common/pico_async_context/async_context_threadsafe_background.c.obj
                0x10013e48                async_context_threadsafe_background_init
 .text.fs_open  0x10013ed4       0x40 CMakeFiles/pico_w_webserver.dir/C_/Users/yoyom/Desktop/Pico/pico-sdk/lib/lwip/src/apps/http/fs.c.obj
                0x10013ed4                fs_open
 .text.fs_close
                0x10013f14        0x4 CMakeFiles/pico_w_webserver.dir/C_/Users/yoyom/Desktop/Pico/pico-sdk/lib/lwip/src/apps/http/fs.c.obj
                0x10013f14                fs_close
 .text.fs_bytes_left
                0x10013f18        0x8 CMakeFiles/pico_w_webserver.dir/C_/Users/yoyom/Desktop/Pico/pico-sdk/lib/lwip/src/apps/http/fs.c.obj
                0x10013f18                fs_bytes_left
 .text.http_accept
                0x10013f20       0x74 CMakeFiles/pico_w_webserver.dir/C_/Users/yoyom/Desktop/Pico/pico-sdk/lib/lwip/src/apps/http/httpd.c.obj
 .text.http_close_or_abort_conn.constprop.0.isra.0
                0x10013f94       0x80 CMakeFiles/pico_w_webserver.dir/C_/Users/yoyom/Desktop/Pico/pico-sdk/lib/lwip/src/apps/http/httpd.c.obj
 .text.http_err
                0x10014014       0x38 CMakeFiles/pico_w_webserver.dir/C_/Users/yoyom/Desktop/Pico/pico-sdk/lib/lwip/src/apps/http/httpd.c.obj
 .text.http_send_data_ssi
                0x1001404c      0x77c CMakeFiles/pico_w_webserver.dir/C_/Users/yoyom/Desktop/Pico/pico-sdk/lib/lwip/src/apps/http/httpd.c.obj
 .text.http_recv
                0x100147c8      0x660 CMakeFiles/pico_w_webserver.dir/C_/Users/yoyom/Desktop/Pico/pico-sdk/lib/lwip/src/apps/http/httpd.c.obj
 .text.http_sent
                0x10014e28       0xf8 CMakeFiles/pico_w_webserver.dir/C_/Users/yoyom/Desktop/Pico/pico-sdk/lib/lwip/src/apps/http/httpd.c.obj
 .text.http_poll
                0x10014f20      0x170 CMakeFiles/pico_w_webserver.dir/C_/Users/yoyom/Desktop/Pico/pico-sdk/lib/lwip/src/apps/http/httpd.c.obj
 .text.httpd_init
                0x10015090       0x5c CMakeFiles/pico_w_webserver.dir/C_/Users/yoyom/Desktop/Pico/pico-sdk/lib/lwip/src/apps/http/httpd.c.obj
                0x10015090                httpd_init
 .text.http_set_ssi_handler
                0x100150ec       0x48 CMakeFiles/pico_w_webserver.dir/C_/Users/yoyom/Desktop/Pico/pico-sdk/lib/lwip/src/apps/http/httpd.c.obj
                0x100150ec                http_set_ssi_handler
 .text.http_set_cgi_handlers
                0x10015134       0x30 CMakeFiles/pico_w_webserver.dir/C_/Users/yoyom/Desktop/Pico/pico-sdk/lib/lwip/src/apps/http/httpd.c.obj
                0x10015134                http_set_cgi_handlers
 .text.first_per_core_initializer
                0x10015164        0x4 CMakeFiles/pico_w_webserver.dir/C_/Users/yoyom/Desktop/Pico/pico-sdk/src/rp2_common/pico_runtime/runtime.c.obj
 .text.hard_assertion_failure
                0x10015168        0xc CMakeFiles/pico_w_webserver.dir/C_/Users/yoyom/Desktop/Pico/pico-sdk/src/rp2_common/pico_runtime/runtime.c.obj
                0x10015168                hard_assertion_failure
 .text.runtime_run_initializers
                0x10015174       0x28 CMakeFiles/pico_w_webserver.dir/C_/Users/yoyom/Desktop/Pico/pico-sdk/src/rp2_common/pico_runtime/runtime.c.obj
                0x10015174                runtime_run_initializers
 .text.runtime_init_early_resets
                0x1001519c       0x2c CMakeFiles/pico_w_webserver.dir/C_/Users/yoyom/Desktop/Pico/pico-sdk/src/rp2_common/pico_runtime_init/runtime_init.c.obj
                0x1001519c                runtime_init_early_resets
 .text.runtime_init_usb_power_down
                0x100151c8       0x1c CMakeFiles/pico_w_webserver.dir/C_/Users/yoyom/Desktop/Pico/pico-sdk/src/rp2_common/pico_runtime_init/runtime_init.c.obj
                0x100151c8                runtime_init_usb_power_down
 .text.runtime_init_post_clock_resets
                0x100151e4       0x20 CMakeFiles/pico_w_webserver.dir/C_/Users/yoyom/Desktop/Pico/pico-sdk/src/rp2_common/pico_runtime_init/runtime_init.c.obj
                0x100151e4                runtime_init_post_clock_resets
 .text.runtime_init_rp2040_gpio_ie_disable
                0x10015204       0x14 CMakeFiles/pico_w_webserver.dir/C_/Users/yoyom/Desktop/Pico/pico-sdk/src/rp2_common/pico_runtime_init/runtime_init.c.obj
                0x10015204                runtime_init_rp2040_gpio_ie_disable
 .text.runtime_init_spin_locks_reset
                0x10015218        0x8 CMakeFiles/pico_w_webserver.dir/C_/Users/yoyom/Desktop/Pico/pico-sdk/src/rp2_common/pico_runtime_init/runtime_init.c.obj
                0x10015218                runtime_init_spin_locks_reset
 .text.runtime_init_install_ram_vector_table
                0x10015220       0x1c CMakeFiles/pico_w_webserver.dir/C_/Users/yoyom/Desktop/Pico/pico-sdk/src/rp2_common/pico_runtime_init/runtime_init.c.obj
                0x10015220                runtime_init_install_ram_vector_table
 .text.runtime_init_clocks