Archive member included to satisfy reference by file (symbol)

c:/vsarm/armcc/102021~1.10/bin/../lib/gcc/arm-none-eabi/10.3.1/thumb/v6-m/nofp\libgcc.a(_dvmd_tls.o)
                              CMakeFiles/pico-w-server.dir/C_/Users/yoyom/Desktop/Pico/pico-sdk/src/rp2_common/pico_divider/divider_hardware.S.obj (__aeabi_idiv0)
c:/vsarm/armcc/102021~1.10/bin/../lib/gcc/arm-none-eabi/10.3.1/../../../../arm-none-eabi/lib/thumb/v6-m/nofp\libg.a(lib_a-atoi.o)
                              CMakeFiles/pico-w-server.dir/C_/Users/yoyom/Desktop/Pico/pico-sdk/lib/lwip/src/core/netif.c.obj (atoi)
c:/vsarm/armcc/102021~1.10/bin/../lib/gcc/arm-none-eabi/10.3.1/../../../../arm-none-eabi/lib/thumb/v6-m/nofp\libg.a(lib_a-calloc.o)
                              CMakeFiles/pico-w-server.dir/C_/Users/yoyom/Desktop/Pico/pico-sdk/src/rp2_common/pico_malloc/malloc.c.obj (calloc)
c:/vsarm/armcc/102021~1.10/bin/../lib/gcc/arm-none-eabi/10.3.1/../../../../arm-none-eabi/lib/thumb/v6-m/nofp\libg.a(lib_a-callocr.o)
                              c:/vsarm/armcc/102021~1.10/bin/../lib/gcc/arm-none-eabi/10.3.1/../../../../arm-none-eabi/lib/thumb/v6-m/nofp\libg.a(lib_a-calloc.o) (_calloc_r)
c:/vsarm/armcc/102021~1.10/bin/../lib/gcc/arm-none-eabi/10.3.1/../../../../arm-none-eabi/lib/thumb/v6-m/nofp\libg.a(lib_a-ctype_.o)
                              CMakeFiles/pico-w-server.dir/C_/Users/yoyom/Desktop/Pico/pico-sdk/lib/lwip/src/core/dns.c.obj (_ctype_)
c:/vsarm/armcc/102021~1.10/bin/../lib/gcc/arm-none-eabi/10.3.1/../../../../arm-none-eabi/lib/thumb/v6-m/nofp\libg.a(lib_a-errno.o)
                              c:/vsarm/armcc/102021~1.10/bin/../lib/gcc/arm-none-eabi/10.3.1/../../../../arm-none-eabi/lib/thumb/v6-m/nofp\libg.a(lib_a-callocr.o) (__errno)
c:/vsarm/armcc/102021~1.10/bin/../lib/gcc/arm-none-eabi/10.3.1/../../../../arm-none-eabi/lib/thumb/v6-m/nofp\libg.a(lib_a-impure.o)
                              c:/vsarm/armcc/102021~1.10/bin/../lib/gcc/arm-none-eabi/10.3.1/../../../../arm-none-eabi/lib/thumb/v6-m/nofp\libg.a(lib_a-calloc.o) (_impure_ptr)
c:/vsarm/armcc/102021~1.10/bin/../lib/gcc/arm-none-eabi/10.3.1/../../../../arm-none-eabi/lib/thumb/v6-m/nofp\libg.a(lib_a-init.o)
                              c:/vsarm/armcc/102021~1.10/bin/../lib/gcc/arm-none-eabi/10.3.1/../../../../arm-none-eabi/lib/thumb/v6-m/nofp/crt0.o (__libc_init_array)
c:/vsarm/armcc/102021~1.10/bin/../lib/gcc/arm-none-eabi/10.3.1/../../../../arm-none-eabi/lib/thumb/v6-m/nofp\libg.a(lib_a-lcltime_r.o)
                              CMakeFiles/pico-w-server.dir/C_/Users/yoyom/Desktop/Pico/pico-sdk/src/common/pico_util/datetime.c.obj (localtime_r)
c:/vsarm/armcc/102021~1.10/bin/../lib/gcc/arm-none-eabi/10.3.1/../../../../arm-none-eabi/lib/thumb/v6-m/nofp\libg.a(lib_a-malloc.o)
                              CMakeFiles/pico-w-server.dir/C_/Users/yoyom/Desktop/Pico/pico-sdk/src/rp2_common/pico_malloc/malloc.c.obj (malloc)
c:/vsarm/armcc/102021~1.10/bin/../lib/gcc/arm-none-eabi/10.3.1/../../../../arm-none-eabi/lib/thumb/v6-m/nofp\libg.a(lib_a-mallocr.o)
                              c:/vsarm/armcc/102021~1.10/bin/../lib/gcc/arm-none-eabi/10.3.1/../../../../arm-none-eabi/lib/thumb/v6-m/nofp\libg.a(lib_a-callocr.o) (_malloc_r)
c:/vsarm/armcc/102021~1.10/bin/../lib/gcc/arm-none-eabi/10.3.1/../../../../arm-none-eabi/lib/thumb/v6-m/nofp\libg.a(lib_a-memcmp.o)
                              CMakeFiles/pico-w-server.dir/C_/Users/yoyom/Desktop/Pico/pico-sdk/src/rp2_common/pico_atomic/atomic.c.obj (memcmp)
c:/vsarm/armcc/102021~1.10/bin/../lib/gcc/arm-none-eabi/10.3.1/../../../../arm-none-eabi/lib/thumb/v6-m/nofp\libg.a(lib_a-memmove.o)
                              CMakeFiles/pico-w-server.dir/C_/Users/yoyom/Desktop/Pico/pico-sdk/lib/lwip/src/core/def.c.obj (memmove)
c:/vsarm/armcc/102021~1.10/bin/../lib/gcc/arm-none-eabi/10.3.1/../../../../arm-none-eabi/lib/thumb/v6-m/nofp\libg.a(lib_a-mktime.o)
                              CMakeFiles/pico-w-server.dir/C_/Users/yoyom/Desktop/Pico/pico-sdk/src/common/pico_util/datetime.c.obj (mktime)
c:/vsarm/armcc/102021~1.10/bin/../lib/gcc/arm-none-eabi/10.3.1/../../../../arm-none-eabi/lib/thumb/v6-m/nofp\libg.a(lib_a-mlock.o)
                              c:/vsarm/armcc/102021~1.10/bin/../lib/gcc/arm-none-eabi/10.3.1/../../../../arm-none-eabi/lib/thumb/v6-m/nofp\libg.a(lib_a-mallocr.o) (__malloc_lock)
c:/vsarm/armcc/102021~1.10/bin/../lib/gcc/arm-none-eabi/10.3.1/../../../../arm-none-eabi/lib/thumb/v6-m/nofp\libg.a(lib_a-month_lengths.o)
                              c:/vsarm/armcc/102021~1.10/bin/../lib/gcc/arm-none-eabi/10.3.1/../../../../arm-none-eabi/lib/thumb/v6-m/nofp\libg.a(lib_a-lcltime_r.o) (__month_lengths)
c:/vsarm/armcc/102021~1.10/bin/../lib/gcc/arm-none-eabi/10.3.1/../../../../arm-none-eabi/lib/thumb/v6-m/nofp\libg.a(lib_a-realloc.o)
                              CMakeFiles/pico-w-server.dir/C_/Users/yoyom/Desktop/Pico/pico-sdk/src/rp2_common/pico_malloc/malloc.c.obj (realloc)
[...]
Memory Configuration

Name             Origin             Length             Attributes
FLASH            0x10000000         0x01000000         xr
RAM              0x20000000         0x00040000         xrw
SCRATCH_X        0x20040000         0x00001000         xrw
SCRATCH_Y        0x20041000         0x00001000         xrw
*default*        0x00000000         0xffffffff

Linker script and memory map

LOAD c:/vsarm/armcc/102021~1.10/bin/../lib/gcc/arm-none-eabi/10.3.1/thumb/v6-m/nofp/crti.o
LOAD c:/vsarm/armcc/102021~1.10/bin/../lib/gcc/arm-none-eabi/10.3.1/thumb/v6-m/nofp/crtbegin.o
LOAD c:/vsarm/armcc/102021~1.10/bin/../lib/gcc/arm-none-eabi/10.3.1/../../../../arm-none-eabi/lib/thumb/v6-m/nofp/crt0.o

.flash_begin    0x10000000        0x0
                0x10000000                __flash_binary_start = .

.boot2          0x10000000      0x100
                0x10000000                __boot2_start__ = .
 *(.boot2)
 .boot2         0x10000000      0x100 pico-sdk/src/rp2040/boot_stage2/CMakeFiles/bs2_default_library.dir/./bs2_default_padded_checksummed.S.obj
                0x10000100                __boot2_end__ = .
                0x00000001                ASSERT (((__boot2_end__ - __boot2_start__) == 0x100), ERROR: Pico second stage bootloader must be 256 bytes in size)

.text           0x10000100     0x7bac
                0x10000100                __logical_binary_start = .
 *(.vectors)
 .vectors       0x10000100       0xd4 CMakeFiles/pico-w-server.dir/C_/Users/yoyom/Desktop/Pico/pico-sdk/src/rp2_common/pico_crt0/crt0.S.obj
                0x10000100                __VECTOR_TABLE
                0x10000100                __vectors
                0x100001c0                isr_invalid
                0x100001c0                __default_isrs_start
                0x100001c2                isr_nmi
                0x100001c4                isr_hardfault
                0x100001c6                isr_svcall
                0x100001c8                isr_pendsv
                0x100001ca                isr_systick
                0x100001cc                isr_irq23
                0x100001cc                isr_irq18
                0x100001cc                isr_irq11
                0x100001cc                isr_irq28
                0x100001cc                isr_irq19
                0x100001cc                isr_irq0
                0x100001cc                isr_irq6
                0x100001cc                isr_irq5
                0x100001cc                isr_irq12
                0x100001cc                isr_irq22
                0x100001cc                isr_irq31
                0x100001cc                isr_irq17
                0x100001cc                isr_irq27
                0x100001cc                isr_irq30
                0x100001cc                isr_irq2
                0x100001cc                isr_irq10
                0x100001cc                isr_irq8
                0x100001cc                isr_irq24
                0x100001cc                isr_irq1
                0x100001cc                isr_irq7
                0x100001cc                isr_irq21
                0x100001cc                isr_irq20
                0x100001cc                isr_irq15
                0x100001cc                isr_irq25
                0x100001cc                isr_irq13
                0x100001cc                __unhandled_user_irq
                0x100001cc                isr_irq4
                0x100001cc                isr_irq16
                0x100001cc                isr_irq29
                0x100001cc                isr_irq26
                0x100001cc                __default_isrs_end
                0x100001cc                isr_irq3
                0x100001cc                isr_irq14
                0x100001cc                isr_irq9
                0x100001d2                unhandled_user_irq_num_in_r0
 *(.binary_info_header)
 .binary_info_header
                0x100001d4       0x14 CMakeFiles/pico-w-server.dir/C_/Users/yoyom/Desktop/Pico/pico-sdk/src/rp2_common/pico_crt0/crt0.S.obj
                0x100001e8                __binary_info_header_end = .
 *(.embedded_block)
                0x100001e8                __embedded_block_end = .
 *(.reset)
 .reset         0x100001e8       0x9c CMakeFiles/pico-w-server.dir/C_/Users/yoyom/Desktop/Pico/pico-sdk/src/rp2_common/pico_crt0/crt0.S.obj
                0x100001e8                _entry_point
 *(.init)
 .init          0x10000284        0x4 c:/vsarm/armcc/102021~1.10/bin/../lib/gcc/arm-none-eabi/10.3.1/thumb/v6-m/nofp/crti.o
                0x10000284                _init
 *(EXCLUDE_FILE(*libm.a: *libc.a:*lib_a-mem*.o *libgcc.a:) .text*)
 .text          0x10000288       0x48 c:/vsarm/armcc/102021~1.10/bin/../lib/gcc/arm-none-eabi/10.3.1/thumb/v6-m/nofp/crtbegin.o
 .text.send_http_request.part.0
                0x100002d0       0xd8 CMakeFiles/pico-w-server.dir/main.c.obj
 .text.send_http_request.constprop.1
                0x100003a8      0x10c CMakeFiles/pico-w-server.dir/main.c.obj
 .text.setup_i2c
                0x100004b4       0x38 CMakeFiles/pico-w-server.dir/main.c.obj
                0x100004b4                setup_i2c
 .text.send_http_request
                0x100004ec      0x108 CMakeFiles/pico-w-server.dir/main.c.obj
                0x100004ec                send_http_request
 .text.startup.main
                0x100005f4      0x2b8 CMakeFiles/pico-w-server.dir/main.c.obj
                0x100005f4                main
 .text.init_uart
                0x100008ac       0x24 CMakeFiles/pico-w-server.dir/wifi_module.c.obj
                0x100008ac                init_uart
 .text.init_esp_reset
                0x100008d0       0x18 CMakeFiles/pico-w-server.dir/wifi_module.c.obj
                0x100008d0                init_esp_reset
 .text.wait_for_response
                0x100008e8       0xf8 CMakeFiles/pico-w-server.dir/wifi_module.c.obj
                0x100008e8                wait_for_response
 .text.send_at_command
                0x100009e0       0xfc CMakeFiles/pico-w-server.dir/wifi_module.c.obj
                0x100009e0                send_at_command
 .text.connect_to_wifi
                0x10000adc      0x29c CMakeFiles/pico-w-server.dir/wifi_module.c.obj
                0x10000adc                connect_to_wifi
 .text.ir_sensor_init
                0x10000d78       0x20 CMakeFiles/pico-w-server.dir/ir_sensor.c.obj
                0x10000d78                ir_sensor_init
 .text.ir_sensor_detected
                0x10000d98       0x10 CMakeFiles/pico-w-server.dir/ir_sensor.c.obj
                0x10000d98                ir_sensor_detected
 .text.eye_init
                0x10000da8       0x40 CMakeFiles/pico-w-server.dir/eye.c.obj
                0x10000da8                eye_init
 .text.eye_read_sensor
                0x10000de8       0x20 CMakeFiles/pico-w-server.dir/eye.c.obj
                0x10000de8                eye_read_sensor
 .text.eye_detect_blink
                0x10000e08       0x10 CMakeFiles/pico-w-server.dir/eye.c.obj
                0x10000e08                eye_detect_blink
 .text.lsm6dsl_init
                0x10000e18       0xd4 CMakeFiles/pico-w-server.dir/gyroscope.c.obj
                0x10000e18                lsm6dsl_init
 .text.lsm6dsl_read_gyro
                0x10000eec      0x1c0 CMakeFiles/pico-w-server.dir/gyroscope.c.obj
                0x10000eec                lsm6dsl_read_gyro
 .text.calibrateGyroscope
                0x100010ac      0x1a4 CMakeFiles/pico-w-server.dir/gyroscope.c.obj
                0x100010ac                calibrateGyroscope
 .text.processGyroscopeData
                0x10001250      0x118 CMakeFiles/pico-w-server.dir/gyroscope.c.obj
                0x10001250                processGyroscopeData
 .text.gpio_set_function
                0x10001368       0x34 CMakeFiles/pico-w-server.dir/C_/Users/yoyom/Desktop/Pico/pico-sdk/src/rp2_common/hardware_gpio/gpio.c.obj
                0x10001368                gpio_set_function
 .text.gpio_set_pulls
                0x1000139c       0x34 CMakeFiles/pico-w-server.dir/C_/Users/yoyom/Desktop/Pico/pico-sdk/src/rp2_common/hardware_gpio/gpio.c.obj
                0x1000139c                gpio_set_pulls
 .text.gpio_set_input_enabled
                0x100013d0       0x28 CMakeFiles/pico-w-server.dir/C_/Users/yoyom/Desktop/Pico/pico-sdk/src/rp2_common/hardware_gpio/gpio.c.obj
                0x100013d0                gpio_set_input_enabled
 .text.gpio_init
                0x100013f8       0x40 CMakeFiles/pico-w-server.dir/C_/Users/yoyom/Desktop/Pico/pico-sdk/src/rp2_common/hardware_gpio/gpio.c.obj
                0x100013f8                gpio_init
 .text.rp2040_chip_version
                0x10001438        0xc CMakeFiles/pico-w-server.dir/C_/Users/yoyom/Desktop/Pico/pico-sdk/src/rp2040/pico_platform/platform.c.obj
                0x10001438                rp2040_chip_version
 .text.panic    0x10001444       0x30 CMakeFiles/pico-w-server.dir/C_/Users/yoyom/Desktop/Pico/pico-sdk/src/rp2_common/pico_platform_panic/panic.c.obj
                0x10001444                panic
 .text.hw_claim_or_assert
                0x10001474       0x44 CMakeFiles/pico-w-server.dir/C_/Users/yoyom/Desktop/Pico/pico-sdk/src/common/hardware_claim/claim.c.obj
                0x10001474                hw_claim_or_assert
 .text.hw_claim_unused_from_range
                0x100014b8       0x9c CMakeFiles/pico-w-server.dir/C_/Users/yoyom/Desktop/Pico/pico-sdk/src/common/hardware_claim/claim.c.obj
                0x100014b8                hw_claim_unused_from_range
 .text.next_striped_spin_lock_num
                0x10001554       0x18 CMakeFiles/pico-w-server.dir/C_/Users/yoyom/Desktop/Pico/pico-sdk/src/rp2_common/hardware_sync/sync.c.obj
                0x10001554                next_striped_spin_lock_num
 .text.spin_lock_claim_unused
                0x1000156c       0x20 CMakeFiles/pico-w-server.dir/C_/Users/yoyom/Desktop/Pico/pico-sdk/src/rp2_common/hardware_sync/sync.c.obj
                0x1000156c                spin_lock_claim_unused
 .text.spin_locks_reset
                0x1000158c       0x1c CMakeFiles/pico-w-server.dir/C_/Users/yoyom/Desktop/Pico/pico-sdk/src/rp2_common/hardware_sync_spin_lock/sync_spin_lock.c.obj
                0x1000158c                spin_locks_reset
 .text.runtime_init_per_core_irq_priorities
                0x100015a8       0x24 CMakeFiles/pico-w-server.dir/C_/Users/yoyom/Desktop/Pico/pico-sdk/src/rp2_common/hardware_irq/irq.c.obj
                0x100015a8                runtime_init_per_core_irq_priorities
 .text.irq_set_enabled
                0x100015cc       0x24 CMakeFiles/pico-w-server.dir/C_/Users/yoyom/Desktop/Pico/pico-sdk/src/rp2_common/hardware_irq/irq.c.obj
                0x100015cc                irq_set_enabled
 .text.irq_is_enabled
                0x100015f0       0x18 CMakeFiles/pico-w-server.dir/C_/Users/yoyom/Desktop/Pico/pico-sdk/src/rp2_common/hardware_irq/irq.c.obj
                0x100015f0                irq_is_enabled
 .text.irq_set_pending
                0x10001608       0x10 CMakeFiles/pico-w-server.dir/C_/Users/yoyom/Desktop/Pico/pico-sdk/src/rp2_common/hardware_irq/irq.c.obj
                0x10001608                irq_set_pending
 .text.irq_has_shared_handler
                0x10001618       0x2c CMakeFiles/pico-w-server.dir/C_/Users/yoyom/Desktop/Pico/pico-sdk/src/rp2_common/hardware_irq/irq.c.obj
                0x10001618                irq_has_shared_handler
 .text.irq_set_exclusive_handler
                0x10001644       0x54 CMakeFiles/pico-w-server.dir/C_/Users/yoyom/Desktop/Pico/pico-sdk/src/rp2_common/hardware_irq/irq.c.obj
                0x10001644                irq_set_exclusive_handler
 .text.irq_add_shared_handler
                0x10001698      0x1e8 CMakeFiles/pico-w-server.dir/C_/Users/yoyom/Desktop/Pico/pico-sdk/src/rp2_common/hardware_irq/irq.c.obj
                0x10001698                irq_add_shared_handler
 .text.irq_add_tail_to_free_list
                0x10001880      0x144 CMakeFiles/pico-w-server.dir/C_/Users/yoyom/Desktop/Pico/pico-sdk/src/rp2_common/hardware_irq/irq.c.obj
                0x10001880                irq_add_tail_to_free_list
 .text.user_irq_claim_unused
                0x100019c4       0x28 CMakeFiles/pico-w-server.dir/C_/Users/yoyom/Desktop/Pico/pico-sdk/src/rp2_common/hardware_irq/irq.c.obj
                0x100019c4                user_irq_claim_unused
 .text.lock_init
                0x100019ec       0x10 CMakeFiles/pico-w-server.dir/C_/Users/yoyom/Desktop/Pico/pico-sdk/src/common/pico_sync/lock_core.c.obj
                0x100019ec                lock_init
 .text.runtime_init_mutex
                0x100019fc       0x58 CMakeFiles/pico-w-server.dir/C_/Users/yoyom/Desktop/Pico/pico-sdk/src/common/pico_sync/mutex.c.obj
                0x100019fc                runtime_init_mutex
 .text.mutex_init
                0x10001a54       0x1c CMakeFiles/pico-w-server.dir/C_/Users/yoyom/Desktop/Pico/pico-sdk/src/common/pico_sync/mutex.c.obj
                0x10001a54                mutex_init
 .text.critical_section_init
                0x10001a70       0x20 CMakeFiles/pico-w-server.dir/C_/Users/yoyom/Desktop/Pico/pico-sdk/src/common/pico_sync/critical_section.c.obj
                0x10001a70                critical_section_init
 .text.critical_section_init_with_lock_num
                0x10001a90       0x14 CMakeFiles/pico-w-server.dir/C_/Users/yoyom/Desktop/Pico/pico-sdk/src/common/pico_sync/critical_section.c.obj
                0x10001a90                critical_section_init_with_lock_num
 .text.sleep_until_callback
                0x10001aa4       0x30 CMakeFiles/pico-w-server.dir/C_/Users/yoyom/Desktop/Pico/pico-sdk/src/common/pico_time/time.c.obj
 .text.alarm_pool_irq_handler
                0x10001ad4      0x308 CMakeFiles/pico-w-server.dir/C_/Users/yoyom/Desktop/Pico/pico-sdk/src/common/pico_time/time.c.obj
 .text.runtime_init_default_alarm_pool
                0x10001ddc       0xdc CMakeFiles/pico-w-server.dir/C_/Users/yoyom/Desktop/Pico/pico-sdk/src/common/pico_time/time.c.obj
                0x10001ddc                runtime_init_default_alarm_pool
 .text.alarm_pool_get_default
                0x10001eb8        0x8 CMakeFiles/pico-w-server.dir/C_/Users/yoyom/Desktop/Pico/pico-sdk/src/common/pico_time/time.c.obj
                0x10001eb8                alarm_pool_get_default
 .text.alarm_pool_add_alarm_at
                0x10001ec0       0xc8 CMakeFiles/pico-w-server.dir/C_/Users/yoyom/Desktop/Pico/pico-sdk/src/common/pico_time/time.c.obj
                0x10001ec0                alarm_pool_add_alarm_at
 .text.alarm_pool_add_alarm_at_force_in_context
                0x10001f88       0xb0 CMakeFiles/pico-w-server.dir/C_/Users/yoyom/Desktop/Pico/pico-sdk/src/common/pico_time/time.c.obj
                0x10001f88                alarm_pool_add_alarm_at_force_in_context
 .text.alarm_pool_cancel_alarm
                0x10002038       0x7c CMakeFiles/pico-w-server.dir/C_/Users/yoyom/Desktop/Pico/pico-sdk/src/common/pico_time/time.c.obj
                0x10002038                alarm_pool_cancel_alarm
 .text.alarm_pool_core_num
                0x100020b4        0x4 CMakeFiles/pico-w-server.dir/C_/Users/yoyom/Desktop/Pico/pico-sdk/src/common/pico_time/time.c.obj
                0x100020b4                alarm_pool_core_num
 .text.sleep_until
                0x100020b8       0xd0 CMakeFiles/pico-w-server.dir/C_/Users/yoyom/Desktop/Pico/pico-sdk/src/common/pico_time/time.c.obj
                0x100020b8                sleep_until
 .text.sleep_ms
                0x10002188       0x34 CMakeFiles/pico-w-server.dir/C_/Users/yoyom/Desktop/Pico/pico-sdk/src/common/pico_time/time.c.obj
                0x10002188                sleep_ms
 .text.best_effort_wfe_or_timeout
                0x100021bc       0xe0 CMakeFiles/pico-w-server.dir/C_/Users/yoyom/Desktop/Pico/pico-sdk/src/common/pico_time/time.c.obj
                0x100021bc                best_effort_wfe_or_timeout
 .text.timer_hardware_alarm_claim
                0x1000229c       0x14 CMakeFiles/pico-w-server.dir/C_/Users/yoyom/Desktop/Pico/pico-sdk/src/rp2_common/hardware_timer/timer.c.obj
                0x1000229c                timer_hardware_alarm_claim
 .text.timer_time_us_64
                0x100022b0       0x10 CMakeFiles/pico-w-server.dir/C_/Users/yoyom/Desktop/Pico/pico-sdk/src/rp2_common/hardware_timer/timer.c.obj
                0x100022b0                timer_time_us_64
 .text.time_us_64
                0x100022c0       0x14 CMakeFiles/pico-w-server.dir/C_/Users/yoyom/Desktop/Pico/pico-sdk/src/rp2_common/hardware_timer/timer.c.obj
                0x100022c0                time_us_64
 .text.busy_wait_us
                0x100022d4       0x54 CMakeFiles/pico-w-server.dir/C_/Users/yoyom/Desktop/Pico/pico-sdk/src/rp2_common/hardware_timer/timer.c.obj
                0x100022d4                busy_wait_us
 .text.busy_wait_until
                0x10002328       0x20 CMakeFiles/pico-w-server.dir/C_/Users/yoyom/Desktop/Pico/pico-sdk/src/rp2_common/hardware_timer/timer.c.obj
                0x10002328                busy_wait_until
 .text.uart_init
                0x10002348      0x11c CMakeFiles/pico-w-server.dir/C_/Users/yoyom/Desktop/Pico/pico-sdk/src/rp2_common/hardware_uart/uart.c.obj
                0x10002348                uart_init
 .text.clock_configure_int_divider
                0x10002464       0xf4 CMakeFiles/pico-w-server.dir/C_/Users/yoyom/Desktop/Pico/pico-sdk/src/rp2_common/hardware_clocks/clocks.c.obj
                0x10002464                clock_configure_int_divider
 .text.clock_configure_undivided
                0x10002558       0xe8 CMakeFiles/pico-w-server.dir/C_/Users/yoyom/Desktop/Pico/pico-sdk/src/rp2_common/hardware_clocks/clocks.c.obj
                0x10002558                clock_configure_undivided
 .text.clock_get_hz
                0x10002640        0xc CMakeFiles/pico-w-server.dir/C_/Users/yoyom/Desktop/Pico/pico-sdk/src/rp2_common/hardware_clocks/clocks.c.obj
                0x10002640                clock_get_hz
 .text.pll_init
                0x1000264c       0xa0 CMakeFiles/pico-w-server.dir/C_/Users/yoyom/Desktop/Pico/pico-sdk/src/rp2_common/hardware_pll/pll.c.obj
                0x1000264c                pll_init
 .text.watchdog_reboot
                0x100026ec       0x98 CMakeFiles/pico-w-server.dir/C_/Users/yoyom/Desktop/Pico/pico-sdk/src/rp2_common/hardware_watchdog/watchdog.c.obj
                0x100026ec                watchdog_reboot
 .text.tick_start
                0x10002784       0x10 CMakeFiles/pico-w-server.dir/C_/Users/yoyom/Desktop/Pico/pico-sdk/src/rp2_common/hardware_ticks/ticks.c.obj
                0x10002784                tick_start
 .text.rom_func_lookup
                0x10002794       0x10 CMakeFiles/pico-w-server.dir/C_/Users/yoyom/Desktop/Pico/pico-sdk/src/rp2_common/pico_bootrom/bootrom.c.obj
                0x10002794                rom_func_lookup
 .text.rom_data_lookup
                0x100027a4       0x10 CMakeFiles/pico-w-server.dir/C_/Users/yoyom/Desktop/Pico/pico-sdk/src/rp2_common/pico_bootrom/bootrom.c.obj
                0x100027a4                rom_data_lookup
 .text.rom_funcs_lookup
                0x100027b4       0x44 CMakeFiles/pico-w-server.dir/C_/Users/yoyom/Desktop/Pico/pico-sdk/src/rp2_common/pico_bootrom/bootrom.c.obj
                0x100027b4                rom_funcs_lookup
 .text.rom_reset_usb_boot_extra
                0x100027f8       0x28 CMakeFiles/pico-w-server.dir/C_/Users/yoyom/Desktop/Pico/pico-sdk/src/rp2_common/pico_bootrom/bootrom.c.obj
                0x100027f8                rom_reset_usb_boot_extra
 .text.xosc_init
                0x10002820       0x28 CMakeFiles/pico-w-server.dir/C_/Users/yoyom/Desktop/Pico/pico-sdk/src/rp2_common/hardware_xosc/xosc.c.obj
                0x10002820                xosc_init
 .text.first_per_core_initializer
                0x10002848        0x4 CMakeFiles/pico-w-server.dir/C_/Users/yoyom/Desktop/Pico/pico-sdk/src/rp2_common/pico_runtime/runtime.c.obj
 .text.hard_assertion_failure
                0x1000284c        0xc CMakeFiles/pico-w-server.dir/C_/Users/yoyom/Desktop/Pico/pico-sdk/src/rp2_common/pico_runtime/runtime.c.obj
                0x1000284c                hard_assertion_failure
 .text.runtime_run_initializers
                0x10002858       0x28 CMakeFiles/pico-w-server.dir/C_/Users/yoyom/Desktop/Pico/pico-sdk/src/rp2_common/pico_runtime/runtime.c.obj
                0x10002858                runtime_run_initializers
 .text.runtime_init_early_resets
                0x10002880       0x2c CMakeFiles/pico-w-server.dir/C_/Users/yoyom/Desktop/Pico/pico-sdk/src/rp2_common/pico_runtime_init/runtime_init.c.obj
                0x10002880                runtime_init_early_resets
 .text.runtime_init_usb_power_down
                0x100028ac       0x1c CMakeFiles/pico-w-server.dir/C_/Users/yoyom/Desktop/Pico/pico-sdk/src/rp2_common/pico_runtime_init/runtime_init.c.obj
                0x100028ac                runtime_init_usb_power_down
 .text.runtime_init_post_clock_resets
                0x100028c8       0x20 CMakeFiles/pico-w-server.dir/C_/Users/yoyom/Desktop/Pico/pico-sdk/src/rp2_common/pico_runtime_init/runtime_init.c.obj
                0x100028c8                runtime_init_post_clock_resets
 .text.runtime_init_rp2040_gpio_ie_disable
                0x100028e8       0x14 CMakeFiles/pico-w-server.dir/C_/Users/yoyom/Desktop/Pico/pico-sdk/src/rp2_common/pico_runtime_init/runtime_init.c.obj
                0x100028e8                runtime_init_rp2040_gpio_ie_disable
 .text.runtime_init_spin_locks_reset
                0x100028fc        0x8 CMakeFiles/pico-w-server.dir/C_/Users/yoyom/Desktop/Pico/pico-sdk/src/rp2_common/pico_runtime_init/runtime_init.c.obj
                0x100028fc                runtime_init_spin_locks_reset
 .text.runtime_init_install_ram_vector_table
                0x10002904       0x1c CMakeFiles/pico-w-server.dir/C_/Users/yoyom/Desktop/Pico/pico-sdk/src/rp2_common/pico_runtime_init/runtime_init.c.obj
                0x10002904                runtime_init_install_ram_vector_table
 .text.runtime_init_clocks
                0x10002920       0xd8 CMakeFiles/pico-w-server.dir/C_/Users/yoyom/Desktop/Pico/pico-sdk/src/rp2_common/pico_runtime_init/runtime_init_clocks.c.obj
                0x10002920                runtime_init_clocks
 .text          0x100029f8       0x10 CMakeFiles/pico-w-server.dir/C_/Users/yoyom/Desktop/Pico/pico-sdk/src/rp2_common/pico_bit_ops/bit_ops_aeabi.S.obj
 .text.__wrap___aeabi_idiv
                0x10002a08       0x50 CMakeFiles/pico-w-server.dir/C_/Users/yoyom/Desktop/Pico/pico-sdk/src/rp2_common/pico_divider/divider_hardware.S.obj
                0x10002a08                __wrap___aeabi_idivmod
                0x10002a08                divmod_s32s32
                0x10002a08                div_s32s32
                0x10002a08                __wrap___aeabi_idiv
                0x10002a10                divmod_s32s32_unsafe
                0x10002a3c                divmod_s32s32_savestate
 .text.__wrap___aeabi_uidiv
                0x10002a58       0x4c CMakeFiles/pico-w-server.dir/C_/Users/yoyom/Desktop/Pico/pico-sdk/src/rp2_common/pico_divider/divider_hardware.S.obj
                0x10002a58                __wrap___aeabi_uidiv
                0x10002a58                __wrap___aeabi_uidivmod
                0x10002a58                div_u32u32
                0x10002a58                divmod_u32u32
                0x10002a60                divmod_u32u32_unsafe
                0x10002a88                divmod_u32u32_savestate
 .text.__wrap___aeabi_ldiv
                0x10002aa4      0x424 CMakeFiles/pico-w-server.dir/C_/Users/yoyom/Desktop/Pico/pico-sdk/src/rp2_common/pico_divider/divider_hardware.S.obj
                0x10002aa4                div_s64s64
                0x10002aa4                divmod_s64s64
                0x10002aa4                __wrap___aeabi_ldivmod
                0x10002ad4                divmod_u64u64
                0x10002ad4                div_u64u64
                0x10002ad4                __wrap___aeabi_uldivmod
                0x10002ae4                divmod_u64u64_savestate
                0x10002b04                divmod_s64s64_unsafe
                0x10002b8c                divmod_u64u64_unsafe
 .text.__wrap___aeabi_darithmetic
                0x10002ec8       0x60 CMakeFiles/pico-w-server.dir/C_/Users/yoyom/Desktop/Pico/pico-sdk/src/rp2_common/pico_double/double_aeabi_rp2040.S.obj
                0x10002ec8                __wrap___aeabi_drsub
                0x10002ece                __wrap___aeabi_dsub
                0x10002ed8                __wrap___aeabi_dadd
                0x10002ee2                __wrap___aeabi_ddiv
                0x10002f16                __wrap___aeabi_dmul
 .text.__wrap___aeabi_cdcmple
                0x10002f28       0x6c CMakeFiles/pico-w-server.dir/C_/Users/yoyom/Desktop/Pico/pico-sdk/src/rp2_common/pico_double/double_aeabi_rp2040.S.obj
                0x10002f28                __wrap___aeabi_cdrcmple
                0x10002f38                __wrap___aeabi_cdcmpeq
                0x10002f38                __wrap___aeabi_cdcmple
 .text.__wrap___aeabi_dcmplt
                0x10002f94        0xc CMakeFiles/pico-w-server.dir/C_/Users/yoyom/Desktop/Pico/pico-sdk/src/rp2_common/pico_double/double_aeabi_rp2040.S.obj
                0x10002f94                __wrap___aeabi_dcmplt
 .text.__wrap___aeabi_dcmple
                0x10002fa0       0x10 CMakeFiles/pico-w-server.dir/C_/Users/yoyom/Desktop/Pico/pico-sdk/src/rp2_common/pico_double/double_aeabi_rp2040.S.obj
                0x10002fa0                __wrap___aeabi_dcmple
 .text.__wrap___aeabi_dcmpge
                0x10002fb0       0x10 CMakeFiles/pico-w-server.dir/C_/Users/yoyom/Desktop/Pico/pico-sdk/src/rp2_common/pico_double/double_aeabi_rp2040.S.obj
                0x10002fb0                __wrap___aeabi_dcmpge
 .text.__wrap___aeabi_dcmpgt
                0x10002fc0        0xa CMakeFiles/pico-w-server.dir/C_/Users/yoyom/Desktop/Pico/pico-sdk/src/rp2_common/pico_double/double_aeabi_rp2040.S.obj
                0x10002fc0                __wrap___aeabi_dcmpgt
 .text.__wrap___aeabi_dcmpun
                0x10002fca       0x18 CMakeFiles/pico-w-server.dir/C_/Users/yoyom/Desktop/Pico/pico-sdk/src/rp2_common/pico_double/double_aeabi_rp2040.S.obj
                0x10002fca                __wrap___aeabi_dcmpun
 *fill*         0x10002fe2        0x2 
 .text.__wrap___aeabi_i2d
                0x10002fe4       0x38 CMakeFiles/pico-w-server.dir/C_/Users/yoyom/Desktop/Pico/pico-sdk/src/rp2_common/pico_double/double_aeabi_rp2040.S.obj
                0x10002fe4                __wrap___aeabi_ui2d
                0x10002fec                __wrap___aeabi_i2d
 .text.__wrap___aeabi_d2iz
                0x1000301c       0x48 CMakeFiles/pico-w-server.dir/C_/Users/yoyom/Desktop/Pico/pico-sdk/src/rp2_common/pico_double/double_aeabi_rp2040.S.obj
                0x1000301c                double2int_z
                0x1000301c                __wrap___aeabi_d2iz
 .text.__wrap___aeabi_d2uiz
                0x10003064       0x10 CMakeFiles/pico-w-server.dir/C_/Users/yoyom/Desktop/Pico/pico-sdk/src/rp2_common/pico_double/double_aeabi_rp2040.S.obj
                0x10003064                __wrap___aeabi_d2uiz
                0x10003064                double2uint
 .text.missing_double_func_shim
                0x10003074        0xc CMakeFiles/pico-w-server.dir/C_/Users/yoyom/Desktop/Pico/pico-sdk/src/rp2_common/pico_double/double_init_rom_rp2040.c.obj
 .text.__aeabi_double_init
                0x10003080       0xa4 CMakeFiles/pico-w-server.dir/C_/Users/yoyom/Desktop/Pico/pico-sdk/src/rp2_common/pico_double/double_init_rom_rp2040.c.obj
                0x10003080                __aeabi_double_init
 .text.double_table_shim_on_use_helper
                0x10003124       0x2c CMakeFiles/pico-w-server.dir/C_/Users/yoyom/Desktop/Pico/pico-sdk/src/rp2_common/pico_double/double_v1_rom_shim_rp2040.S.obj
                0x10003124                double_table_shim_on_use_helper
 .text.__aeabi_lmul
                0x10003150       0x32 CMakeFiles/pico-w-server.dir/C_/Users/yoyom/Desktop/Pico/pico-sdk/src/rp2_common/pico_int64_ops/pico_int64_ops_aeabi.S.obj
                0x10003150                __wrap___aeabi_lmul
 *fill*         0x10003182        0x2 
 .text.__wrap___aeabi_farithmetic
                0x10003184       0x48 CMakeFiles/pico-w-server.dir/C_/Users/yoyom/Desktop/Pico/pico-sdk/src/rp2_common/pico_float/float_aeabi_rp2040.S.obj
                0x10003184                __wrap___aeabi_frsub
                0x1000318a                __wrap___aeabi_fsub
                0x10003190                __wrap___aeabi_fadd
                0x10003196                __wrap___aeabi_fdiv
                0x100031be                __wrap___aeabi_fmul
 .text.__wrap___aeabi_cfcmple
                0x100031cc       0x50 CMakeFiles/pico-w-server.dir/C_/Users/yoyom/Desktop/Pico/pico-sdk/src/rp2_common/pico_float/float_aeabi_rp2040.S.obj
                0x100031cc                __wrap___aeabi_cfrcmple
                0x100031d8                __wrap___aeabi_cfcmple
                0x100031d8                __wrap___aeabi_cfcmpeq
 .text.__wrap___aeabi_fcmplt
                0x1000321c        0xc CMakeFiles/pico-w-server.dir/C_/Users/yoyom/Desktop/Pico/pico-sdk/src/rp2_common/pico_float/float_aeabi_rp2040.S.obj
                0x1000321c                __wrap___aeabi_fcmplt
 .text.__wrap___aeabi_fcmpgt
                0x10003228        0xa CMakeFiles/pico-w-server.dir/C_/Users/yoyom/Desktop/Pico/pico-sdk/src/rp2_common/pico_float/float_aeabi_rp2040.S.obj
                0x10003228                __wrap___aeabi_fcmpgt
 *fill*         0x10003232        0x2 
 .text.__wrap___aeabi_i2f
                0x10003234       0x44 CMakeFiles/pico-w-server.dir/C_/Users/yoyom/Desktop/Pico/pico-sdk/src/rp2_common/pico_float/float_aeabi_rp2040.S.obj
                0x10003234                __wrap___aeabi_i2f
                0x10003234                int2float
 .text.__wrap___aeabi_f2d
                0x10003278        0xc CMakeFiles/pico-w-server.dir/C_/Users/yoyom/Desktop/Pico/pico-sdk/src/rp2_common/pico_float/float_aeabi_rp2040.S.obj
                0x10003278                __wrap___aeabi_f2d
 .text.missing_float_func_shim
                0x10003284        0xc CMakeFiles/pico-w-server.dir/C_/Users/yoyom/Desktop/Pico/pico-sdk/src/rp2_common/pico_float/float_init_rom_rp2040.c.obj
 .text.__aeabi_float_init
                0x10003290       0x5c CMakeFiles/pico-w-server.dir/C_/Users/yoyom/Desktop/Pico/pico-sdk/src/rp2_common/pico_float/float_init_rom_rp2040.c.obj
                0x10003290                __aeabi_float_init
 .text          0x100032ec       0x10 CMakeFiles/pico-w-server.dir/C_/Users/yoyom/Desktop/Pico/pico-sdk/src/rp2_common/pico_mem_ops/mem_ops_aeabi.S.obj
                0x100032ec                __aeabi_mem_init
 .text.memset   0x100032fc        0xc CMakeFiles/pico-w-server.dir/C_/Users/yoyom/Desktop/Pico/pico-sdk/src/rp2_common/pico_mem_ops/mem_ops_aeabi.S.obj
                0x100032fc                __wrap_memset
 .text.memcpy   0x10003308        0xc CMakeFiles/pico-w-server.dir/C_/Users/yoyom/Desktop/Pico/pico-sdk/src/rp2_common/pico_mem_ops/mem_ops_aeabi.S.obj
                0x10003308                __wrap_memcpy
                0x10003308                __wrap___aeabi_memcpy
 .text._out_buffer
                0x10003314        0x8 CMakeFiles/pico-w-server.dir/C_/Users/yoyom/Desktop/Pico/pico-sdk/src/rp2_common/pico_printf/printf.c.obj
 .text._out_null
                0x1000331c        0x4 CMakeFiles/pico-w-server.dir/C_/Users/yoyom/Desktop/Pico/pico-sdk/src/rp2_common/pico_printf/printf.c.obj
 .text._out_rev
                0x10003320       0x9c CMakeFiles/pico-w-server.dir/C_/Users/yoyom/Desktop/Pico/pico-sdk/src/rp2_common/pico_printf/printf.c.obj
 .text._ntoa_format
                0x100033bc      0x1cc CMakeFiles/pico-w-server.dir/C_/Users/yoyom/Desktop/Pico/pico-sdk/src/rp2_common/pico_printf/printf.c.obj
 .text._out_char
                0x10003588       0x10 CMakeFiles/pico-w-server.dir/C_/Users/yoyom/Desktop/Pico/pico-sdk/src/rp2_common/pico_printf/printf.c.obj
 .text._out_fct
                0x10003598       0x10 CMakeFiles/pico-w-server.dir/C_/Users/yoyom/Desktop/Pico/pico-sdk/src/rp2_common/pico_printf/printf.c.obj
 .text._etoa    0x100035a8      0x44c CMakeFiles/pico-w-server.dir/C_/Users/yoyom/Desktop/Pico/pico-sdk/src/rp2_common/pico_printf/printf.c.obj
 .text._ftoa    0x100039f4      0x398 CMakeFiles/pico-w-server.dir/C_/Users/yoyom/Desktop/Pico/pico-sdk/src/rp2_common/pico_printf/printf.c.obj
 .text._vsnprintf
                0x10003d8c      0xb04 CMakeFiles/pico-w-server.dir/C_/Users/yoyom/Desktop/Pico/pico-sdk/src/rp2_common/pico_printf/printf.c.obj
 .text.__wrap_snprintf
                0x10004890       0x28 CMakeFiles/pico-w-server.dir/C_/Users/yoyom/Desktop/Pico/pico-sdk/src/rp2_common/pico_printf/printf.c.obj
                0x10004890                __wrap_snprintf
 .text.vfctprintf
                0x100048b8       0x20 CMakeFiles/pico-w-server.dir/C_/Users/yoyom/Desktop/Pico/pico-sdk/src/rp2_common/pico_printf/printf.c.obj
                0x100048b8                vfctprintf
 .text.weak_raw_vprintf
                0x100048d8       0x30 CMakeFiles/pico-w-server.dir/C_/Users/yoyom/Desktop/Pico/pico-sdk/src/rp2_common/pico_printf/printf.c.obj
                0x100048d8                weak_raw_vprintf
 .text._exit    0x10004908        0x4 CMakeFiles/pico-w-server.dir/C_/Users/yoyom/Desktop/Pico/pico-sdk/src/rp2_common/pico_clib_interface/newlib_interface.c.obj
                0x10004908                _exit
 .text.exit     0x1000490c        0x8 CMakeFiles/pico-w-server.dir/C_/Users/yoyom/Desktop/Pico/pico-sdk/src/rp2_common/pico_clib_interface/newlib_interface.c.obj
                0x1000490c                exit
 .text.runtime_init
                0x10004914       0x2c CMakeFiles/pico-w-server.dir/C_/Users/yoyom/Desktop/Pico/pico-sdk/src/rp2_common/pico_clib_interface/newlib_interface.c.obj
                0x10004914                runtime_init
 .text.stdio_out_chars_no_crlf
                0x10004940       0x10 CMakeFiles/pico-w-server.dir/C_/Users/yoyom/Desktop/Pico/pico-sdk/src/rp2_common/pico_stdio/stdio.c.obj
 .text.stdio_out_chars_crlf
                0x10004950       0xb4 CMakeFiles/pico-w-server.dir/C_/Users/yoyom/Desktop/Pico/pico-sdk/src/rp2_common/pico_stdio/stdio.c.obj
 .text.stdio_buffered_printer
                0x10004a04       0x64 CMakeFiles/pico-w-server.dir/C_/Users/yoyom/Desktop/Pico/pico-sdk/src/rp2_common/pico_stdio/stdio.c.obj
 .text.stdio_put_string
                0x10004a68      0x100 CMakeFiles/pico-w-server.dir/C_/Users/yoyom/Desktop/Pico/pico-sdk/src/rp2_common/pico_stdio/stdio.c.obj
                0x10004a68                stdio_put_string
 .text.stdio_set_driver_enabled
                0x10004b68       0x30 CMakeFiles/pico-w-server.dir/C_/Users/yoyom/Desktop/Pico/pico-sdk/src/rp2_common/pico_stdio/stdio.c.obj
                0x10004b68                stdio_set_driver_enabled
 .text.stdio_init_all
                0x10004b98        0x8 CMakeFiles/pico-w-server.dir/C_/Users/yoyom/Desktop/Pico/pico-sdk/src/rp2_common/pico_stdio/stdio.c.obj
                0x10004b98                stdio_init_all
 .text.__wrap_putchar
                0x10004ba0       0x98 CMakeFiles/pico-w-server.dir/C_/Users/yoyom/Desktop/Pico/pico-sdk/src/rp2_common/pico_stdio/stdio.c.obj
                0x10004ba0                __wrap_putchar
                0x10004ba0                stdio_putchar
 .text.__wrap_puts
                0x10004c38       0x3c CMakeFiles/pico-w-server.dir/C_/Users/yoyom/Desktop/Pico/pico-sdk/src/rp2_common/pico_stdio/stdio.c.obj
                0x10004c38                stdio_puts
                0x10004c38                __wrap_puts
 .text.__wrap_vprintf
                0x10004c74       0xd8 CMakeFiles/pico-w-server.dir/C_/Users/yoyom/Desktop/Pico/pico-sdk/src/rp2_common/pico_stdio/stdio.c.obj
                0x10004c74                stdio_vprintf
                0x10004c74                __wrap_vprintf
 .text.__wrap_printf
                0x10004d4c       0x18 CMakeFiles/pico-w-server.dir/C_/Users/yoyom/Desktop/Pico/pico-sdk/src/rp2_common/pico_stdio/stdio.c.obj
                0x10004d4c                __wrap_printf
                0x10004d4c                stdio_printf
 .text.resetd_init
                0x10004d64        0x4 CMakeFiles/pico-w-server.dir/C_/Users/yoyom/Desktop/Pico/pico-sdk/src/rp2_common/pico_stdio_usb/reset_interface.c.obj
 .text.resetd_reset
                0x10004d68        0xc CMakeFiles/pico-w-server.dir/C_/Users/yoyom/Desktop/Pico/pico-sdk/src/rp2_common/pico_stdio_usb/reset_interface.c.obj
 .text.resetd_open
                0x10004d74       0x28 CMakeFiles/pico-w-server.dir/C_/Users/yoyom/Desktop/Pico/pico-sdk/src/rp2_common/pico_stdio_usb/reset_interface.c.obj
 .text.resetd_xfer_cb
                0x10004d9c        0x4 CMakeFiles/pico-w-server.dir/C_/Users/yoyom/Desktop/Pico/pico-sdk/src/rp2_common/pico_stdio_usb/reset_interface.c.obj
 .text.resetd_control_xfer_cb
                0x10004da0       0x60 CMakeFiles/pico-w-server.dir/C_/Users/yoyom/Desktop/Pico/pico-sdk/src/rp2_common/pico_stdio_usb/reset_interface.c.obj
 .text.tud_descriptor_bos_cb
                0x10004e00        0x8 CMakeFiles/pico-w-server.dir/C_/Users/yoyom/Desktop/Pico/pico-sdk/src/rp2_common/pico_stdio_usb/reset_interface.c.obj
                0x10004e00                tud_descriptor_bos_cb
 .text.tud_vendor_control_xfer_cb
                0x10004e08       0x34 CMakeFiles/pico-w-server.dir/C_/Users/yoyom/Desktop/Pico/pico-sdk/src/rp2_common/pico_stdio_usb/reset_interface.c.obj
                0x10004e08                tud_vendor_control_xfer_cb
 .text.usbd_app_driver_get_cb
                0x10004e3c        0xc CMakeFiles/pico-w-server.dir/C_/Users/yoyom/Desktop/Pico/pico-sdk/src/rp2_common/pico_stdio_usb/reset_interface.c.obj
                0x10004e3c                usbd_app_driver_get_cb
 .text.tud_cdc_line_coding_cb
                0x10004e48       0x2c CMakeFiles/pico-w-server.dir/C_/Users/yoyom/Desktop/Pico/pico-sdk/src/rp2_common/pico_stdio_usb/reset_interface.c.obj
                0x10004e48                tud_cdc_line_coding_cb
 .text.stdio_usb_set_chars_available_callback
                0x10004e74       0x14 CMakeFiles/pico-w-server.dir/C_/Users/yoyom/Desktop/Pico/pico-sdk/src/rp2_common/pico_stdio_usb/stdio_usb.c.obj
                0x10004e74                stdio_usb_set_chars_available_callback
 .text.usb_irq  0x10004e88       0x10 CMakeFiles/pico-w-server.dir/C_/Users/yoyom/Desktop/Pico/pico-sdk/src/rp2_common/pico_stdio_usb/stdio_usb.c.obj
 .text.timer_task
                0x10004e98       0x64 CMakeFiles/pico-w-server.dir/C_/Users/yoyom/Desktop/Pico/pico-sdk/src/rp2_common/pico_stdio_usb/stdio_usb.c.obj
 .text.stdio_usb_in_chars
                0x10004efc       0x90 CMakeFiles/pico-w-server.dir/C_/Users/yoyom/Desktop/Pico/pico-sdk/src/rp2_common/pico_stdio_usb/stdio_usb.c.obj
                0x10004efc                stdio_usb_in_chars
 .text.stdio_usb_out_flush
                0x10004f8c       0x50 CMakeFiles/pico-w-server.dir/C_/Users/yoyom/Desktop/Pico/pico-sdk/src/rp2_common/pico_stdio_usb/stdio_usb.c.obj
 .text.stdio_usb_out_chars
                0x10004fdc      0x100 CMakeFiles/pico-w-server.dir/C_/Users/yoyom/Desktop/Pico/pico-sdk/src/rp2_common/pico_stdio_usb/stdio_usb.c.obj
 .text.low_priority_worker_irq
                0x100050dc       0xc8 CMakeFiles/pico-w-server.dir/C_/Users/yoyom/Desktop/Pico/pico-sdk/src/rp2_common/pico_stdio_usb/stdio_usb.c.obj
 .text.stdio_usb_init
                0x100051a4       0xe4 CMakeFiles/pico-w-server.dir/C_/Users/yoyom/Desktop/Pico/pico-sdk/src/rp2_common/pico_stdio_usb/stdio_usb.c.obj
                0x100051a4                stdio_usb_init
 .text.tud_descriptor_device_cb
                0x10005288        0x8 CMakeFiles/pico-w-server.dir/C_/Users/yoyom/Desktop/Pico/pico-sdk/src/rp2_common/pico_stdio_usb/stdio_usb_descriptors.c.obj
                0x10005288                tud_descriptor_device_cb
 .text.tud_descriptor_configuration_cb
                0x10005290        0x8 CMakeFiles/pico-w-server.dir/C_/Users/yoyom/Desktop/Pico/pico-sdk/src/rp2_common/pico_stdio_usb/stdio_usb_descriptors.c.obj
                0x10005290                tud_descriptor_configuration_cb
 .text.tud_descriptor_string_cb
                0x10005298       0x74 CMakeFiles/pico-w-server.dir/C_/Users/yoyom/Desktop/Pico/pico-sdk/src/rp2_common/pico_stdio_usb/stdio_usb_descriptors.c.obj
                0x10005298                tud_descriptor_string_cb
 .text.startup._retrieve_unique_id_on_boot
                0x1000530c       0x10 CMakeFiles/pico-w-server.dir/C_/Users/yoyom/Desktop/Pico/pico-sdk/src/rp2_common/pico_unique_id/unique_id.c.obj
 .text.pico_get_unique_board_id_string
                0x1000531c      0x1a8 CMakeFiles/pico-w-server.dir/C_/Users/yoyom/Desktop/Pico/pico-sdk/src/rp2_common/pico_unique_id/unique_id.c.obj
                0x1000531c                pico_get_unique_board_id_string
 .text.flash_get_unique_id
                0x100054c4       0x40 CMakeFiles/pico-w-server.dir/C_/Users/yoyom/Desktop/Pico/pico-sdk/src/rp2_common/hardware_flash/flash.c.obj
                0x100054c4                flash_get_unique_id
 .text.dcd_init
                0x10005504       0x8c CMakeFiles/pico-w-server.dir/C_/Users/yoyom/Desktop/Pico/pico-sdk/lib/tinyusb/src/portable/raspberrypi/rp2040/dcd_rp2040.c.obj
                0x10005504                dcd_init
 .text.dcd_int_enable
                0x10005590        0xc CMakeFiles/pico-w-server.dir/C_/Users/yoyom/Desktop/Pico/pico-sdk/lib/tinyusb/src/portable/raspberrypi/rp2040/dcd_rp2040.c.obj
                0x10005590                dcd_int_enable
 .text.dcd_set_address
                0x1000559c       0x14 CMakeFiles/pico-w-server.dir/C_/Users/yoyom/Desktop/Pico/pico-sdk/lib/tinyusb/src/portable/raspberrypi/rp2040/dcd_rp2040.c.obj
                0x1000559c                dcd_set_address
 .text.dcd_sof_enable
                0x100055b0       0x1c CMakeFiles/pico-w-server.dir/C_/Users/yoyom/Desktop/Pico/pico-sdk/lib/tinyusb/src/portable/raspberrypi/rp2040/dcd_rp2040.c.obj
                0x100055b0                dcd_sof_enable
 .text.dcd_edpt0_status_complete
                0x100055cc       0x1c CMakeFiles/pico-w-server.dir/C_/Users/yoyom/Desktop/Pico/pico-sdk/lib/tinyusb/src/portable/raspberrypi/rp2040/dcd_rp2040.c.obj
                0x100055cc                dcd_edpt0_status_complete
 .text.dcd_edpt_open
                0x100055e8      0x108 CMakeFiles/pico-w-server.dir/C_/Users/yoyom/Desktop/Pico/pico-sdk/lib/tinyusb/src/portable/raspberrypi/rp2040/dcd_rp2040.c.obj
                0x100055e8                dcd_edpt_open
 .text.dcd_edpt_close_all
                0x100056f0        0x8 CMakeFiles/pico-w-server.dir/C_/Users/yoyom/Desktop/Pico/pico-sdk/lib/tinyusb/src/portable/raspberrypi/rp2040/dcd_rp2040.c.obj
                0x100056f0                dcd_edpt_close_all
 .text.dcd_edpt_xfer
                0x100056f8       0x24 CMakeFiles/pico-w-server.dir/C_/Users/yoyom/Desktop/Pico/pico-sdk/lib/tinyusb/src/portable/raspberrypi/rp2040/dcd_rp2040.c.obj
                0x100056f8                dcd_edpt_xfer
 .text.dcd_edpt_stall
                0x1000571c       0x38 CMakeFiles/pico-w-server.dir/C_/Users/yoyom/Desktop/Pico/pico-sdk/lib/tinyusb/src/portable/raspberrypi/rp2040/dcd_rp2040.c.obj
                0x1000571c                dcd_edpt_stall
 .text.dcd_edpt_clear_stall
                0x10005754       0x30 CMakeFiles/pico-w-server.dir/C_/Users/yoyom/Desktop/Pico/pico-sdk/lib/tinyusb/src/portable/raspberrypi/rp2040/dcd_rp2040.c.obj
                0x10005754                dcd_edpt_clear_stall
 .text.rp2040_usb_init
                0x10005784       0x40 CMakeFiles/pico-w-server.dir/C_/Users/yoyom/Desktop/Pico/pico-sdk/lib/tinyusb/src/portable/raspberrypi/rp2040/rp2040_usb.c.obj
                0x10005784                rp2040_usb_init
 .text.hw_endpoint_xfer_start
                0x100057c4       0x50 CMakeFiles/pico-w-server.dir/C_/Users/yoyom/Desktop/Pico/pico-sdk/lib/tinyusb/src/portable/raspberrypi/rp2040/rp2040_usb.c.obj
                0x100057c4                hw_endpoint_xfer_start
 .text.tud_event_hook_cb
                0x10005814        0x4 CMakeFiles/pico-w-server.dir/C_/Users/yoyom/Desktop/Pico/pico-sdk/lib/tinyusb/src/device/usbd.c.obj
                0x10005814                tud_event_hook_cb
 .text.tud_sof_cb
                0x10005818        0x4 CMakeFiles/pico-w-server.dir/C_/Users/yoyom/Desktop/Pico/pico-sdk/lib/tinyusb/src/device/usbd.c.obj
                0x10005818                tud_sof_cb
 .text.tud_descriptor_device_qualifier_cb
                0x1000581c        0x4 CMakeFiles/pico-w-server.dir/C_/Users/yoyom/Desktop/Pico/pico-sdk/lib/tinyusb/src/device/usbd.c.obj
                0x1000581c                tud_descriptor_device_qualifier_cb
 .text.tud_descriptor_other_speed_configuration_cb
                0x10005820        0x4 CMakeFiles/pico-w-server.dir/C_/Users/yoyom/Desktop/Pico/pico-sdk/lib/tinyusb/src/device/usbd.c.obj
                0x10005820                tud_descriptor_other_speed_configuration_cb
 .text.tud_mount_cb
                0x10005824        0x4 CMakeFiles/pico-w-server.dir/C_/Users/yoyom/Desktop/Pico/pico-sdk/lib/tinyusb/src/device/usbd.c.obj
                0x10005824                tud_mount_cb
 .text.tud_umount_cb
                0x10005828        0x4 CMakeFiles/pico-w-server.dir/C_/Users/yoyom/Desktop/Pico/pico-sdk/lib/tinyusb/src/device/usbd.c.obj
                0x10005828                tud_umount_cb
 .text.tud_suspend_cb
                0x1000582c        0x4 CMakeFiles/pico-w-server.dir/C_/Users/yoyom/Desktop/Pico/pico-sdk/lib/tinyusb/src/device/usbd.c.obj
                0x1000582c                tud_suspend_cb
 .text.tud_resume_cb
                0x10005830        0x4 CMakeFiles/pico-w-server.dir/C_/Users/yoyom/Desktop/Pico/pico-sdk/lib/tinyusb/src/device/usbd.c.obj
                0x10005830                tud_resume_cb
 .text.tud_mounted
                0x10005834       0x10 CMakeFiles/pico-w-server.dir/C_/Users/yoyom/Desktop/Pico/pico-sdk/lib/tinyusb/src/device/usbd.c.obj
                0x10005834                tud_mounted
 .text.tud_suspended
                0x10005844       0x10 CMakeFiles/pico-w-server.dir/C_/Users/yoyom/Desktop/Pico/pico-sdk/lib/tinyusb/src/device/usbd.c.obj
                0x10005844                tud_suspended
 .text.tud_init
                0x10005854       0xe4 CMakeFiles/pico-w-server.dir/C_/Users/yoyom/Desktop/Pico/pico-sdk/lib/tinyusb/src/device/usbd.c.obj
                0x10005854                tud_init
 .text.tud_task_ext
                0x10005938      0x800 CMakeFiles/pico-w-server.dir/C_/Users/yoyom/Desktop/Pico/pico-sdk/lib/tinyusb/src/device/usbd.c.obj
                0x10005938                tud_task_ext
 .text.usbd_open_edpt_pair
                0x10006138       0x9c CMakeFiles/pico-w-server.dir/C_/Users/yoyom/Desktop/Pico/pico-sdk/lib/tinyusb/src/device/usbd.c.obj
                0x10006138                usbd_open_edpt_pair
 .text.usbd_edpt_open
                0x100061d4       0x34 CMakeFiles/pico-w-server.dir/C_/Users/yoyom/Desktop/Pico/pico-sdk/lib/tinyusb/src/device/usbd.c.obj
                0x100061d4                usbd_edpt_open
 .text.usbd_edpt_claim
                0x10006208       0x28 CMakeFiles/pico-w-server.dir/C_/Users/yoyom/Desktop/Pico/pico-sdk/lib/tinyusb/src/device/usbd.c.obj
                0x10006208                usbd_edpt_claim
 .text.usbd_edpt_release
                0x10006230       0x28 CMakeFiles/pico-w-server.dir/C_/Users/yoyom/Desktop/Pico/pico-sdk/lib/tinyusb/src/device/usbd.c.obj
                0x10006230                usbd_edpt_release
 .text.usbd_edpt_xfer
                0x10006258       0x4c CMakeFiles/pico-w-server.dir/C_/Users/yoyom/Desktop/Pico/pico-sdk/lib/tinyusb/src/device/usbd.c.obj
                0x10006258                usbd_edpt_xfer
 .text.tud_control_status
                0x100062a4       0x30 CMakeFiles/pico-w-server.dir/C_/Users/yoyom/Desktop/Pico/pico-sdk/lib/tinyusb/src/device/usbd_control.c.obj
                0x100062a4                tud_control_status
 .text.tud_control_xfer
                0x100062d4       0xbc CMakeFiles/pico-w-server.dir/C_/Users/yoyom/Desktop/Pico/pico-sdk/lib/tinyusb/src/device/usbd_control.c.obj
                0x100062d4                tud_control_xfer
 .text.usbd_control_reset
                0x10006390       0x14 CMakeFiles/pico-w-server.dir/C_/Users/yoyom/Desktop/Pico/pico-sdk/lib/tinyusb/src/device/usbd_control.c.obj
                0x10006390                usbd_control_reset
 .text.usbd_control_set_complete_callback
                0x100063a4        0xc CMakeFiles/pico-w-server.dir/C_/Users/yoyom/Desktop/Pico/pico-sdk/lib/tinyusb/src/device/usbd_control.c.obj
                0x100063a4                usbd_control_set_complete_callback
 .text.usbd_control_set_request
                0x100063b0       0x1c CMakeFiles/pico-w-server.dir/C_/Users/yoyom/Desktop/Pico/pico-sdk/lib/tinyusb/src/device/usbd_control.c.obj
                0x100063b0                usbd_control_set_request
 .text.usbd_control_xfer_cb
                0x100063cc       0xf0 CMakeFiles/pico-w-server.dir/C_/Users/yoyom/Desktop/Pico/pico-sdk/lib/tinyusb/src/device/usbd_control.c.obj
                0x100063cc                usbd_control_xfer_cb
 .text._prep_out_transaction.isra.0
                0x100064bc       0x5c CMakeFiles/pico-w-server.dir/C_/Users/yoyom/Desktop/Pico/pico-sdk/lib/tinyusb/src/class/cdc/cdc_device.c.obj
 .text.tud_cdc_n_connected
                0x10006518       0x30 CMakeFiles/pico-w-server.dir/C_/Users/yoyom/Desktop/Pico/pico-sdk/lib/tinyusb/src/class/cdc/cdc_device.c.obj
                0x10006518                tud_cdc_n_connected
 .text.tud_cdc_n_available
                0x10006548       0x18 CMakeFiles/pico-w-server.dir/C_/Users/yoyom/Desktop/Pico/pico-sdk/lib/tinyusb/src/class/cdc/cdc_device.c.obj
                0x10006548                tud_cdc_n_available
 .text.tud_cdc_n_read
                0x10006560       0x98 CMakeFiles/pico-w-server.dir/C_/Users/yoyom/Desktop/Pico/pico-sdk/lib/tinyusb/src/class/cdc/cdc_device.c.obj
                0x10006560                tud_cdc_n_read
 .text.tud_cdc_n_write_flush
                0x100065f8       0x78 CMakeFiles/pico-w-server.dir/C_/Users/yoyom/Desktop/Pico/pico-sdk/lib/tinyusb/src/class/cdc/cdc_device.c.obj
                0x100065f8                tud_cdc_n_write_flush
 .text.tud_cdc_n_write
                0x10006670       0x44 CMakeFiles/pico-w-server.dir/C_/Users/yoyom/Desktop/Pico/pico-sdk/lib/tinyusb/src/class/cdc/cdc_device.c.obj
                0x10006670                tud_cdc_n_write
 .text.tud_cdc_n_write_available
                0x100066b4       0x18 CMakeFiles/pico-w-server.dir/C_/Users/yoyom/Desktop/Pico/pico-sdk/lib/tinyusb/src/class/cdc/cdc_device.c.obj
                0x100066b4                tud_cdc_n_write_available
 .text.cdcd_init
                0x100066cc       0x7c CMakeFiles/pico-w-server.dir/C_/Users/yoyom/Desktop/Pico/pico-sdk/lib/tinyusb/src/class/cdc/cdc_device.c.obj
                0x100066cc                cdcd_init
 .text.cdcd_deinit
                0x10006748       0x24 CMakeFiles/pico-w-server.dir/C_/Users/yoyom/Desktop/Pico/pico-sdk/lib/tinyusb/src/class/cdc/cdc_device.c.obj
                0x10006748                cdcd_deinit
 .text.cdcd_reset
                0x1000676c       0x4c CMakeFiles/pico-w-server.dir/C_/Users/yoyom/Desktop/Pico/pico-sdk/lib/tinyusb/src/class/cdc/cdc_device.c.obj
                0x1000676c                cdcd_reset
 .text.cdcd_open
                0x100067b8       0xb4 CMakeFiles/pico-w-server.dir/C_/Users/yoyom/Desktop/Pico/pico-sdk/lib/tinyusb/src/class/cdc/cdc_device.c.obj
                0x100067b8                cdcd_open
 .text.cdcd_control_xfer_cb
                0x1000686c       0xe4 CMakeFiles/pico-w-server.dir/C_/Users/yoyom/Desktop/Pico/pico-sdk/lib/tinyusb/src/class/cdc/cdc_device.c.obj
                0x1000686c                cdcd_control_xfer_cb
 .text.cdcd_xfer_cb
                0x10006950       0xfc CMakeFiles/pico-w-server.dir/C_/Users/yoyom/Desktop/Pico/pico-sdk/lib/tinyusb/src/class/cdc/cdc_device.c.obj
                0x10006950                cdcd_xfer_cb
 .text.tud_vendor_n_write_flush
                0x10006a4c       0x78 CMakeFiles/pico-w-server.dir/C_/Users/yoyom/Desktop/Pico/pico-sdk/lib/tinyusb/src/class/vendor/vendor_device.c.obj
                0x10006a4c                tud_vendor_n_write_flush
 .text.vendord_init
                0x10006ac4       0x64 CMakeFiles/pico-w-server.dir/C_/Users/yoyom/Desktop/Pico/pico-sdk/lib/tinyusb/src/class/vendor/vendor_device.c.obj
                0x10006ac4                vendord_init
 .text.vendord_deinit
                0x10006b28       0x24 CMakeFiles/pico-w-server.dir/C_/Users/yoyom/Desktop/Pico/pico-sdk/lib/tinyusb/src/class/vendor/vendor_device.c.obj
                0x10006b28                vendord_deinit
 .text.vendord_reset
                0x10006b4c       0x1c CMakeFiles/pico-w-server.dir/C_/Users/yoyom/Desktop/Pico/pico-sdk/lib/tinyusb/src/class/vendor/vendor_device.c.obj
                0x10006b4c                vendord_reset
 .text.vendord_open
                0x10006b68       0xc8 CMakeFiles/pico-w-server.dir/C_/Users/yoyom/Desktop/Pico/pico-sdk/lib/tinyusb/src/class/vendor/vendor_device.c.obj
                0x10006b68                vendord_open
 .text.vendord_xfer_cb
                0x10006c30       0xc8 CMakeFiles/pico-w-server.dir/C_/Users/yoyom/Desktop/Pico/pico-sdk/lib/tinyusb/src/class/vendor/vendor_device.c.obj
                0x10006c30                vendord_xfer_cb
 .text.tusb_init
                0x10006cf8        0xc CMakeFiles/pico-w-server.dir/C_/Users/yoyom/Desktop/Pico/pico-sdk/lib/tinyusb/src/tusb.c.obj
                0x10006cf8                tusb_init
 .text.tu_edpt_claim
                0x10006d04       0x50 CMakeFiles/pico-w-server.dir/C_/Users/yoyom/Desktop/Pico/pico-sdk/lib/tinyusb/src/tusb.c.obj
                0x10006d04                tu_edpt_claim
 .text.tu_edpt_release
                0x10006d54       0x38 CMakeFiles/pico-w-server.dir/C_/Users/yoyom/Desktop/Pico/pico-sdk/lib/tinyusb/src/tusb.c.obj
                0x10006d54                tu_edpt_release
 .text.tu_edpt_validate
                0x10006d8c       0x78 CMakeFiles/pico-w-server.dir/C_/Users/yoyom/Desktop/Pico/pico-sdk/lib/tinyusb/src/tusb.c.obj
                0x10006d8c                tu_edpt_validate
 .text.tu_edpt_bind_driver
                0x10006e04       0x34 CMakeFiles/pico-w-server.dir/C_/Users/yoyom/Desktop/Pico/pico-sdk/lib/tinyusb/src/tusb.c.obj
                0x10006e04                tu_edpt_bind_driver
 .text.tu_fifo_config
                0x10006e38       0x70 CMakeFiles/pico-w-server.dir/C_/Users/yoyom/Desktop/Pico/pico-sdk/lib/tinyusb/src/common/tusb_fifo.c.obj
                0x10006e38                tu_fifo_config
 .text.tu_fifo_count
                0x10006ea8       0x2c CMakeFiles/pico-w-server.dir/C_/Users/yoyom/Desktop/Pico/pico-sdk/lib/tinyusb/src/common/tusb_fifo.c.obj
                0x10006ea8                tu_fifo_count
 .text.tu_fifo_empty
                0x10006ed4       0x10 CMakeFiles/pico-w-server.dir/C_/Users/yoyom/Desktop/Pico/pico-sdk/lib/tinyusb/src/common/tusb_fifo.c.obj
                0x10006ed4                tu_fifo_empty
 .text.tu_fifo_remaining
                0x10006ee4       0x2c CMakeFiles/pico-w-server.dir/C_/Users/yoyom/Desktop/Pico/pico-sdk/lib/tinyusb/src/common/tusb_fifo.c.obj
                0x10006ee4                tu_fifo_remaining
 .text.tu_fifo_read
                0x10006f10       0xa0 CMakeFiles/pico-w-server.dir/C_/Users/yoyom/Desktop/Pico/pico-sdk/lib/tinyusb/src/common/tusb_fifo.c.obj
                0x10006f10                tu_fifo_read
 .text.tu_fifo_read_n
                0x10006fb0       0xec CMakeFiles/pico-w-server.dir/C_/Users/yoyom/Desktop/Pico/pico-sdk/lib/tinyusb/src/common/tusb_fifo.c.obj
                0x10006fb0                tu_fifo_read_n
 .text.tu_fifo_write
                0x1000709c       0x88 CMakeFiles/pico-w-server.dir/C_/Users/yoyom/Desktop/Pico/pico-sdk/lib/tinyusb/src/common/tusb_fifo.c.obj
                0x1000709c                tu_fifo_write
 .text.tu_fifo_write_n
                0x10007124      0x168 CMakeFiles/pico-w-server.dir/C_/Users/yoyom/Desktop/Pico/pico-sdk/lib/tinyusb/src/common/tusb_fifo.c.obj
                0x10007124                tu_fifo_write_n
 .text.tu_fifo_clear
                0x1000728c       0x40 CMakeFiles/pico-w-server.dir/C_/Users/yoyom/Desktop/Pico/pico-sdk/lib/tinyusb/src/common/tusb_fifo.c.obj
                0x1000728c                tu_fifo_clear
 .text.tu_fifo_set_overwritable
                0x100072cc       0x48 CMakeFiles/pico-w-server.dir/C_/Users/yoyom/Desktop/Pico/pico-sdk/lib/tinyusb/src/common/tusb_fifo.c.obj
                0x100072cc                tu_fifo_set_overwritable
 .text.adc_init
                0x10007314       0x38 CMakeFiles/pico-w-server.dir/C_/Users/yoyom/Desktop/Pico/pico-sdk/src/rp2_common/hardware_adc/adc.c.obj
                0x10007314                adc_init
 .text.i2c_read_blocking_internal.constprop.0
                0x1000734c       0xb4 CMakeFiles/pico-w-server.dir/C_/Users/yoyom/Desktop/Pico/pico-sdk/src/rp2_common/hardware_i2c/i2c.c.obj
 .text.i2c_write_blocking_internal.constprop.0
                0x10007400       0xd0 CMakeFiles/pico-w-server.dir/C_/Users/yoyom/Desktop/Pico/pico-sdk/src/rp2_common/hardware_i2c/i2c.c.obj
 .text.i2c_set_baudrate
                0x100074d0       0xc0 CMakeFiles/pico-w-server.dir/C_/Users/yoyom/Desktop/Pico/pico-sdk/src/rp2_common/hardware_i2c/i2c.c.obj
                0x100074d0                i2c_set_baudrate
 .text.i2c_init
                0x10007590       0x54 CMakeFiles/pico-w-server.dir/C_/Users/yoyom/Desktop/Pico/pico-sdk/src/rp2_common/hardware_i2c/i2c.c.obj
                0x10007590                i2c_init
 .text.i2c_write_blocking
                0x100075e4       0x14 CMakeFiles/pico-w-server.dir/C_/Users/yoyom/Desktop/Pico/pico-sdk/src/rp2_common/hardware_i2c/i2c.c.obj
                0x100075e4                i2c_write_blocking
 .text.i2c_read_blocking
                0x100075f8       0x14 CMakeFiles/pico-w-server.dir/C_/Users/yoyom/Desktop/Pico/pico-sdk/src/rp2_common/hardware_i2c/i2c.c.obj
                0x100075f8                i2c_read_blocking
 .text.memcmp   0x1000760c       0x48 c:/vsarm/armcc/102021~1.10/bin/../lib/gcc/arm-none-eabi/10.3.1/../../../../arm-none-eabi/lib/thumb/v6-m/nofp\libg.a(lib_a-memcmp.o)
                0x1000760c                memcmp
 .text.strlen   0x10007654       0x5c c:/vsarm/armcc/102021~1.10/bin/../lib/gcc/arm-none-eabi/10.3.1/../../../../arm-none-eabi/lib/thumb/v6-m/nofp\libg.a(lib_a-strlen-stub.o)
                0x10007654                strlen
 .text.two_way_long_needle
                0x100076b0      0x288 c:/vsarm/armcc/102021~1.10/bin/../lib/gcc/arm-none-eabi/10.3.1/../../../../arm-none-eabi/lib/thumb/v6-m/nofp\libg.a(lib_a-strstr.o)
 .text.strstr   0x10007938      0x174 c:/vsarm/armcc/102021~1.10/bin/../lib/gcc/arm-none-eabi/10.3.1/../../../../arm-none-eabi/lib/thumb/v6-m/nofp\libg.a(lib_a-strstr.o)
                0x10007938                strstr
 .text.strchr   0x10007aac       0xc0 c:/vsarm/armcc/102021~1.10/bin/../lib/gcc/arm-none-eabi/10.3.1/../../../../arm-none-eabi/lib/thumb/v6-m/nofp\libg.a(lib_a-strchr.o)
                0x10007aac                strchr
 .text.strnlen  0x10007b6c       0x24 c:/vsarm/armcc/102021~1.10/bin/../lib/gcc/arm-none-eabi/10.3.1/../../../../arm-none-eabi/lib/thumb/v6-m/nofp\libg.a(lib_a-strnlen.o)
                0x10007b6c                strnlen
 *(.fini)
 .fini          0x10007b90        0x4 c:/vsarm/armcc/102021~1.10/bin/../lib/gcc/arm-none-eabi/10.3.1/thumb/v6-m/nofp/crti.o
                0x10007b90                _fini
 *fill*         0x10007b94        0x4 
 .fini.__stub   0x10007b98       0xd0 linker stubs
 *crtbegin.o(.ctors)
 *crtbegin?.o(.ctors)
 *(EXCLUDE_FILE(*crtend.o *crtend?.o) .ctors)
 *(SORT_BY_NAME(.ctors.*))
 *(.ctors)
 *crtbegin.o(.dtors)
 *crtbegin?.o(.dtors)
 *(EXCLUDE_FILE(*crtend.o *crtend?.o) .dtors)
 *(SORT_BY_NAME(.dtors.*))
 *(.dtors)
                0x10007c68                . = ALIGN (0x4)
                0x10007c68                PROVIDE (__preinit_array_start = .)
 *(SORT_BY_NAME(.preinit_array.*))
 .preinit_array.00100
                0x10007c68        0x4 CMakeFiles/pico-w-server.dir/C_/Users/yoyom/Desktop/Pico/pico-sdk/src/rp2_common/pico_runtime_init/runtime_init.c.obj
                0x10007c68                __pre_init_runtime_init_early_resets
 .preinit_array.00101
                0x10007c6c        0x4 CMakeFiles/pico-w-server.dir/C_/Users/yoyom/Desktop/Pico/pico-sdk/src/rp2_common/pico_runtime_init/runtime_init.c.obj
                0x10007c6c                __pre_init_runtime_init_usb_power_down
 .preinit_array.00275
                0x10007c70        0x4 CMakeFiles/pico-w-server.dir/C_/Users/yoyom/Desktop/Pico/pico-sdk/src/rp2_common/pico_bit_ops/bit_ops_aeabi.S.obj
 .preinit_array.00300
                0x10007c74        0x4 CMakeFiles/pico-w-server.dir/C_/Users/yoyom/Desktop/Pico/pico-sdk/src/rp2_common/pico_mem_ops/mem_ops_aeabi.S.obj
 .preinit_array.00350
                0x10007c78        0x4 CMakeFiles/pico-w-server.dir/C_/Users/yoyom/Desktop/Pico/pico-sdk/src/rp2_common/pico_double/double_aeabi_rp2040.S.obj
 .preinit_array.00350
                0x10007c7c        0x4 CMakeFiles/pico-w-server.dir/C_/Users/yoyom/Desktop/Pico/pico-sdk/src/rp2_common/pico_float/float_aeabi_rp2040.S.obj
 .preinit_array.00500
                0x10007c80        0x4 CMakeFiles/pico-w-server.dir/C_/Users/yoyom/Desktop/Pico/pico-sdk/src/rp2_common/pico_runtime_init/runtime_init.c.obj
                0x10007c80                __pre_init_runtime_init_clocks
 .preinit_array.00600
                0x10007c84        0x4 CMakeFiles/pico-w-server.dir/C_/Users/yoyom/Desktop/Pico/pico-sdk/src/rp2_common/pico_runtime_init/runtime_init.c.obj
                0x10007c84                __pre_init_runtime_init_post_clock_resets
 .preinit_array.00700
                0x10007c88        0x4 CMakeFiles/pico-w-server.dir/C_/Users/yoyom/Desktop/Pico/pico-sdk/src/rp2_common/pico_runtime_init/runtime_init.c.obj
                0x10007c88                __pre_init_runtime_init_rp2040_gpio_ie_disable
 .preinit_array.01000
                0x10007c8c        0x4 CMakeFiles/pico-w-server.dir/C_/Users/yoyom/Desktop/Pico/pico-sdk/src/rp2_common/pico_runtime_init/runtime_init.c.obj
                0x10007c8c                __pre_init_runtime_init_spin_locks_reset
 .preinit_array.01100
                0x10007c90        0x4 CMakeFiles/pico-w-server.dir/C_/Users/yoyom/Desktop/Pico/pico-sdk/src/common/pico_sync/mutex.c.obj
                0x10007c90                __pre_init_runtime_init_mutex
 .preinit_array.10080
                0x10007c94        0x4 CMakeFiles/pico-w-server.dir/C_/Users/yoyom/Desktop/Pico/pico-sdk/src/rp2_common/pico_runtime_init/runtime_init.c.obj
                0x10007c94                __pre_init_runtime_init_install_ram_vector_table
 .preinit_array.11000
                0x10007c98        0x4 CMakeFiles/pico-w-server.dir/C_/Users/yoyom/Desktop/Pico/pico-sdk/src/common/pico_time/time.c.obj
                0x10007c98                __pre_init_runtime_init_default_alarm_pool
 .preinit_array.YYYYY
                0x10007c9c        0x4 CMakeFiles/pico-w-server.dir/C_/Users/yoyom/Desktop/Pico/pico-sdk/src/rp2_common/pico_runtime/runtime.c.obj
                0x10007c9c                __pre_init_first_per_core_initializer
 .preinit_array.ZZZZZ.01200
                0x10007ca0        0x4 CMakeFiles/pico-w-server.dir/C_/Users/yoyom/Desktop/Pico/pico-sdk/src/rp2_common/hardware_irq/irq.c.obj
                0x10007ca0                __pre_init_runtime_init_per_core_irq_priorities
 *(.preinit_array)
                0x10007ca4                PROVIDE (__preinit_array_end = .)
                0x10007ca4                . = ALIGN (0x4)
                0x10007ca4                PROVIDE (__init_array_start = .)
 *(SORT_BY_NAME(.init_array.*))
 *(.init_array)
 .init_array    0x10007ca4        0x4 c:/vsarm/armcc/102021~1.10/bin/../lib/gcc/arm-none-eabi/10.3.1/thumb/v6-m/nofp/crtbegin.o
 .init_array    0x10007ca8        0x4 CMakeFiles/pico-w-server.dir/C_/Users/yoyom/Desktop/Pico/pico-sdk/src/rp2_common/pico_unique_id/unique_id.c.obj
                0x10007cac                PROVIDE (__init_array_end = .)
                0x10007cac                . = ALIGN (0x4)
                [!provide]                PROVIDE (__fini_array_start = .)
 *(SORT_BY_NAME(.fini_array.*))
 *(.fini_array)
                [!provide]                PROVIDE (__fini_array_end = .)
 *(.eh_frame*)
 .eh_frame      0x10007cac        0x0 c:/vsarm/armcc/102021~1.10/bin/../lib/gcc/arm-none-eabi/10.3.1/thumb/v6-m/nofp/crtbegin.o
                0x10007cac                . = ALIGN (0x4)

.glue_7         0x10007cac        0x0
 .glue_7        0x10007cac        0x0 linker stubs

.glue_7t        0x10007cac        0x0
 .glue_7t       0x10007cac        0x0 linker stubs

.vfp11_veneer   0x10007cac        0x0
 .vfp11_veneer  0x10007cac        0x0 linker stubs

.v4_bx          0x10007cac        0x0
 .v4_bx         0x10007cac        0x0 linker stubs

.iplt           0x10007cac        0x0
 .iplt          0x10007cac        0x0 c:/vsarm/armcc/102021~1.10/bin/../lib/gcc/arm-none-eabi/10.3.1/thumb/v6-m/nofp/crtbegin.o

.rodata         0x10007cb0      0xc20
 *(EXCLUDE_FILE(*libm.a: *libc.a:*lib_a-mem*.o *libgcc.a:) .rodata*)
 .rodata.send_http_request.part.0.str1.4
                0x10007cb0       0x9f CMakeFiles/pico-w-server.dir/main.c.obj
 *fill*         0x10007d4f        0x1 
 .rodata.send_http_request.constprop.1.str1.4
                0x10007d50       0x90 CMakeFiles/pico-w-server.dir/main.c.obj
 .rodata.main.str1.4
                0x10007de0      0x194 CMakeFiles/pico-w-server.dir/main.c.obj
 .rodata        0x10007f74        0x8 CMakeFiles/pico-w-server.dir/main.c.obj
 .rodata.wait_for_response.str1.4
                0x10007f7c       0x46 CMakeFiles/pico-w-server.dir/wifi_module.c.obj
 *fill*         0x10007fc2        0x2 
 .rodata.send_at_command.str1.4
                0x10007fc4       0x39 CMakeFiles/pico-w-server.dir/wifi_module.c.obj
                                 0x3d (size before relaxing)
 *fill*         0x10007ffd        0x3 
 .rodata.connect_to_wifi.str1.4
                0x10008000       0x84 CMakeFiles/pico-w-server.dir/wifi_module.c.obj
                                 0x88 (size before relaxing)
 .rodata.lsm6dsl_init.str1.4
                0x10008084       0xe6 CMakeFiles/pico-w-server.dir/gyroscope.c.obj
 *fill*         0x1000816a        0x2 
 .rodata.calibrateGyroscope.str1.4
                0x1000816c       0x4b CMakeFiles/pico-w-server.dir/gyroscope.c.obj
 *fill*         0x100081b7        0x1 
 .rodata.processGyroscopeData.str1.4
                0x100081b8       0x90 CMakeFiles/pico-w-server.dir/gyroscope.c.obj
 .rodata.panic.str1.4
                0x10008248       0x10 CMakeFiles/pico-w-server.dir/C_/Users/yoyom/Desktop/Pico/pico-sdk/src/rp2_common/pico_platform_panic/panic.c.obj
                                 0x12 (size before relaxing)
 .rodata.spin_lock_claim_unused.str1.4
                0x10008258       0x1b CMakeFiles/pico-w-server.dir/C_/Users/yoyom/Desktop/Pico/pico-sdk/src/rp2_common/hardware_sync/sync.c.obj
 *fill*         0x10008273        0x1 
 .rodata.user_irq_claim_unused.str1.4
                0x10008274       0x1b CMakeFiles/pico-w-server.dir/C_/Users/yoyom/Desktop/Pico/pico-sdk/src/rp2_common/hardware_irq/irq.c.obj
 *fill*         0x1000828f        0x1 
 .rodata.timer_hardware_alarm_claim.str1.4
                0x10008290       0x22 CMakeFiles/pico-w-server.dir/C_/Users/yoyom/Desktop/Pico/pico-sdk/src/rp2_common/hardware_timer/timer.c.obj
 *fill*         0x100082b2        0x2 
 .rodata.hard_assertion_failure.str1.4
                0x100082b4        0xc CMakeFiles/pico-w-server.dir/C_/Users/yoyom/Desktop/Pico/pico-sdk/src/rp2_common/pico_runtime/runtime.c.obj
 .rodata.missing_double_func_shim.str1.4
                0x100082c0       0x18 CMakeFiles/pico-w-server.dir/C_/Users/yoyom/Desktop/Pico/pico-sdk/src/rp2_common/pico_double/double_init_rom_rp2040.c.obj
 .rodata.missing_float_func_shim.str1.4
                0x100082d8       0x18 CMakeFiles/pico-w-server.dir/C_/Users/yoyom/Desktop/Pico/pico-sdk/src/rp2_common/pico_float/float_init_rom_rp2040.c.obj
                                  0x1 (size before relaxing)
 .rodata.str1.4
                0x100082d8       0x58 CMakeFiles/pico-w-server.dir/C_/Users/yoyom/Desktop/Pico/pico-sdk/src/rp2_common/pico_standard_binary_info/standard_binary_info.c.obj
 .rodata.__bi_26
                0x10008330        0xc CMakeFiles/pico-w-server.dir/C_/Users/yoyom/Desktop/Pico/pico-sdk/src/rp2_common/pico_standard_binary_info/standard_binary_info.c.obj
 .rodata.__bi_34
                0x1000833c        0xc CMakeFiles/pico-w-server.dir/C_/Users/yoyom/Desktop/Pico/pico-sdk/src/rp2_common/pico_standard_binary_info/standard_binary_info.c.obj
 .rodata.__bi_42
                0x10008348        0xc CMakeFiles/pico-w-server.dir/C_/Users/yoyom/Desktop/Pico/pico-sdk/src/rp2_common/pico_standard_binary_info/standard_binary_info.c.obj
 .rodata.__bi_48
                0x10008354        0xc CMakeFiles/pico-w-server.dir/C_/Users/yoyom/Desktop/Pico/pico-sdk/src/rp2_common/pico_standard_binary_info/standard_binary_info.c.obj
 .rodata.__bi_54
                0x10008360        0xc CMakeFiles/pico-w-server.dir/C_/Users/yoyom/Desktop/Pico/pico-sdk/src/rp2_common/pico_standard_binary_info/standard_binary_info.c.obj
 .rodata.__bi_78
                0x1000836c        0xc CMakeFiles/pico-w-server.dir/C_/Users/yoyom/Desktop/Pico/pico-sdk/src/rp2_common/pico_standard_binary_info/standard_binary_info.c.obj
 .rodata.__bi_84
                0x10008378        0xc CMakeFiles/pico-w-server.dir/C_/Users/yoyom/Desktop/Pico/pico-sdk/src/rp2_common/pico_standard_binary_info/standard_binary_info.c.obj
 .rodata._ftoa.str1.4
                0x10008384       0x15 CMakeFiles/pico-w-server.dir/C_/Users/yoyom/Desktop/Pico/pico-sdk/src/rp2_common/pico_printf/printf.c.obj
 *fill*         0x10008399        0x3 
 .rodata._vsnprintf
                0x1000839c      0x1e0 CMakeFiles/pico-w-server.dir/C_/Users/yoyom/Desktop/Pico/pico-sdk/src/rp2_common/pico_printf/printf.c.obj
 *fill*         0x1000857c        0x4 
 .rodata.pow10.0
                0x10008580       0x50 CMakeFiles/pico-w-server.dir/C_/Users/yoyom/Desktop/Pico/pico-sdk/src/rp2_common/pico_printf/printf.c.obj
 .rodata.crlf_str.0
                0x100085d0        0x2 CMakeFiles/pico-w-server.dir/C_/Users/yoyom/Desktop/Pico/pico-sdk/src/rp2_common/pico_stdio/stdio.c.obj
 *fill*         0x100085d2        0x2 
 .rodata._resetd_driver
                0x100085d4       0x20 CMakeFiles/pico-w-server.dir/C_/Users/yoyom/Desktop/Pico/pico-sdk/src/rp2_common/pico_stdio_usb/reset_interface.c.obj
 .rodata.desc_bos
                0x100085f4       0x21 CMakeFiles/pico-w-server.dir/C_/Users/yoyom/Desktop/Pico/pico-sdk/src/rp2_common/pico_stdio_usb/reset_interface.c.obj
                0x100085f4                desc_bos
 *fill*         0x10008615        0x3 
 .rodata.desc_ms_os_20
                0x10008618       0xa6 CMakeFiles/pico-w-server.dir/C_/Users/yoyom/Desktop/Pico/pico-sdk/src/rp2_common/pico_stdio_usb/reset_interface.c.obj
 *fill*         0x100086be        0x2 
 .rodata.str1.4
                0x100086c0       0x13 CMakeFiles/pico-w-server.dir/C_/Users/yoyom/Desktop/Pico/pico-sdk/src/rp2_common/pico_stdio_usb/stdio_usb.c.obj
 *fill*         0x100086d3        0x1 
 .rodata.__bi_197.0
                0x100086d4        0xc CMakeFiles/pico-w-server.dir/C_/Users/yoyom/Desktop/Pico/pico-sdk/src/rp2_common/pico_stdio_usb/stdio_usb.c.obj
 .rodata.str1.4
                0x100086e0       0x2a CMakeFiles/pico-w-server.dir/C_/Users/yoyom/Desktop/Pico/pico-sdk/src/rp2_common/pico_stdio_usb/stdio_usb_descriptors.c.obj
 *fill*         0x1000870a        0x2 
 .rodata.usbd_desc_cfg
                0x1000870c       0x54 CMakeFiles/pico-w-server.dir/C_/Users/yoyom/Desktop/Pico/pico-sdk/src/rp2_common/pico_stdio_usb/stdio_usb_descriptors.c.obj
 .rodata.usbd_desc_device
                0x10008760       0x12 CMakeFiles/pico-w-server.dir/C_/Users/yoyom/Desktop/Pico/pico-sdk/src/rp2_common/pico_stdio_usb/stdio_usb_descriptors.c.obj
 *fill*         0x10008772        0x2 
 .rodata.usbd_desc_str
                0x10008774       0x18 CMakeFiles/pico-w-server.dir/C_/Users/yoyom/Desktop/Pico/pico-sdk/src/rp2_common/pico_stdio_usb/stdio_usb_descriptors.c.obj
 .rodata.str1.4
                0x1000878c       0x14 CMakeFiles/pico-w-server.dir/C_/Users/yoyom/Desktop/Pico/pico-sdk/lib/tinyusb/src/portable/raspberrypi/rp2040/dcd_rp2040.c.obj
 .rodata.str1.4
                0x100087a0       0x48 CMakeFiles/pico-w-server.dir/C_/Users/yoyom/Desktop/Pico/pico-sdk/lib/tinyusb/src/portable/raspberrypi/rp2040/rp2040_usb.c.obj
 .rodata.tud_task_ext
                0x100087e8       0x8c CMakeFiles/pico-w-server.dir/C_/Users/yoyom/Desktop/Pico/pico-sdk/lib/tinyusb/src/device/usbd.c.obj
 .rodata        0x10008874       0x1c CMakeFiles/pico-w-server.dir/C_/Users/yoyom/Desktop/Pico/pico-sdk/lib/tinyusb/src/device/usbd.c.obj
 .rodata._usbd_driver
                0x10008890       0x40 CMakeFiles/pico-w-server.dir/C_/Users/yoyom/Desktop/Pico/pico-sdk/lib/tinyusb/src/device/usbd.c.obj
                0x100088d0                . = ALIGN (0x4)
 *(SORT_BY_ALIGNMENT(SORT_BY_NAME(.flashdata*)))
                0x100088d0                . = ALIGN (0x4)

.ARM.extab
 *(.ARM.extab* .gnu.linkonce.armextab.*)
                0x100088d0                __exidx_start = .

.ARM.exidx
 *(.ARM.exidx* .gnu.linkonce.armexidx.*)
                0x100088d0                __exidx_end = .
                0x100088d0                . = ALIGN (0x4)
                0x100088d0                __binary_info_start = .

.binary_info    0x100088d0       0x20
 *(.binary_info.keep.*)
 .binary_info.keep.__bi_ptr26
                0x100088d0        0x4 CMakeFiles/pico-w-server.dir/C_/Users/yoyom/Desktop/Pico/pico-sdk/src/rp2_common/pico_standard_binary_info/standard_binary_info.c.obj
 .binary_info.keep.__bi_ptr34
                0x100088d4        0x4 CMakeFiles/pico-w-server.dir/C_/Users/yoyom/Desktop/Pico/pico-sdk/src/rp2_common/pico_standard_binary_info/standard_binary_info.c.obj
 .binary_info.keep.__bi_ptr42
                0x100088d8        0x4 CMakeFiles/pico-w-server.dir/C_/Users/yoyom/Desktop/Pico/pico-sdk/src/rp2_common/pico_standard_binary_info/standard_binary_info.c.obj
 .binary_info.keep.__bi_ptr48
                0x100088dc        0x4 CMakeFiles/pico-w-server.dir/C_/Users/yoyom/Desktop/Pico/pico-sdk/src/rp2_common/pico_standard_binary_info/standard_binary_info.c.obj
 .binary_info.keep.__bi_ptr54
                0x100088e0        0x4 CMakeFiles/pico-w-server.dir/C_/Users/yoyom/Desktop/Pico/pico-sdk/src/rp2_common/pico_standard_binary_info/standard_binary_info.c.obj
 .binary_info.keep.__bi_ptr78
                0x100088e4        0x4 CMakeFiles/pico-w-server.dir/C_/Users/yoyom/Desktop/Pico/pico-sdk/src/rp2_common/pico_standard_binary_info/standard_binary_info.c.obj
 .binary_info.keep.__bi_ptr84
                0x100088e8        0x4 CMakeFiles/pico-w-server.dir/C_/Users/yoyom/Desktop/Pico/pico-sdk/src/rp2_common/pico_standard_binary_info/standard_binary_info.c.obj
 *(.binary_info.*)
 .binary_info.__bi_ptr197
                0x100088ec        0x4 CMakeFiles/pico-w-server.dir/C_/Users/yoyom/Desktop/Pico/pico-sdk/src/rp2_common/pico_stdio_usb/stdio_usb.c.obj
                0x100088f0                __binary_info_end = .

.rel.dyn        0x100088f0        0x0
 .rel.iplt      0x100088f0        0x0 c:/vsarm/armcc/102021~1.10/bin/../lib/gcc/arm-none-eabi/10.3.1/thumb/v6-m/nofp/crtbegin.o
                0x100088f0                . = ALIGN (0x4)

.ram_vector_table
                0x20000000       0xc0
 *(.ram_vector_table)
 .ram_vector_table
                0x20000000       0xc0 CMakeFiles/pico-w-server.dir/C_/Users/yoyom/Desktop/Pico/pico-sdk/src/rp2_common/pico_runtime_init/runtime_init.c.obj
                0x20000000                ram_vector_table

.uninitialized_data
                0x200000c0        0x0
                0x200000c0                . = ALIGN (0x4)
 *(.uninitialized_data*)

.data           0x200000c0     0x1098 load address 0x100088f0
                0x200000c0                __data_start__ = .
 *(vtable)
 *(.time_critical*)
 .time_critical.mutex_try_enter
                0x200000c0       0x44 CMakeFiles/pico-w-server.dir/C_/Users/yoyom/Desktop/Pico/pico-sdk/src/common/pico_sync/mutex.c.obj
                0x200000c0                mutex_try_enter
 .time_critical.mutex_try_enter_block_until
                0x20000104       0x9c CMakeFiles/pico-w-server.dir/C_/Users/yoyom/Desktop/Pico/pico-sdk/src/common/pico_sync/mutex.c.obj
                0x20000104                mutex_try_enter_block_until
 .time_critical.mutex_enter_timeout_ms
                0x200001a0       0x90 CMakeFiles/pico-w-server.dir/C_/Users/yoyom/Desktop/Pico/pico-sdk/src/common/pico_sync/mutex.c.obj
                0x200001a0                mutex_enter_timeout_ms
 .time_critical.mutex_exit
                0x20000230       0x28 CMakeFiles/pico-w-server.dir/C_/Users/yoyom/Desktop/Pico/pico-sdk/src/common/pico_sync/mutex.c.obj
                0x20000230                mutex_exit
 .time_critical.flash_init_boot2_copyout
                0x20000258       0x30 CMakeFiles/pico-w-server.dir/C_/Users/yoyom/Desktop/Pico/pico-sdk/src/rp2_common/hardware_flash/flash.c.obj
 .time_critical.flash_enable_xip_via_boot2
                0x20000288       0x10 CMakeFiles/pico-w-server.dir/C_/Users/yoyom/Desktop/Pico/pico-sdk/src/rp2_common/hardware_flash/flash.c.obj
 .time_critical.flash_cs_force
                0x20000298       0x38 CMakeFiles/pico-w-server.dir/C_/Users/yoyom/Desktop/Pico/pico-sdk/src/rp2_common/hardware_flash/flash.c.obj
 .time_critical.flash_do_cmd
                0x200002d0       0xc4 CMakeFiles/pico-w-server.dir/C_/Users/yoyom/Desktop/Pico/pico-sdk/src/rp2_common/hardware_flash/flash.c.obj
                0x200002d0                flash_do_cmd
 .time_critical.reset_non_control_endpoints
                0x20000394       0xbc CMakeFiles/pico-w-server.dir/C_/Users/yoyom/Desktop/Pico/pico-sdk/lib/tinyusb/src/portable/raspberrypi/rp2040/dcd_rp2040.c.obj
 .time_critical.hw_handle_buff_status
                0x20000450       0xa8 CMakeFiles/pico-w-server.dir/C_/Users/yoyom/Desktop/Pico/pico-sdk/lib/tinyusb/src/portable/raspberrypi/rp2040/dcd_rp2040.c.obj
 .time_critical.dcd_rp2040_irq
                0x200004f8      0x554 CMakeFiles/pico-w-server.dir/C_/Users/yoyom/Desktop/Pico/pico-sdk/lib/tinyusb/src/portable/raspberrypi/rp2040/dcd_rp2040.c.obj
 .time_critical.prepare_ep_buffer
                0x20000a4c       0xf4 CMakeFiles/pico-w-server.dir/C_/Users/yoyom/Desktop/Pico/pico-sdk/lib/tinyusb/src/portable/raspberrypi/rp2040/rp2040_usb.c.obj
 .time_critical.sync_ep_buffer
                0x20000b40       0xb4 CMakeFiles/pico-w-server.dir/C_/Users/yoyom/Desktop/Pico/pico-sdk/lib/tinyusb/src/portable/raspberrypi/rp2040/rp2040_usb.c.obj
 .time_critical._hw_endpoint_xfer_sync
                0x20000bf4       0x28 CMakeFiles/pico-w-server.dir/C_/Users/yoyom/Desktop/Pico/pico-sdk/lib/tinyusb/src/portable/raspberrypi/rp2040/rp2040_usb.c.obj
 .time_critical.e15_is_bulkin_ep
                0x20000c1c       0x28 CMakeFiles/pico-w-server.dir/C_/Users/yoyom/Desktop/Pico/pico-sdk/lib/tinyusb/src/portable/raspberrypi/rp2040/rp2040_usb.c.obj
 .time_critical.e15_is_critical_frame_period
                0x20000c44       0x34 CMakeFiles/pico-w-server.dir/C_/Users/yoyom/Desktop/Pico/pico-sdk/lib/tinyusb/src/portable/raspberrypi/rp2040/rp2040_usb.c.obj
 .time_critical.hw_endpoint_reset_transfer
                0x20000c78        0xc CMakeFiles/pico-w-server.dir/C_/Users/yoyom/Desktop/Pico/pico-sdk/lib/tinyusb/src/portable/raspberrypi/rp2040/rp2040_usb.c.obj
                0x20000c78                hw_endpoint_reset_transfer
 .time_critical._hw_endpoint_buffer_control_update32
                0x20000c84       0x50 CMakeFiles/pico-w-server.dir/C_/Users/yoyom/Desktop/Pico/pico-sdk/lib/tinyusb/src/portable/raspberrypi/rp2040/rp2040_usb.c.obj
                0x20000c84                _hw_endpoint_buffer_control_update32
 .time_critical.hw_endpoint_start_next_buffer
                0x20000cd4       0x6c CMakeFiles/pico-w-server.dir/C_/Users/yoyom/Desktop/Pico/pico-sdk/lib/tinyusb/src/portable/raspberrypi/rp2040/rp2040_usb.c.obj
                0x20000cd4                hw_endpoint_start_next_buffer
 .time_critical.hw_endpoint_xfer_continue
                0x20000d40       0x40 CMakeFiles/pico-w-server.dir/C_/Users/yoyom/Desktop/Pico/pico-sdk/lib/tinyusb/src/portable/raspberrypi/rp2040/rp2040_usb.c.obj
                0x20000d40                hw_endpoint_xfer_continue
 .time_critical.tinyusb
                0x20000d80      0x1f0 CMakeFiles/pico-w-server.dir/C_/Users/yoyom/Desktop/Pico/pico-sdk/lib/tinyusb/src/device/usbd.c.obj
                0x20000d80                dcd_event_handler
 *(.text*)
 .text          0x20000f70        0x4 c:/vsarm/armcc/102021~1.10/bin/../lib/gcc/arm-none-eabi/10.3.1/thumb/v6-m/nofp\libgcc.a(_dvmd_tls.o)
                0x20000f70                __aeabi_idiv0
                0x20000f70                __aeabi_ldiv0
 *fill*         0x20000f74        0x4 
 .text.__stub   0x20000f78       0x80 linker stubs
                0x20000ff8                . = ALIGN (0x4)
 *(.rodata*)
                0x20000ff8                . = ALIGN (0x4)
 *(.data*)
 .data.striped_spin_lock_num
                0x20000ff8        0x1 CMakeFiles/pico-w-server.dir/C_/Users/yoyom/Desktop/Pico/pico-sdk/src/rp2_common/hardware_sync/sync.c.obj
 *fill*         0x20000ff9        0x3 
 .data          0x20000ffc       0xd8 CMakeFiles/pico-w-server.dir/C_/Users/yoyom/Desktop/Pico/pico-sdk/src/rp2_common/hardware_irq/irq_handler_chain.S.obj
                0x20000ffc                irq_handler_chain_slots
                0x200010bc                irq_handler_chain_first_slot
                0x200010c6                irq_handler_chain_remove_tail
 .data.default_alarm_pool
                0x200010d4       0x18 CMakeFiles/pico-w-server.dir/C_/Users/yoyom/Desktop/Pico/pico-sdk/src/common/pico_time/time.c.obj
 *fill*         0x200010ec        0x4 
 .data.aeabi_bits_funcs
                0x200010f0       0x10 CMakeFiles/pico-w-server.dir/C_/Users/yoyom/Desktop/Pico/pico-sdk/src/rp2_common/pico_bit_ops/bit_ops_aeabi.S.obj
                0x200010f0                aeabi_bits_funcs
                0x20001100                aeabi_bits_funcs_end
 .data.aeabi_mem_funcs
                0x20001100       0x10 CMakeFiles/pico-w-server.dir/C_/Users/yoyom/Desktop/Pico/pico-sdk/src/rp2_common/pico_mem_ops/mem_ops_aeabi.S.obj
                0x20001100                aeabi_mem_funcs
                0x20001110                aeabi_mem_funcs_end
 .data.stdio_usb
                0x20001110       0x18 CMakeFiles/pico-w-server.dir/C_/Users/yoyom/Desktop/Pico/pico-sdk/src/rp2_common/pico_stdio_usb/stdio_usb.c.obj
                0x20001110                stdio_usb
 .data._usbd_qdef
                0x20001128       0x1c CMakeFiles/pico-w-server.dir/C_/Users/yoyom/Desktop/Pico/pico-sdk/lib/tinyusb/src/device/usbd.c.obj
                0x20001128                _usbd_qdef
 .data._usbd_rhport
                0x20001144        0x1 CMakeFiles/pico-w-server.dir/C_/Users/yoyom/Desktop/Pico/pico-sdk/lib/tinyusb/src/device/usbd.c.obj
 *fill*         0x20001145        0x3 
 .data.i2c0_inst
                0x20001148        0x8 CMakeFiles/pico-w-server.dir/C_/Users/yoyom/Desktop/Pico/pico-sdk/src/rp2_common/hardware_i2c/i2c.c.obj
                0x20001148                i2c0_inst
                0x20001150                . = ALIGN (0x4)
 *(.after_data.*)
                0x20001150                . = ALIGN (0x4)
                0x20001150                PROVIDE (__mutex_array_start = .)
 *(SORT_BY_NAME(.mutex_array.*))
 *(.mutex_array)
 .mutex_array   0x20001150        0x8 CMakeFiles/pico-w-server.dir/C_/Users/yoyom/Desktop/Pico/pico-sdk/src/rp2_common/pico_stdio/stdio.c.obj
                0x20001158                PROVIDE (__mutex_array_end = .)
                0x20001158                . = ALIGN (0x4)
 *(.jcr)
                0x20001158                . = ALIGN (0x4)

.igot.plt       0x20001158        0x0 load address 0x10009988
 .igot.plt      0x20001158        0x0 c:/vsarm/armcc/102021~1.10/bin/../lib/gcc/arm-none-eabi/10.3.1/thumb/v6-m/nofp/crtbegin.o

.tdata          0x20001158        0x0 load address 0x10009988
                0x20001158                . = ALIGN (0x4)
 *(.tdata .tdata.* .gnu.linkonce.td.*)
                0x20001158                __tdata_end = .
                0x20001158                PROVIDE (__data_end__ = .)
                0x100088f0                __etext = LOADADDR (.data)

.tbss           0x20001158        0x0 load address 0x10009988
                0x20001158                . = ALIGN (0x4)
                0x20001158                __bss_start__ = .
                0x20001158                __tls_base = .
 *(.tbss .tbss.* .gnu.linkonce.tb.*)
 *(.tcommon)
                0x20001158                __tls_end = .

.bss            0x20001158     0x1074 load address 0x10009988
                0x20001158                . = ALIGN (0x4)
                0x20001158                __tbss_end = .
 *(SORT_BY_ALIGNMENT(SORT_BY_NAME(.bss*)))
 .bss.default_alarm_pool_entries
                0x20001158      0x180 CMakeFiles/pico-w-server.dir/C_/Users/yoyom/Desktop/Pico/pico-sdk/src/common/pico_time/time.c.obj
 .bss.last_avail_time.1
                0x200012d8        0x8 CMakeFiles/pico-w-server.dir/C_/Users/yoyom/Desktop/Pico/pico-sdk/src/rp2_common/pico_stdio_usb/stdio_usb.c.obj
 .bss.sd_table  0x200012e0      0x100 CMakeFiles/pico-w-server.dir/C_/Users/yoyom/Desktop/Pico/pico-sdk/src/rp2_common/pico_double/double_init_rom_rp2040.c.obj
                0x200012e0                sd_table
 .bss           0x200013e0       0x1c c:/vsarm/armcc/102021~1.10/bin/../lib/gcc/arm-none-eabi/10.3.1/thumb/v6-m/nofp/crtbegin.o
 .bss._app_driver
                0x200013fc        0x4 CMakeFiles/pico-w-server.dir/C_/Users/yoyom/Desktop/Pico/pico-sdk/lib/tinyusb/src/device/usbd.c.obj
 .bss._cdcd_fifo_cfg
                0x20001400        0x1 CMakeFiles/pico-w-server.dir/C_/Users/yoyom/Desktop/Pico/pico-sdk/lib/tinyusb/src/class/cdc/cdc_device.c.obj
 *fill*         0x20001401        0x3 
 .bss._cdcd_itf
                0x20001404      0x2c8 CMakeFiles/pico-w-server.dir/C_/Users/yoyom/Desktop/Pico/pico-sdk/lib/tinyusb/src/class/cdc/cdc_device.c.obj
 .bss._ctrl_xfer
                0x200016cc       0x14 CMakeFiles/pico-w-server.dir/C_/Users/yoyom/Desktop/Pico/pico-sdk/lib/tinyusb/src/device/usbd_control.c.obj
 .bss._ubsd_mutexdef
                0x200016e0        0x8 CMakeFiles/pico-w-server.dir/C_/Users/yoyom/Desktop/Pico/pico-sdk/lib/tinyusb/src/device/usbd.c.obj
 .bss._usbd_ctrl_buf
                0x200016e8       0x40 CMakeFiles/pico-w-server.dir/C_/Users/yoyom/Desktop/Pico/pico-sdk/lib/tinyusb/src/device/usbd_control.c.obj
 .bss._usbd_dev
                0x20001728       0x54 CMakeFiles/pico-w-server.dir/C_/Users/yoyom/Desktop/Pico/pico-sdk/lib/tinyusb/src/device/usbd.c.obj
 .bss._usbd_mutex
                0x2000177c        0x4 CMakeFiles/pico-w-server.dir/C_/Users/yoyom/Desktop/Pico/pico-sdk/lib/tinyusb/src/device/usbd.c.obj
 .bss._usbd_q   0x20001780        0x4 CMakeFiles/pico-w-server.dir/C_/Users/yoyom/Desktop/Pico/pico-sdk/lib/tinyusb/src/device/usbd.c.obj
 .bss._usbd_qdef_buf
                0x20001784       0xc0 CMakeFiles/pico-w-server.dir/C_/Users/yoyom/Desktop/Pico/pico-sdk/lib/tinyusb/src/device/usbd.c.obj
                0x20001784                _usbd_qdef_buf
 .bss._vendord_itf
                0x20001844      0x2bc CMakeFiles/pico-w-server.dir/C_/Users/yoyom/Desktop/Pico/pico-sdk/lib/tinyusb/src/class/vendor/vendor_device.c.obj
 .bss.boot2_copyout
                0x20001b00      0x100 CMakeFiles/pico-w-server.dir/C_/Users/yoyom/Desktop/Pico/pico-sdk/src/rp2_common/hardware_flash/flash.c.obj
 .bss.chars_available_callback
                0x20001c00        0x4 CMakeFiles/pico-w-server.dir/C_/Users/yoyom/Desktop/Pico/pico-sdk/src/rp2_common/pico_stdio_usb/stdio_usb.c.obj
 .bss.chars_available_param
                0x20001c04        0x4 CMakeFiles/pico-w-server.dir/C_/Users/yoyom/Desktop/Pico/pico-sdk/src/rp2_common/pico_stdio_usb/stdio_usb.c.obj
 .bss.claimed   0x20001c08        0x4 CMakeFiles/pico-w-server.dir/C_/Users/yoyom/Desktop/Pico/pico-sdk/src/rp2_common/hardware_sync/sync.c.obj
 .bss.claimed   0x20001c0c        0x1 CMakeFiles/pico-w-server.dir/C_/Users/yoyom/Desktop/Pico/pico-sdk/src/rp2_common/hardware_timer/timer.c.obj
 *fill*         0x20001c0d        0x3 
 .bss.configured_freq
                0x20001c10       0x28 CMakeFiles/pico-w-server.dir/C_/Users/yoyom/Desktop/Pico/pico-sdk/src/rp2_common/hardware_clocks/clocks.c.obj
 .bss.desc_str.0
                0x20001c38       0x28 CMakeFiles/pico-w-server.dir/C_/Users/yoyom/Desktop/Pico/pico-sdk/src/rp2_common/pico_stdio_usb/stdio_usb_descriptors.c.obj
 .bss.drivers   0x20001c60        0x4 CMakeFiles/pico-w-server.dir/C_/Users/yoyom/Desktop/Pico/pico-sdk/src/rp2_common/pico_stdio/stdio.c.obj
 .bss.e15_last_sof
                0x20001c64        0x4 CMakeFiles/pico-w-server.dir/C_/Users/yoyom/Desktop/Pico/pico-sdk/lib/tinyusb/src/portable/raspberrypi/rp2040/rp2040_usb.c.obj
                0x20001c64                e15_last_sof
 .bss.filter    0x20001c68        0x4 CMakeFiles/pico-w-server.dir/C_/Users/yoyom/Desktop/Pico/pico-sdk/src/rp2_common/pico_stdio/stdio.c.obj
 .bss.gyroZ_offset
                0x20001c6c        0x4 CMakeFiles/pico-w-server.dir/gyroscope.c.obj
 .bss.hw_endpoints
                0x20001c70      0x400 CMakeFiles/pico-w-server.dir/C_/Users/yoyom/Desktop/Pico/pico-sdk/lib/tinyusb/src/portable/raspberrypi/rp2040/dcd_rp2040.c.obj
 .bss.lazy_vsnprintf
                0x20002070        0x4 CMakeFiles/pico-w-server.dir/C_/Users/yoyom/Desktop/Pico/pico-sdk/src/rp2_common/pico_printf/printf.c.obj
 .bss.load_value
                0x20002074        0x4 CMakeFiles/pico-w-server.dir/C_/Users/yoyom/Desktop/Pico/pico-sdk/src/rp2_common/hardware_watchdog/watchdog.c.obj
 .bss.next_buffer_ptr
                0x20002078        0x4 CMakeFiles/pico-w-server.dir/C_/Users/yoyom/Desktop/Pico/pico-sdk/lib/tinyusb/src/portable/raspberrypi/rp2040/dcd_rp2040.c.obj
 .bss.one_shot_timer_crit_sec
                0x2000207c        0x8 CMakeFiles/pico-w-server.dir/C_/Users/yoyom/Desktop/Pico/pico-sdk/src/rp2_common/pico_stdio_usb/stdio_usb.c.obj
 .bss.pools     0x20002084       0x10 CMakeFiles/pico-w-server.dir/C_/Users/yoyom/Desktop/Pico/pico-sdk/src/common/pico_time/time.c.obj
 .bss.retrieved_id
                0x20002094        0x8 CMakeFiles/pico-w-server.dir/C_/Users/yoyom/Desktop/Pico/pico-sdk/src/rp2_common/pico_unique_id/unique_id.c.obj
 .bss.sf_clz_func
                0x2000209c        0x4 CMakeFiles/pico-w-server.dir/C_/Users/yoyom/Desktop/Pico/pico-sdk/src/rp2_common/pico_double/double_init_rom_rp2040.c.obj
                0x2000209c                sf_clz_func
 .bss.sf_table  0x200020a0      0x100 CMakeFiles/pico-w-server.dir/C_/Users/yoyom/Desktop/Pico/pico-sdk/src/rp2_common/pico_float/float_init_rom_rp2040.c.obj
                0x200020a0                sf_table
 .bss.sleep_notifier
                0x200021a0        0x4 CMakeFiles/pico-w-server.dir/C_/Users/yoyom/Desktop/Pico/pico-sdk/src/common/pico_time/time.c.obj
 .bss.stdio_usb_mutex
                0x200021a4        0x8 CMakeFiles/pico-w-server.dir/C_/Users/yoyom/Desktop/Pico/pico-sdk/src/rp2_common/pico_stdio_usb/stdio_usb.c.obj
 .bss.uart_char_to_line_feed
                0x200021ac        0x4 CMakeFiles/pico-w-server.dir/C_/Users/yoyom/Desktop/Pico/pico-sdk/src/rp2_common/hardware_uart/uart.c.obj
                0x200021ac                uart_char_to_line_feed
 .bss.usbd_serial_str
                0x200021b0       0x11 CMakeFiles/pico-w-server.dir/C_/Users/yoyom/Desktop/Pico/pico-sdk/src/rp2_common/pico_stdio_usb/stdio_usb_descriptors.c.obj
 .bss._app_driver_count
                0x200021c1        0x1 CMakeFiles/pico-w-server.dir/C_/Users/yoyom/Desktop/Pico/pico-sdk/lib/tinyusb/src/device/usbd.c.obj
 .bss._sof_enable
                0x200021c2        0x1 CMakeFiles/pico-w-server.dir/C_/Users/yoyom/Desktop/Pico/pico-sdk/lib/tinyusb/src/portable/raspberrypi/rp2040/dcd_rp2040.c.obj
 .bss._usbd_queued_setup
                0x200021c3        0x1 CMakeFiles/pico-w-server.dir/C_/Users/yoyom/Desktop/Pico/pico-sdk/lib/tinyusb/src/device/usbd.c.obj
 .bss.boot2_copyout_valid
                0x200021c4        0x1 CMakeFiles/pico-w-server.dir/C_/Users/yoyom/Desktop/Pico/pico-sdk/src/rp2_common/hardware_flash/flash.c.obj
 .bss.currentState.0
                0x200021c5        0x1 CMakeFiles/pico-w-server.dir/gyroscope.c.obj
 .bss.irq_handler_chain_free_slot_head
                0x200021c6        0x1 CMakeFiles/pico-w-server.dir/C_/Users/yoyom/Desktop/Pico/pico-sdk/src/rp2_common/hardware_irq/irq.c.obj
 .bss.itf_num   0x200021c7        0x1 CMakeFiles/pico-w-server.dir/C_/Users/yoyom/Desktop/Pico/pico-sdk/src/rp2_common/pico_stdio_usb/reset_interface.c.obj
 .bss.low_priority_irq_num
                0x200021c8        0x1 CMakeFiles/pico-w-server.dir/C_/Users/yoyom/Desktop/Pico/pico-sdk/src/rp2_common/pico_stdio_usb/stdio_usb.c.obj
 .bss.one_shot_timer_pending
                0x200021c9        0x1 CMakeFiles/pico-w-server.dir/C_/Users/yoyom/Desktop/Pico/pico-sdk/src/rp2_common/pico_stdio_usb/stdio_usb.c.obj
 .bss.user_irq_claimed
                0x200021ca        0x1 CMakeFiles/pico-w-server.dir/C_/Users/yoyom/Desktop/Pico/pico-sdk/src/rp2_common/hardware_irq/irq.c.obj
 *(COMMON)
                0x200021cc                . = ALIGN (0x4)
 *fill*         0x200021cb        0x1 
                0x200021cc                __bss_end__ = .

.heap           0x200021cc      0x800 load address 0x10009988
                0x200021cc                __end__ = .
                0x200021cc                end = __end__
 *(.heap*)